Mono path[0] = 'G:/SteamLibrary/steamapps/common/RimWorld/RimWorldWin64_Data/Managed'
Mono config path = 'G:/SteamLibrary/steamapps/common/RimWorld/MonoBleedingEdge/etc'
[PhysX] Initialized MultithreadedTaskDispatcher with 16 workers.
Initialize engine version: 2022.3.35f1 (011206c7a712)
[Subsystems] Discovering subsystems at path G:/SteamLibrary/steamapps/common/RimWorld/RimWorldWin64_Data/UnitySubsystems
GfxDevice: creating device client; threaded=0; jobified=0
Direct3D:
    Version:  Direct3D 11.0 [level 11.1]
    Renderer: NVIDIA GeForce RTX 4070 Ti SUPER (ID=0x2705)
    Vendor:   NVIDIA
    VRAM:     16061 MB
    Driver:   32.0.15.9186
Begin MonoManager ReloadAssembly
- Loaded All Assemblies, in  0.076 seconds
- Finished resetting the current domain, in  0.001 seconds
[PhysX] Initialized MultithreadedTaskDispatcher with 16 workers.
UnloadTime: 0.475400 ms
Command line arguments: -batchmode -screen-fullscreen 0 -screen-width 960 -screen-height 640 -savedatafolder=C:\Users\choco\AppData\Local\mapgen-ai-probe\profile-20260913-234204 -mapgenAIProbe=F:\Projects\Rimworld\active\mapgen_ai\docs\analysis\2026-09-13-text-regions\native-final -logFile F:\Projects\Rimworld\active\mapgen_ai\docs\analysis\2026-09-13-text-regions\native-final\Player.log -mapgenAITextRegions=true -mapgenAITextResponses=F:\Projects\Rimworld\active\mapgen_ai\docs\analysis\2026-09-13-text-regions\provider-r1
RimWorld 1.6.4871 rev591
Save data folder overridden to C:\Users\choco\AppData\Local\mapgen-ai-probe\profile-20260913-234204
Mod Draconis Koelime Fix dependency (Draconis.Koelime) needs to have <downloadUrl> and/or <steamWorkshopUrl> specified.
Mod Draconis Koelime Fix dependency (brrainz.harmony) needs to have <downloadUrl> and/or <steamWorkshopUrl> specified.
Mod World Domination dependency (vanillaexpanded.outposts) needs to have <downloadUrl> and/or <steamWorkshopUrl> specified.
Mod World Domination dependency (oskarpotocki.vanillafactionsexpanded.core) needs to have <downloadUrl> and/or <steamWorkshopUrl> specified.
Mod World Domination dependency (brrainz.harmony) needs to have <downloadUrl> and/or <steamWorkshopUrl> specified.
Mod Paniel: The Hidden Protocol dependency (kalospacer.AhnDemi.PanieltheAutomata) needs to have <downloadUrl> and/or <steamWorkshopUrl> specified.
Mod Yuran Furshaved Continue has a dependency (RooAndGloomy.YuranRaceMod) with empty display name.
Mod Yuran Furshaved Continue dependency (RooAndGloomy.YuranRaceMod) needs to have <downloadUrl> and/or <steamWorkshopUrl> specified.
Mod Roren Facial Animation dependency (Po210.RorenRaceModOfficial) needs to have <downloadUrl> and/or <steamWorkshopUrl> specified.
Mod Ratkin Gene Expanded dependency (EoralMilk.PawnTextureOffsetAdjuster) needs to have <downloadUrl> and/or <steamWorkshopUrl> specified.
Mod Taste of Vanilla - The Alpha Mythology dependency (sarg.magicalmenagerie) needs to have <downloadUrl> and/or <steamWorkshopUrl> specified.
Tried loading mod with the same packageId multiple times: Owlchemist.MidSaverSaver. Ignoring the duplicates.
G:\SteamLibrary\steamapps\workshop\content\294100\2921585989
G:\SteamLibrary\steamapps\workshop\content\294100\3261311100
Fallback handler could not load library G:/SteamLibrary/steamapps/common/RimWorld/RimWorldWin64_Data/MonoBleedingEdge/data-000001A0AF28D020.dll
Fallback handler could not load library G:/SteamLibrary/steamapps/common/RimWorld/RimWorldWin64_Data/MonoBleedingEdge/data-000001A0AF2A4B60.dll
Fallback handler could not load library G:/SteamLibrary/steamapps/common/RimWorld/RimWorldWin64_Data/MonoBleedingEdge/data-000001A0AFAC29E0.dll
[TrueTerrainColors v1.12.26] Extracted true colors from 384 terrain defs in 0.05 seconds.
Unloading 5 Unused Serialized files (Serialized files now loaded: 5)
[MapGenAI] 저장된 이미지 지형이 손상되어 복구했습니다. 확인 후 다시 적용하세요. / Invalid saved image terrain was repaired; review before applying.
[MapGenAI] 저장된 이미지 지형이 손상되어 복구했습니다. 확인 후 다시 적용하세요. / Invalid saved image terrain was repaired; review before applying.
Unloading 99 unused Assets to reduce memory usage. Loaded Objects now: 26487.
Total: 151.394900 ms (FindLiveObjects: 1.054500 ms CreateObjectMapping: 0.414500 ms MarkObjects: 149.619600 ms  DeleteObjects: 0.306000 ms)

Unloading 3 Unused Serialized files (Serialized files now loaded: 5)
[PhysX] Initialized MultithreadedTaskDispatcher with 16 workers.
UnloadTime: 1.606300 ms
Unloading 3 unused Assets to reduce memory usage. Loaded Objects now: 26666.
Total: 140.333300 ms (FindLiveObjects: 1.033400 ms CreateObjectMapping: 0.322400 ms MarkObjects: 138.932000 ms  DeleteObjects: 0.045100 ms)

Initializing new game with mods:
  - brrainz.harmony
  - Ludeon.RimWorld
  - Ludeon.RimWorld.Royalty
  - Ludeon.RimWorld.Ideology
  - Ludeon.RimWorld.Biotech
  - Ludeon.RimWorld.Anomaly
  - Ludeon.RimWorld.Odyssey
  - m00nl1ght.MapPreview
  - choco.mapgenai.probe.20260913234204
Unloading 1 Unused Serialized files (Serialized files now loaded: 5)
[MapGenAI] Applied state to tile 23
[TextRegionProbe] True paused actual dialog image application rejects without state changes
[TextRegionProbe] True paused image dialog cannot start import or API work
[MapGenAI] Applied state to tile 23
[TextRegionProbe] True real Scribe preserves structures, CSG and dormant image data
[TextRegionProbe] True old Scribe without structures remains loadable and retains images
[TextRegionProbe] True active native material lava
[TextRegionProbe] True active native material cooled_lava
[TextRegionProbe] True active native material volcanic_rock
[TextRegionProbe] True active native material gravel
[TextRegionProbe] True lava uses native heat, burn damage and impassable terrain properties
[TextRegionProbe] True unsupported material rejects: LavaShallow
[TextRegionProbe] True unsupported material rejects: UnknownPlanetMatter
[TextRegionProbe] True unsupported material rejects: WaterOceanDeep
[MapGenAI] Applied state to tile 23
[MapGenAI] HandleResponse 원문: {"action":"generate","description":"중앙 섬 지형은 그대로 유지하고, 해자(moat)의 물을 깊은 용암(lava)으로 변경했습니다.","params":{"shape_ops":[{"op":"update","id":"moat","changes":{"compose":[{"a":"inner","b":null,"e":0,"f":0.002,"fill":"lava","from":"outer","k":0,"op":"sub","outId":null,"s":null}]}}]}}
[MapGenAI] 파싱된 action: generate
[MapGenAI] Applied state to tile 23
[TextRegionProbe] True actual model dialog apply lava-fill
[MapGenAI] Applied state to tile 23
[TextRegionProbe] True model Undo/ask preserves entire state lava-fill
[MapGenAI] Applied state to tile 23
[MapGenAI] Applied state to tile 23
[MapGenAI] HandleResponse 원문: {
  "action": "generate",
  "description": "island 영역 내부에 작은 폐허 2개를 배치하도록 설정했습니다.",
  "params": {
    "structure_ops": [
      {
        "op": "add",
        "structure": {
          "id": "ruins_island",
          "kind": "ruin",
          "region": "island",
          "width": 7,
          "height": 7,
          "count": 2
        }
      }
    ]
  }
}
[MapGenAI] 파싱된 action: generate
[MapGenAI] Applied state to tile 23
[TextRegionProbe] True actual model dialog apply ruin-island
[MapGenAI] Applied state to tile 23
[TextRegionProbe] True model Undo/ask preserves entire state ruin-island
[MapGenAI] Applied state to tile 23
[MapGenAI] Applied state to tile 23
[MapGenAI] HandleResponse 원문: {
  "action": "generate",
  "description": "island 영역을 [0.7, 0.65] 위치로 이동했습니다. 해당 영역(island)에 연결된 폐허(ruins_1)는 이동한 섬 위치를 따라 자동으로 함께 배치됩니다.",
  "params": {
    "shape_ops": [
      {
        "op": "move",
        "id": "island",
        "position": [0.7, 0.65]
      }
    ]
  }
}
[MapGenAI] 파싱된 action: generate
[MapGenAI] Applied state to tile 23
[TextRegionProbe] True actual model dialog apply move-island
[MapGenAI] Applied state to tile 23
[TextRegionProbe] True model Undo/ask preserves entire state move-island
[MapGenAI] Applied state to tile 23
[MapGenAI] Applied state to tile 23
[MapGenAI] HandleResponse 원문: {"action":"generate","description":"ruins_1 폐허의 개수를 1개로 줄였습니다. 다른 지형과 설정은 그대로 유지됩니다.","params":{"structure_ops":[{"changes":{"count":1},"id":"ruins_1","op":"update"}]}}
[MapGenAI] 파싱된 action: generate
[MapGenAI] Applied state to tile 23
[TextRegionProbe] True actual model dialog apply ruin-count
[MapGenAI] Applied state to tile 23
[TextRegionProbe] True model Undo/ask preserves entire state ruin-count
[MapGenAI] Applied state to tile 23
[MapGenAI] Applied state to tile 23
[MapGenAI] HandleResponse 원문: {
  "action": "generate",
  "description": "island 섬 영역과 해당 영역에 배치되었던 유적(ruins_1)을 삭제하고, 용암 해자(moat)는 그대로 유지합니다.",
  "params": {
    "shape_ops": [
      {
        "op": "remove",
        "id": "island"
      }
    ],
    "structure_ops": [
      {
        "op": "remove",
        "id": "ruins_1"
      }
    ]
  }
}
[MapGenAI] 파싱된 action: generate
[MapGenAI] Applied state to tile 23
[TextRegionProbe] True actual model dialog apply remove-area
[MapGenAI] Applied state to tile 23
[TextRegionProbe] True model Undo/ask preserves entire state remove-area
[MapGenAI] Applied state to tile 23
[MapGenAI] Applied state to tile 23
[MapGenAI] HandleResponse 원문: {"action":"generate","description":"해자(moat)의 채움 재료를 화산암(VolcanicRock)으로 변경했습니다.","params":{"shape_ops":[{"op":"update","id":"moat","changes":{"fill":"VolcanicRock"}}]}}
[MapGenAI] 파싱된 action: generate
[MapGenAI] Applied state to tile 23
[TextRegionProbe] True actual model dialog apply material-volcanic
[MapGenAI] Applied state to tile 23
[TextRegionProbe] True model Undo/ask preserves entire state material-volcanic
[MapGenAI] Applied state to tile 23
[MapGenAI] Applied state to tile 23
[MapGenAI] HandleResponse 원문: {"action":"ask","message":"현재 림월드 및 활성화된 모드에 '초콜릿' 재질의 지형(TerrainDef)이 존재하지 않아 채울 수 없습니다. 요청하신 대로 다른 지형으로 임의 대체하지 않았습니다. 대신 진흙(Mud), 늪지(Marsh), 또는 다른 활성 지형으로 변경하시겠습니까?"}
[MapGenAI] 파싱된 action: ask
[TextRegionProbe] True actual model explanation unknown-material
[TextRegionProbe] True model Undo/ask preserves entire state unknown-material
[MapGenAI] Applied state to tile 23
[MapGenAI] Applied state to tile 23
[MapGenAI] HandleResponse 원문: {"action":"ask","message":"현재 특정 위치에 직접 지정해 배치할 수 있는 구조물(`structure_ops`)은 지붕·적·전리품이 없는 파손된 화강암 벽/바닥 형태의 일반 유적(`ruin`)만 지원됩니다.\n\n적(동면관/메카노이드/곤충 등)과 전리품이 포함된 완전한 고대 위협 구조물은 좌표나 특정 영역(`island`)을 직접 지정하여 생성하는 기능이 지원되지 않습니다. 대신 전체 맵을 대상으로 `danger_density` 파라미터를 조절하여 자연 생성 빈도를 높이는 것만 가능합니다.\n\n중앙 섬(`island`)에 전리품/적이 없는 일반 유적(`ruin`)이라도 배치해 드릴까요, 아니면 전체 고대 위협 밀도(`danger_density`)를 높여 드릴까요?"}
[MapGenAI] 파싱된 action: ask
[TextRegionProbe] True actual model explanation ancient-danger-position
[TextRegionProbe] True model Undo/ask preserves entire state ancient-danger-position
[MapGenAI] Applied state to tile 23
[MapGenAI] Applied state to tile 23
[MapGenAI] HandleResponse 원문: {"action":"ask","message":"현재 이미지 입력 및 이미지 기반 맵 생성/해석 기능은 일시적으로 지원이 중단된 상태입니다. 이미지 대신 원하시는 지형의 형태(예: 호수의 모양, 산맥의 위치, 섬의 크기 등)나 배치를 텍스트로 설명해 주시면 정밀하게 생성해 드릴 수 있습니다. 어떤 형태의 맵을 만들고 싶으신가요?"}
[MapGenAI] 파싱된 action: ask
[TextRegionProbe] True actual model explanation image-paused
[TextRegionProbe] True model Undo/ask preserves entire state image-paused
[MapGenAI] Applied state to tile 23
[MapGenAI] Applied state to tile 23
[MapGenAI] HandleResponse 원문: {
  "action": "generate",
  "description": "중앙의 평평한 토양 섬과 주변을 감싸는 도넛 형태의 용암 호수를 생성하고 섬 내부에 작은 유적을 배치합니다.",
  "params": {
    "shape_ops": [
      {
        "op": "add",
        "shape": {
          "id": "lava_moat",
          "type": "composite",
          "shapes": [
            {
              "id": "outer_circle",
              "prim": "circle",
              "center": [0.5, 0.5],
              "r": 0.35
            },
            {
              "id": "inner_circle",
              "prim": "circle",
              "center": [0.5, 0.5],
              "r": 0.18
            }
          ],
          "compose": [
            {
              "op": "sub",
              "from": "outer_circle",
              "a": "inner_circle",
              "out": "ring_moat"
            },
            {
              "op": "add",
              "s": "ring_moat",
              "fill": "LavaDeep",
              "e": 0.0
            }
          ]
        }
      },
      {
        "op": "add",
        "shape": {
          "id": "center_island",
          "type": "composite",
          "shapes": [
            {
              "id": "island_shape",
              "prim": "circle",
              "center": [0.5, 0.5],
              "r": 0.17
            }
          ],
          "compose": [
            {
              "op": "add",
              "s": "island_shape",
              "fill": "Soil",
              "e": 0.05
            }
          ]
        }
      }
    ],
    "structure_ops": [
      {
        "op": "add",
        "structure": {
          "id": "ruin_island",
          "kind": "ruin",
          "region": "center_island",
          "width": 9,
          "height": 9,
          "count": 1
        }
      }
    ]
  }
}
[MapGenAI] 파싱된 action: generate
[MapGenAI] Applied state to tile 23
[TextRegionProbe] True actual model dialog apply lava-from-scratch
[MapGenAI] Applied state to tile 23
[TextRegionProbe] True model Undo/ask preserves entire state lava-from-scratch
[MapGenAI] Applied state to tile 23
[MapGenAI] Applied state to tile 23
[MapGenAI] 식생 밀도 적용: 0.00
[MapGenAI] 동물 밀도 적용: 0.00
[MapGenAI] 간헐천 수 적용: 0개, range=0.00~0.00 (원본=0.70~1.00)
[MapGenAI] 폐허 밀도 적용: 0.00 (보정=0.00), range=0.0~0.0
[MapGenAI] 위험 밀도 적용: 0.00 (보정=0.00), range=0.0~0.0
[TextRegionProbe] True lava-island: result tied to exact generation state
[TextRegionProbe] True lava-island: no authored generation errors
[TextRegionProbe] True lava-island: requested ruin count generated
[TextRegionProbe] True lava-island: full footprint and actual walls/floors inside safe region
[TextRegionProbe] True lava-island: full footprint and actual walls/floors inside safe region
[TextRegionProbe] True lava-island: actual lava rather than substituted water
[TextRegionProbe] True lava-island: generation does not mutate plan/world features
[TextRegionProbe] True lava-island: scope disposed
[MapGenAI] Applied state to tile 24
[MapGenAI] 식생 밀도 적용: 0.00
[MapGenAI] 동물 밀도 적용: 0.00
[MapGenAI] 간헐천 수 적용: 0개, range=0.00~0.00 (원본=0.70~1.00)
[MapGenAI] 폐허 밀도 적용: 0.00 (보정=0.00), range=0.0~0.0
[MapGenAI] 위험 밀도 적용: 0.00 (보정=0.00), range=0.0~0.0
[TextRegionProbe] True moved-island: result tied to exact generation state
[TextRegionProbe] True moved-island: no authored generation errors
[TextRegionProbe] True moved-island: requested ruin count generated
[TextRegionProbe] True moved-island: full footprint and actual walls/floors inside safe region
[TextRegionProbe] True moved-island: full footprint and actual walls/floors inside safe region
[TextRegionProbe] True moved-island: actual lava rather than substituted water
[TextRegionProbe] True moved-island: generation does not mutate plan/world features
[TextRegionProbe] True moved-island: scope disposed
[MapGenAI] Applied state to tile 35
[MapGenAI] 식생 밀도 적용: 0.00
[MapGenAI] 동물 밀도 적용: 0.00
[MapGenAI] 간헐천 수 적용: 0개, range=0.00~0.00 (원본=0.70~1.00)
[MapGenAI] 폐허 밀도 적용: 0.00 (보정=0.00), range=0.0~0.0
[MapGenAI] 위험 밀도 적용: 0.00 (보정=0.00), range=0.0~0.0
[TextRegionProbe] True water-to-lava: result tied to exact generation state
[TextRegionProbe] True water-to-lava: no authored generation errors
[TextRegionProbe] True water-to-lava: requested ruin count generated
[TextRegionProbe] True water-to-lava: actual lava rather than substituted water
[TextRegionProbe] True water-to-lava: generation does not mutate plan/world features
[TextRegionProbe] True water-to-lava: scope disposed
[MapGenAI] Applied state to tile 58
[MapGenAI] 식생 밀도 적용: 0.00
[MapGenAI] 동물 밀도 적용: 0.00
[MapGenAI] 간헐천 수 적용: 0개, range=0.00~0.00 (원본=0.70~1.00)
[MapGenAI] 폐허 밀도 적용: 0.00 (보정=0.00), range=0.0~0.0
[MapGenAI] 위험 밀도 적용: 0.00 (보정=0.00), range=0.0~0.0
[TextRegionProbe] True natural-lava: result tied to exact generation state
[TextRegionProbe] True natural-lava: no authored generation errors
[TextRegionProbe] True natural-lava: requested ruin count generated
[TextRegionProbe] True natural-lava: full footprint and actual walls/floors inside safe region
[TextRegionProbe] True natural-lava: full footprint and actual walls/floors inside safe region
[TextRegionProbe] True natural-lava: actual lava rather than substituted water
[TextRegionProbe] True natural-lava: generation does not mutate plan/world features
[TextRegionProbe] True natural-lava: scope disposed
[MapGenAI] Applied state to tile 59
[MapGenAI] 식생 밀도 적용: 0.00
[MapGenAI] 동물 밀도 적용: 0.00
[MapGenAI] 간헐천 수 적용: 0개, range=0.00~0.00 (원본=0.70~1.00)
[MapGenAI] 폐허 밀도 적용: 0.00 (보정=0.00), range=0.0~0.0
[MapGenAI] 위험 밀도 적용: 0.00 (보정=0.00), range=0.0~0.0
[TextRegionProbe] True materials: result tied to exact generation state
[TextRegionProbe] True materials: no authored generation errors
[TextRegionProbe] True materials: requested ruin count generated
[TextRegionProbe] True actual fill generated LavaDeep
[TextRegionProbe] True actual fill generated CooledLava
[TextRegionProbe] True actual fill generated VolcanicRock
[TextRegionProbe] True actual fill generated Gravel
[TextRegionProbe] True materials: generation does not mutate plan/world features
[TextRegionProbe] True materials: scope disposed
[MapGenAI] Applied state to tile 133
[MapGenAI] 식생 밀도 적용: 0.00
[MapGenAI] 동물 밀도 적용: 0.00
[MapGenAI] 간헐천 수 적용: 0개, range=0.00~0.00 (원본=0.70~1.00)
[MapGenAI] 폐허 밀도 적용: 0.00 (보정=0.00), range=0.0~0.0
[MapGenAI] 위험 밀도 적용: 0.00 (보정=0.00), range=0.0~0.0
[MapGenAI] Authored generation: 유적 배치 실패 / Ruin placement failed [cannot_fit]: 지정 영역에 전체 크기 11×9, 1개를 놓을 안전한 공간이 없습니다. 영역 확대·크기/개수 축소·평탄화를 요청하세요. / Expand the region, reduce size/count or flatten it. No positioned structures were spawned.
[TextRegionProbe] True capacity-failure: result tied to exact generation state
[TextRegionProbe] True capacity failure reports all-or-none placement
[TextRegionProbe] True capacity-failure: generation does not mutate plan/world features
[TextRegionProbe] True capacity-failure: scope disposed
[MapGenAI] Applied state to tile 139
[MapGenAI] 식생 밀도 적용: 0.00
[MapGenAI] 동물 밀도 적용: 0.00
[MapGenAI] 간헐천 수 적용: 0개, range=0.00~0.00 (원본=0.70~1.00)
[MapGenAI] 폐허 밀도 적용: 0.00 (보정=0.00), range=0.0~0.0
[MapGenAI] 위험 밀도 적용: 0.00 (보정=0.00), range=0.0~0.0
[TextRegionProbe] True image-paused: result tied to exact generation state
[TextRegionProbe] True image-paused: no authored generation errors
[TextRegionProbe] True image-paused: requested ruin count generated
[TextRegionProbe] True image-paused: full footprint and actual walls/floors inside safe region
[TextRegionProbe] True image-paused: full footprint and actual walls/floors inside safe region
[TextRegionProbe] True image-paused: actual lava rather than substituted water
[TextRegionProbe] True saved all-water image has no generation effect and remains saved
[TextRegionProbe] True image-paused: generation does not mutate plan/world features
[TextRegionProbe] True image-paused: scope disposed
[MapGenAI] Applied state to tile 141
[MapGenAI] 식생 밀도 적용: 0.00
[MapGenAI] 동물 밀도 적용: 0.00
[MapGenAI] 간헐천 수 적용: 0개, range=0.00~0.00 (원본=0.70~1.00)
[MapGenAI] 폐허 밀도 적용: 0.00 (보정=0.00), range=0.0~0.0
[MapGenAI] 위험 밀도 적용: 0.00 (보정=0.00), range=0.0~0.0
[TextRegionProbe] True northeast-position: result tied to exact generation state
[TextRegionProbe] True northeast-position: no authored generation errors
[TextRegionProbe] True northeast-position: requested ruin count generated
[TextRegionProbe] True northeast-position: full footprint and actual walls/floors inside safe region
[TextRegionProbe] True northeast-position: full footprint and actual walls/floors inside safe region
[TextRegionProbe] True northeast-position: full footprint and actual walls/floors inside safe region
[TextRegionProbe] True northeast-position: generation does not mutate plan/world features
[TextRegionProbe] True northeast-position: scope disposed
[MapGenAI] Applied state to tile 142
[MapGenAI] 식생 밀도 적용: 0.00
[MapGenAI] 동물 밀도 적용: 0.00
[MapGenAI] 간헐천 수 적용: 0개, range=0.00~0.00 (원본=0.70~1.00)
[MapGenAI] 폐허 밀도 적용: 0.00 (보정=0.00), range=0.0~0.0
[MapGenAI] 위험 밀도 적용: 0.00 (보정=0.00), range=0.0~0.0
[TextRegionProbe] True model-ruin-island: result tied to exact generation state
[TextRegionProbe] True model-ruin-island: no authored generation errors
[TextRegionProbe] True model-ruin-island: requested ruin count generated
[TextRegionProbe] True model-ruin-island: full footprint and actual walls/floors inside safe region
[TextRegionProbe] True model-ruin-island: full footprint and actual walls/floors inside safe region
[TextRegionProbe] True model-ruin-island: actual lava rather than substituted water
[TextRegionProbe] True model-ruin-island: generation does not mutate plan/world features
[TextRegionProbe] True model-ruin-island: scope disposed
[MapGenAI] Applied state to tile 158
[TextRegionProbe] True model-lava-from-scratch: result tied to exact generation state
[TextRegionProbe] True model-lava-from-scratch: no authored generation errors
[TextRegionProbe] True model-lava-from-scratch: requested ruin count generated
[TextRegionProbe] True model-lava-from-scratch: full footprint and actual walls/floors inside safe region
[TextRegionProbe] True model-lava-from-scratch: actual lava rather than substituted water
[TextRegionProbe] True model-lava-from-scratch: generation does not mutate plan/world features
[TextRegionProbe] True model-lava-from-scratch: scope disposed
[MapGenAI] Applied state to tile 228
[MapGenAI] 식생 밀도 적용: 0.00
[MapGenAI] 동물 밀도 적용: 0.00
[MapGenAI] 간헐천 수 적용: 0개, range=0.00~0.00 (원본=0.70~1.00)
[MapGenAI] 폐허 밀도 적용: 0.00 (보정=0.00), range=0.0~0.0
[MapGenAI] 위험 밀도 적용: 0.00 (보정=0.00), range=0.0~0.0
[TextRegionProbe] True actual background Map Preview plans both ruins without unsupported Thing spawning
[TextRegionProbe] True actual Map Preview texture includes positioned wall overlay
[TextRegionProbe] True background preview leaves main-thread generation scope clear
Unloading 1 unused Assets to reduce memory usage. Loaded Objects now: 67705.
Total: 223.002800 ms (FindLiveObjects: 2.896200 ms CreateObjectMapping: 1.578300 ms MarkObjects: 218.445600 ms  DeleteObjects: 0.082200 ms)

Memory Statistics:
[ALLOC_TEMP_TLS] TLS Allocator
  StackAllocators : 
    [ALLOC_TEMP_MAIN]
      Peak usage frame count: [0-1.0 KB]: 543 frames, [1.0 KB-2.0 KB]: 1 frames, [2.0 KB-4.0 KB]: 1 frames, [8.0 KB-16.0 KB]: 1 frames, [32.0 KB-64.0 KB]: 1 frames, [128.0 KB-256.0 KB]: 1 frames, [2.0 MB-4.0 MB]: 3 frames
      Initial Block Size 4.0 MB
      Current Block Size 7.9 MB
      Peak Allocated Bytes 7.9 MB
      Overflow Count 5
    [ALLOC_TEMP_Loading.AsyncRead]
      Initial Block Size 64.0 KB
      Current Block Size 120.0 KB
      Peak Allocated Bytes 117.2 KB
      Overflow Count 0
    [ALLOC_TEMP_Loading.PreloadManager]
      Initial Block Size 256.0 KB
      Current Block Size 256.0 KB
      Peak Allocated Bytes 3.8 KB
      Overflow Count 8
    [ALLOC_TEMP_Background Job.Worker 8]
      Initial Block Size 32.0 KB
      Current Block Size 32.0 KB
      Peak Allocated Bytes 54 B
      Overflow Count 0
    [ALLOC_TEMP_Job.Worker 6]
      Initial Block Size 256.0 KB
      Current Block Size 256.0 KB
      Peak Allocated Bytes 0 B
      Overflow Count 0
    [ALLOC_TEMP_Job.Worker 0]
      Initial Block Size 256.0 KB
      Current Block Size 256.0 KB
      Peak Allocated Bytes 0 B
      Overflow Count 0
    [ALLOC_TEMP_Background Job.Worker 10]
      Initial Block Size 32.0 KB
      Current Block Size 32.0 KB
      Peak Allocated Bytes 54 B
      Overflow Count 0
    [ALLOC_TEMP_Background Job.Worker 9]
      Initial Block Size 32.0 KB
      Current Block Size 32.0 KB
      Peak Allocated Bytes 54 B
      Overflow Count 0
    [ALLOC_TEMP_Job.Worker 5]
      Initial Block Size 256.0 KB
      Current Block Size 256.0 KB
      Peak Allocated Bytes 0 B
      Overflow Count 0
    [ALLOC_TEMP_Background Job.Worker 14]
      Initial Block Size 32.0 KB
      Current Block Size 32.0 KB
      Peak Allocated Bytes 54 B
      Overflow Count 0
    [ALLOC_TEMP_Background Job.Worker 6]
      Initial Block Size 32.0 KB
      Current Block Size 32.0 KB
      Peak Allocated Bytes 54 B
      Overflow Count 0
    [ALLOC_TEMP_Job.Worker 4]
      Initial Block Size 256.0 KB
      Current Block Size 256.0 KB
      Peak Allocated Bytes 0 B
      Overflow Count 0
    [ALLOC_TEMP_Job.Worker 14]
      Initial Block Size 256.0 KB
      Current Block Size 256.0 KB
      Peak Allocated Bytes 54 B
      Overflow Count 0
    [ALLOC_TEMP_Job.Worker 3]
      Initial Block Size 256.0 KB
      Current Block Size 256.0 KB
      Peak Allocated Bytes 0 B
      Overflow Count 0
    [ALLOC_TEMP_Job.Worker 13]
      Initial Block Size 256.0 KB
      Current Block Size 256.0 KB
      Peak Allocated Bytes 54 B
      Overflow Count 0
    [ALLOC_TEMP_Background Job.Worker 12]
      Initial Block Size 32.0 KB
      Current Block Size 32.0 KB
      Peak Allocated Bytes 54 B
      Overflow Count 0
    [ALLOC_TEMP_EnlightenWorker] x 8
      Initial Block Size 64.0 KB
      Current Block Size 64.0 KB
      Peak Allocated Bytes 54 B
      Overflow Count 0
    [ALLOC_TEMP_Background Job.Worker 15]
      Initial Block Size 32.0 KB
      Current Block Size 32.0 KB
      Peak Allocated Bytes 54 B
      Overflow Count 0
    [ALLOC_TEMP_Background Job.Worker 1]
      Initial Block Size 32.0 KB
      Current Block Size 32.0 KB
      Peak Allocated Bytes 54 B
      Overflow Count 0
    [ALLOC_TEMP_Background Job.Worker 2]
      Initial Block Size 32.0 KB
      Current Block Size 32.0 KB
      Peak Allocated Bytes 54 B
      Overflow Count 0
    [ALLOC_TEMP_Background Job.Worker 7]
      Initial Block Size 32.0 KB
      Current Block Size 32.0 KB
      Peak Allocated Bytes 54 B
      Overflow Count 0
    [ALLOC_TEMP_AssetGarbageCollectorHelper] x 15
      Initial Block Size 64.0 KB
      Current Block Size 64.0 KB
      Peak Allocated Bytes 138 B
      Overflow Count 0
    [ALLOC_TEMP_Background Job.Worker 5]
      Initial Block Size 32.0 KB
      Current Block Size 32.0 KB
      Peak Allocated Bytes 54 B
      Overflow Count 0
    [ALLOC_TEMP_Job.Worker 9]
      Initial Block Size 256.0 KB
      Current Block Size 256.0 KB
      Peak Allocated Bytes 0 B
      Overflow Count 0
    [ALLOC_TEMP_Background Job.Worker 13]
      Initial Block Size 32.0 KB
      Current Block Size 32.0 KB
      Peak Allocated Bytes 54 B
      Overflow Count 0
    [ALLOC_TEMP_Job.Worker 8]
      Initial Block Size 256.0 KB
      Current Block Size 256.0 KB
      Peak Allocated Bytes 0 B
      Overflow Count 0
    [ALLOC_TEMP_Job.Worker 7]
      Initial Block Size 256.0 KB
      Current Block Size 256.0 KB
      Peak Allocated Bytes 0 B
      Overflow Count 0
    [ALLOC_TEMP_Job.Worker 1]
      Initial Block Size 256.0 KB
      Current Block Size 256.0 KB
      Peak Allocated Bytes 507 B
      Overflow Count 0
    [ALLOC_TEMP_Job.Worker 2]
      Initial Block Size 256.0 KB
      Current Block Size 256.0 KB
      Peak Allocated Bytes 480 B
      Overflow Count 0
    [ALLOC_TEMP_Background Job.Worker 3]
      Initial Block Size 32.0 KB
      Current Block Size 32.0 KB
      Peak Allocated Bytes 54 B
      Overflow Count 0
    [ALLOC_TEMP_Background Job.Worker 11]
      Initial Block Size 32.0 KB
      Current Block Size 32.0 KB
      Peak Allocated Bytes 54 B
      Overflow Count 0
    [ALLOC_TEMP_Job.Worker 10]
      Initial Block Size 256.0 KB
      Current Block Size 256.0 KB
      Peak Allocated Bytes 54 B
      Overflow Count 0
    [ALLOC_TEMP_Background Job.Worker 0]
      Initial Block Size 32.0 KB
      Current Block Size 32.0 KB
      Peak Allocated Bytes 54 B
      Overflow Count 0
    [ALLOC_TEMP_Job.Worker 11]
      Initial Block Size 256.0 KB
      Current Block Size 256.0 KB
      Peak Allocated Bytes 54 B
      Overflow Count 0
    [ALLOC_TEMP_Job.Worker 12]
      Initial Block Size 256.0 KB
      Current Block Size 256.0 KB
      Peak Allocated Bytes 54 B
      Overflow Count 0
    [ALLOC_TEMP_Background Job.Worker 4]
      Initial Block Size 32.0 KB
      Current Block Size 32.0 KB
      Peak Allocated Bytes 54 B
      Overflow Count 0
    [ALLOC_TEMP_BatchDeleteObjects]
      Initial Block Size 64.0 KB
      Current Block Size 64.0 KB
      Peak Allocated Bytes 54 B
      Overflow Count 0
[ALLOC_DEFAULT] Dual Thread Allocator
  Peak main deferred allocation count 41779
    [ALLOC_BUCKET]
      Large Block size 4.0 MB
      Used Block count 1
      Peak Allocated bytes 4.0 MB
      Failed Allocations. Bucket layout:
        16B: 4 Subsections = 4096 buckets. Failed count: 26372
        32B: 33 Subsections = 16896 buckets. Failed count: 40812
        48B: 48 Subsections = 16384 buckets. Failed count: 81611
        64B: 39 Subsections = 9984 buckets. Failed count: 32745
        80B: 85 Subsections = 17408 buckets. Failed count: 22107
        96B: 31 Subsections = 5290 buckets. Failed count: 41216
        112B: 10 Subsections = 1462 buckets. Failed count: 9872
        128B: 6 Subsections = 768 buckets. Failed count: 8051
    [ALLOC_DEFAULT_MAIN]
      Peak usage frame count: [16.0 MB-32.0 MB]: 325 frames, [128.0 MB-256.0 MB]: 225 frames, [4.00 GB-8.00 GB]: 1 frames
      Requested Block Size 16.0 MB
      Peak Block count 335
      Peak Allocated memory 5.21 GB
      Peak Large allocation bytes 11.3 MB
    [ALLOC_DEFAULT_THREAD]
      Peak usage frame count: [4.0 MB-8.0 MB]: 1 frames, [8.0 MB-16.0 MB]: 348 frames, [16.0 MB-32.0 MB]: 4 frames, [32.0 MB-64.0 MB]: 197 frames, [128.0 MB-256.0 MB]: 1 frames
      Requested Block Size 16.0 MB
      Peak Block count 13
      Peak Allocated memory 196.6 MB
      Peak Large allocation bytes 0 B
[ALLOC_TEMP_JOB_1_FRAME]
  Initial Block Size 2.0 MB
  Used Block Count 0
  Overflow Count (too large) 0
  Overflow Count (full) 0
[ALLOC_TEMP_JOB_2_FRAMES]
  Initial Block Size 2.0 MB
  Used Block Count 0
  Overflow Count (too large) 0
  Overflow Count (full) 0
[ALLOC_TEMP_JOB_4_FRAMES (JobTemp)]
  Initial Block Size 2.0 MB
  Used Block Count 1
  Overflow Count (too large) 0
  Overflow Count (full) 0
[ALLOC_TEMP_JOB_ASYNC (Background)]
  Initial Block Size 1.0 MB
  Used Block Count 1
  Overflow Count (too large) 0
  Overflow Count (full) 0
[ALLOC_GFX] Dual Thread Allocator
  Peak main deferred allocation count 0
    [ALLOC_BUCKET]
      Large Block size 4.0 MB
      Used Block count 1
      Peak Allocated bytes 4.0 MB
      Failed Allocations. Bucket layout:
        16B: 4 Subsections = 4096 buckets. Failed count: 26372
        32B: 33 Subsections = 16896 buckets. Failed count: 40812
        48B: 48 Subsections = 16384 buckets. Failed count: 81611
        64B: 39 Subsections = 9984 buckets. Failed count: 32745
        80B: 85 Subsections = 17408 buckets. Failed count: 22107
        96B: 31 Subsections = 5290 buckets. Failed count: 41216
        112B: 10 Subsections = 1462 buckets. Failed count: 9872
        128B: 6 Subsections = 768 buckets. Failed count: 8051
    [ALLOC_GFX_MAIN]
      Peak usage frame count: [64.0 KB-128.0 KB]: 1 frames, [2.0 MB-4.0 MB]: 548 frames, [128.0 MB-256.0 MB]: 1 frames, [256.0 MB-0.50 GB]: 1 frames
      Requested Block Size 16.0 MB
      Peak Block count 22
      Peak Allocated memory 344.8 MB
      Peak Large allocation bytes 213.1 MB
    [ALLOC_GFX_THREAD]
      Peak usage frame count: [0-1.0 KB]: 550 frames, [1.0 KB-2.0 KB]: 1 frames
      Requested Block Size 16.0 MB
      Peak Block count 1
      Peak Allocated memory 1.2 KB
      Peak Large allocation bytes 0 B
[ALLOC_CACHEOBJECTS] Dual Thread Allocator
  Peak main deferred allocation count 101
    [ALLOC_BUCKET]
      Large Block size 4.0 MB
      Used Block count 1
      Peak Allocated bytes 4.0 MB
      Failed Allocations. Bucket layout:
        16B: 4 Subsections = 4096 buckets. Failed count: 26372
        32B: 33 Subsections = 16896 buckets. Failed count: 40812
        48B: 48 Subsections = 16384 buckets. Failed count: 81611
        64B: 39 Subsections = 9984 buckets. Failed count: 32745
        80B: 85 Subsections = 17408 buckets. Failed count: 22107
        96B: 31 Subsections = 5290 buckets. Failed count: 41216
        112B: 10 Subsections = 1462 buckets. Failed count: 9872
        128B: 6 Subsections = 768 buckets. Failed count: 8051
    [ALLOC_CACHEOBJECTS_MAIN]
      Peak usage frame count: [4.0 MB-8.0 MB]: 325 frames, [8.0 MB-16.0 MB]: 226 frames
      Requested Block Size 4.0 MB
      Peak Block count 5
      Peak Allocated memory 15.8 MB
      Peak Large allocation bytes 0 B
    [ALLOC_CACHEOBJECTS_THREAD]
      Peak usage frame count: [4.0 KB-8.0 KB]: 526 frames, [16.0 KB-32.0 KB]: 1 frames, [32.0 KB-64.0 KB]: 1 frames, [64.0 KB-128.0 KB]: 21 frames, [256.0 KB-0.5 MB]: 1 frames, [0.5 MB-1.0 MB]: 1 frames
      Requested Block Size 4.0 MB
      Peak Block count 1
      Peak Allocated memory 0.6 MB
      Peak Large allocation bytes 0 B
[ALLOC_TYPETREE] Dual Thread Allocator
  Peak main deferred allocation count 0
    [ALLOC_BUCKET]
      Large Block size 4.0 MB
      Used Block count 1
      Peak Allocated bytes 4.0 MB
      Failed Allocations. Bucket layout:
        16B: 4 Subsections = 4096 buckets. Failed count: 26372
        32B: 33 Subsections = 16896 buckets. Failed count: 40812
        48B: 48 Subsections = 16384 buckets. Failed count: 81611
        64B: 39 Subsections = 9984 buckets. Failed count: 32745
        80B: 85 Subsections = 17408 buckets. Failed count: 22107
        96B: 31 Subsections = 5290 buckets. Failed count: 41216
        112B: 10 Subsections = 1462 buckets. Failed count: 9872
        128B: 6 Subsections = 768 buckets. Failed count: 8051
    [ALLOC_TYPETREE_MAIN]
      Peak usage frame count: [4.0 KB-8.0 KB]: 1 frames, [8.0 KB-16.0 KB]: 324 frames, [32.0 KB-64.0 KB]: 226 frames
      Requested Block Size 2.0 MB
      Peak Block count 1
      Peak Allocated memory 50.0 KB
      Peak Large allocation bytes 0 B
    [ALLOC_TYPETREE_THREAD]
      Peak usage frame count: [0-1.0 KB]: 551 frames
      Requested Block Size 2.0 MB
      Peak Block count 0
      Peak Allocated memory 0 B
      Peak Large allocation bytes 0 B
