Mono path[0] = 'G:/SteamLibrary/steamapps/common/RimWorld/RimWorldWin64_Data/Managed'
Mono config path = 'G:/SteamLibrary/steamapps/common/RimWorld/MonoBleedingEdge/etc'
[PhysX] Initialized MultithreadedTaskDispatcher with 16 workers.
Initialize engine version: 2022.3.35f1 (011206c7a712)
[Subsystems] Discovering subsystems at path G:/SteamLibrary/steamapps/common/RimWorld/RimWorldWin64_Data/UnitySubsystems
GfxDevice: creating device client; threaded=0; jobified=0
Direct3D:
    Version:  Direct3D 11.0 [level 11.1]
    Renderer: NVIDIA GeForce RTX 4070 Ti SUPER (ID=0x2705)
    Vendor:   NVIDIA
    VRAM:     16061 MB
    Driver:   32.0.15.9186
Begin MonoManager ReloadAssembly
- Loaded All Assemblies, in  0.072 seconds
- Finished resetting the current domain, in  0.001 seconds
[PhysX] Initialized MultithreadedTaskDispatcher with 16 workers.
UnloadTime: 0.480100 ms
Command line arguments: -batchmode -screen-fullscreen 0 -screen-width 960 -screen-height 640 -savedatafolder=C:\Users\choco\AppData\Local\mapgen-ai-probe\profile-20260914-001752 -mapgenAIProbe=F:\Projects\Rimworld\active\mapgen_ai\docs\analysis\2026-09-14-text-expansion\compound-native-r1 -logFile F:\Projects\Rimworld\active\mapgen_ai\docs\analysis\2026-09-14-text-expansion\compound-native-r1\Player.log -mapgenAICompoundResponses=F:\Projects\Rimworld\active\mapgen_ai\docs\analysis\2026-09-14-text-expansion\compound-r1
RimWorld 1.6.4871 rev591
Save data folder overridden to C:\Users\choco\AppData\Local\mapgen-ai-probe\profile-20260914-001752
Mod Draconis Koelime Fix dependency (Draconis.Koelime) needs to have <downloadUrl> and/or <steamWorkshopUrl> specified.
Mod Draconis Koelime Fix dependency (brrainz.harmony) needs to have <downloadUrl> and/or <steamWorkshopUrl> specified.
Mod World Domination dependency (vanillaexpanded.outposts) needs to have <downloadUrl> and/or <steamWorkshopUrl> specified.
Mod World Domination dependency (oskarpotocki.vanillafactionsexpanded.core) needs to have <downloadUrl> and/or <steamWorkshopUrl> specified.
Mod World Domination dependency (brrainz.harmony) needs to have <downloadUrl> and/or <steamWorkshopUrl> specified.
Mod Paniel: The Hidden Protocol dependency (kalospacer.AhnDemi.PanieltheAutomata) needs to have <downloadUrl> and/or <steamWorkshopUrl> specified.
Mod Yuran Furshaved Continue has a dependency (RooAndGloomy.YuranRaceMod) with empty display name.
Mod Yuran Furshaved Continue dependency (RooAndGloomy.YuranRaceMod) needs to have <downloadUrl> and/or <steamWorkshopUrl> specified.
Mod Roren Facial Animation dependency (Po210.RorenRaceModOfficial) needs to have <downloadUrl> and/or <steamWorkshopUrl> specified.
Mod Ratkin Gene Expanded dependency (EoralMilk.PawnTextureOffsetAdjuster) needs to have <downloadUrl> and/or <steamWorkshopUrl> specified.
Mod Taste of Vanilla - The Alpha Mythology dependency (sarg.magicalmenagerie) needs to have <downloadUrl> and/or <steamWorkshopUrl> specified.
Tried loading mod with the same packageId multiple times: Owlchemist.MidSaverSaver. Ignoring the duplicates.
G:\SteamLibrary\steamapps\workshop\content\294100\2921585989
G:\SteamLibrary\steamapps\workshop\content\294100\3261311100
Fallback handler could not load library G:/SteamLibrary/steamapps/common/RimWorld/RimWorldWin64_Data/MonoBleedingEdge/data-00000256A6B78410.dll
Fallback handler could not load library G:/SteamLibrary/steamapps/common/RimWorld/RimWorldWin64_Data/MonoBleedingEdge/data-00000256A6BAA110.dll
Fallback handler could not load library G:/SteamLibrary/steamapps/common/RimWorld/RimWorldWin64_Data/MonoBleedingEdge/data-00000256A7D01030.dll
[TrueTerrainColors v1.12.26] Extracted true colors from 384 terrain defs in 0.05 seconds.
Unloading 5 Unused Serialized files (Serialized files now loaded: 5)
[MapGenAI] 저장된 이미지 지형이 손상되어 복구했습니다. 확인 후 다시 적용하세요. / Invalid saved image terrain was repaired; review before applying.
[MapGenAI] 저장된 이미지 지형이 손상되어 복구했습니다. 확인 후 다시 적용하세요. / Invalid saved image terrain was repaired; review before applying.
Unloading 99 unused Assets to reduce memory usage. Loaded Objects now: 26487.
Total: 149.410900 ms (FindLiveObjects: 1.065600 ms CreateObjectMapping: 0.334700 ms MarkObjects: 147.701500 ms  DeleteObjects: 0.308700 ms)

Unloading 3 Unused Serialized files (Serialized files now loaded: 5)
[PhysX] Initialized MultithreadedTaskDispatcher with 16 workers.
UnloadTime: 1.609900 ms
Unloading 3 unused Assets to reduce memory usage. Loaded Objects now: 26666.
Total: 138.677900 ms (FindLiveObjects: 1.017200 ms CreateObjectMapping: 0.271000 ms MarkObjects: 137.343900 ms  DeleteObjects: 0.045400 ms)

Initializing new game with mods:
  - brrainz.harmony
  - Ludeon.RimWorld
  - Ludeon.RimWorld.Royalty
  - Ludeon.RimWorld.Ideology
  - Ludeon.RimWorld.Biotech
  - Ludeon.RimWorld.Anomaly
  - Ludeon.RimWorld.Odyssey
  - m00nl1ght.MapPreview
  - choco.mapgenai.probe.20260914001752
Unloading 1 Unused Serialized files (Serialized files now loaded: 5)
[MapGenAI] Applied state to tile 0
[MapGenAI] HandleResponse 원문: {
  "action": "generate",
  "description": "해자의 물을 깊은 용암(lava)으로 변경하고, 섬 내부 폐허를 9x7 크기 3개로 수정했습니다.",
  "params": {
    "shape_ops": [
      {
        "op": "update",
        "id": "moat",
        "changes": {
          "compose": [
            {
              "op": "sub",
              "from": "outer",
              "a": "inner",
              "b": null,
              "outId": null,
              "s": null,
              "e": 0,
              "fill": "lava",
              "f": 0.002,
              "k": 0
            }
          ]
        }
      }
    ],
    "structure_ops": [
      {
        "op": "update",
        "id": "ruins_1",
        "changes": {
          "width": 9,
          "height": 7,
          "count": 3
        }
      }
    ]
  }
}
[MapGenAI] 파싱된 action: generate
[MapGenAI] Applied state to tile 0
[MapGenAI] Applied state to tile 0
[MapGenAI] Applied state to tile 0
[MapGenAI] Applied state to tile 0
[MapGenAI] HandleResponse 원문: {"action":"generate","description":"섬과 용암 해자를 [0.62, 0.58] 위치로 이동했습니다. 지정된 폐허 3개는 섬 영역 설정을 그대로 유지하여 함께 이동된 섬 내부에 배치됩니다.","params":{"shape_ops":[{"op":"move","id":"moat","position":[0.62,0.58]},{"op":"move","id":"island","position":[0.62,0.58]}]}}
[MapGenAI] 파싱된 action: generate
[MapGenAI] Applied state to tile 0
[MapGenAI] Applied state to tile 0
[MapGenAI] Applied state to tile 0
[MapGenAI] Applied state to tile 0
[MapGenAI] HandleResponse 원문: {
  "action": "generate",
  "description": "용암 해자의 경계를 많이 울퉁불퉁하고 자연스럽게 변경했습니다. 섬과 내부 폐허, 위치 및 재료는 그대로 유지됩니다.",
  "params": {
    "shape_ops": [
      {
        "op": "update",
        "id": "moat",
        "changes": {
          "edge_roughness": "high"
        }
      }
    ]
  }
}
[MapGenAI] 파싱된 action: generate
[MapGenAI] Applied state to tile 0
[MapGenAI] Applied state to tile 0
[MapGenAI] Applied state to tile 0
[MapGenAI] Applied state to tile 0
[MapGenAI] HandleResponse 원문: {
  "action": "generate",
  "description": "해자의 용암을 식은 용암으로 변경하고, 섬의 폐허 개수를 1개로 줄였습니다.",
  "params": {
    "shape_ops": [
      {
        "op": "update",
        "id": "moat",
        "changes": {
          "compose": [
            {
              "op": "sub",
              "from": "outer",
              "a": "inner",
              "b": null,
              "outId": null,
              "s": null,
              "fill": "cooled_lava",
              "e": 0.0,
              "f": 0.002,
              "k": 0.0
            }
          ]
        }
      }
    ],
    "structure_ops": [
      {
        "op": "update",
        "id": "ruins_1",
        "changes": {
          "count": 1
        }
      }
    ]
  }
}
[MapGenAI] 파싱된 action: generate
[MapGenAI] Applied state to tile 0
[MapGenAI] Applied state to tile 0
[MapGenAI] Applied state to tile 0
[MapGenAI] Applied state to tile 0
[MapGenAI] HandleResponse 원문: {"action":"generate","description":"기존 지형과 폐허 배치는 그대로 유지하고, 식생 밀도를 0.7, 동물 밀도를 0.4로 변경합니다.","params":{"vegetation_density":0.7,"animal_density":0.4}}
[MapGenAI] 파싱된 action: generate
[MapGenAI] Applied state to tile 0
[MapGenAI] Applied state to tile 0
[MapGenAI] Applied state to tile 0
[MapGenAI] Applied state to tile 0
[MapGenAI] HandleResponse 원문: {
  "action": "generate",
  "description": "가운데 섬 지형과 해당 영역에 지정되었던 유적을 삭제하고, 식은 용암 해자와 환경 설정을 유지했습니다.",
  "params": {
    "shape_ops": [
      {
        "op": "remove",
        "id": "island"
      }
    ],
    "structure_ops": [
      {
        "op": "remove",
        "id": "ruins_1"
      }
    ]
  }
}
[MapGenAI] 파싱된 action: generate
[MapGenAI] Applied state to tile 0
[MapGenAI] Applied state to tile 0
[MapGenAI] Applied state to tile 0
[MapGenAI] Applied state to tile 0
[MapGenAI] HandleResponse 원문: {"action":"ask","message":"초콜릿 지형은 현재 림월드 및 활성화된 모드에서 지원하는 자연 지형 재료(TerrainDef) 목록에 존재하지 않아 적용할 수 없습니다. 물, 용암(LavaDeep), 진흙, 모래, 기름진 토양 등 지원되는 다른 재료로의 변경을 원하시면 말씀해 주세요."}
[MapGenAI] 파싱된 action: ask
[MapGenAI] Applied state to tile 0
[MapGenAI] Applied state to tile 0
[MapGenAI] HandleResponse 원문: {"action":"ask","message":"현재 선택된 타일은 내륙 지역이므로 바다 해안(Coast)을 추가할 수 없습니다. 해안 특징은 월드 맵 상에서 실제 바다나 대형 호수와 접해 있는 타일에서만 생성됩니다.\n\n현재 맵 상태는 그대로 유지되었으며, 해안 대신 대형 호수(Lake) 특징을 추가하거나 특정 방향에 물 지형(호수/수역)을 생성하는 방식으로 대체할 수 있습니다. 원하시는 다른 연출이 있으신가요?"}
[MapGenAI] 파싱된 action: ask
[MapGenAI] Applied state to tile 0
[MapGenAI] Applied state to tile 0
[MapGenAI] 식생 밀도 적용: 0.00
[MapGenAI] 동물 밀도 적용: 0.00
[MapGenAI] 간헐천 수 적용: 0개, range=0.00~0.00 (원본=0.70~1.00)
[MapGenAI] 폐허 밀도 적용: 0.00 (보정=0.00), range=0.0~0.0
[MapGenAI] 위험 밀도 적용: 0.00 (보정=0.00), range=0.0~0.0
[MapGenAI] Applied state to tile 55
[MapGenAI] 식생 밀도 적용: 0.00
[MapGenAI] 동물 밀도 적용: 0.00
[MapGenAI] 간헐천 수 적용: 0개, range=0.00~0.00 (원본=0.70~1.00)
[MapGenAI] 폐허 밀도 적용: 0.00 (보정=0.00), range=0.0~0.0
[MapGenAI] 위험 밀도 적용: 0.00 (보정=0.00), range=0.0~0.0
[MapGenAI] Applied state to tile 57
[MapGenAI] 식생 밀도 적용: 0.00
[MapGenAI] 동물 밀도 적용: 0.00
[MapGenAI] 간헐천 수 적용: 0개, range=0.00~0.00 (원본=0.70~1.00)
[MapGenAI] 폐허 밀도 적용: 0.00 (보정=0.00), range=0.0~0.0
[MapGenAI] 위험 밀도 적용: 0.00 (보정=0.00), range=0.0~0.0
[MapGenAI] Applied state to tile 79
[MapGenAI] 식생 밀도 적용: 0.00
[MapGenAI] 동물 밀도 적용: 0.00
[MapGenAI] 간헐천 수 적용: 0개, range=0.00~0.00 (원본=0.70~1.00)
[MapGenAI] 폐허 밀도 적용: 0.00 (보정=0.00), range=0.0~0.0
[MapGenAI] 위험 밀도 적용: 0.00 (보정=0.00), range=0.0~0.0
[MapGenAI] Applied state to tile 83
[MapGenAI] 식생 밀도 적용: 0.70
[MapGenAI] 동물 밀도 적용: 0.40
[MapGenAI] 간헐천 수 적용: 0개, range=0.00~0.00 (원본=0.70~1.00)
[MapGenAI] 폐허 밀도 적용: 0.00 (보정=0.00), range=0.0~0.0
[MapGenAI] 위험 밀도 적용: 0.00 (보정=0.00), range=0.0~0.0
[MapGenAI] Applied state to tile 164
[MapGenAI] 식생 밀도 적용: 0.70
[MapGenAI] 동물 밀도 적용: 0.40
[MapGenAI] 간헐천 수 적용: 0개, range=0.00~0.00 (원본=0.70~1.00)
[MapGenAI] 폐허 밀도 적용: 0.00 (보정=0.00), range=0.0~0.0
[MapGenAI] 위험 밀도 적용: 0.00 (보정=0.00), range=0.0~0.0
Unloading 1 unused Assets to reduce memory usage. Loaded Objects now: 52470.
Total: 230.431600 ms (FindLiveObjects: 2.772900 ms CreateObjectMapping: 1.602000 ms MarkObjects: 225.983100 ms  DeleteObjects: 0.073100 ms)

Memory Statistics:
[ALLOC_TEMP_TLS] TLS Allocator
  StackAllocators : 
    [ALLOC_TEMP_MAIN]
      Peak usage frame count: [0-1.0 KB]: 554 frames, [1.0 KB-2.0 KB]: 1 frames, [2.0 KB-4.0 KB]: 1 frames, [8.0 KB-16.0 KB]: 1 frames, [32.0 KB-64.0 KB]: 1 frames, [128.0 KB-256.0 KB]: 1 frames, [2.0 MB-4.0 MB]: 3 frames
      Initial Block Size 4.0 MB
      Current Block Size 7.6 MB
      Peak Allocated Bytes 7.6 MB
      Overflow Count 1
    [ALLOC_TEMP_Loading.AsyncRead]
      Initial Block Size 64.0 KB
      Current Block Size 120.0 KB
      Peak Allocated Bytes 117.2 KB
      Overflow Count 0
    [ALLOC_TEMP_Loading.PreloadManager]
      Initial Block Size 256.0 KB
      Current Block Size 256.0 KB
      Peak Allocated Bytes 3.8 KB
      Overflow Count 8
    [ALLOC_TEMP_Background Job.Worker 8]
      Initial Block Size 32.0 KB
      Current Block Size 32.0 KB
      Peak Allocated Bytes 54 B
      Overflow Count 0
    [ALLOC_TEMP_Job.Worker 6]
      Initial Block Size 256.0 KB
      Current Block Size 256.0 KB
      Peak Allocated Bytes 0 B
      Overflow Count 0
    [ALLOC_TEMP_Job.Worker 0]
      Initial Block Size 256.0 KB
      Current Block Size 256.0 KB
      Peak Allocated Bytes 0 B
      Overflow Count 0
    [ALLOC_TEMP_Background Job.Worker 10]
      Initial Block Size 32.0 KB
      Current Block Size 32.0 KB
      Peak Allocated Bytes 54 B
      Overflow Count 0
    [ALLOC_TEMP_Background Job.Worker 9]
      Initial Block Size 32.0 KB
      Current Block Size 32.0 KB
      Peak Allocated Bytes 54 B
      Overflow Count 0
    [ALLOC_TEMP_Job.Worker 5]
      Initial Block Size 256.0 KB
      Current Block Size 256.0 KB
      Peak Allocated Bytes 0 B
      Overflow Count 0
    [ALLOC_TEMP_Background Job.Worker 14]
      Initial Block Size 32.0 KB
      Current Block Size 32.0 KB
      Peak Allocated Bytes 54 B
      Overflow Count 0
    [ALLOC_TEMP_Background Job.Worker 6]
      Initial Block Size 32.0 KB
      Current Block Size 32.0 KB
      Peak Allocated Bytes 54 B
      Overflow Count 0
    [ALLOC_TEMP_Job.Worker 4]
      Initial Block Size 256.0 KB
      Current Block Size 256.0 KB
      Peak Allocated Bytes 0 B
      Overflow Count 0
    [ALLOC_TEMP_Job.Worker 14]
      Initial Block Size 256.0 KB
      Current Block Size 256.0 KB
      Peak Allocated Bytes 54 B
      Overflow Count 0
    [ALLOC_TEMP_Job.Worker 3]
      Initial Block Size 256.0 KB
      Current Block Size 256.0 KB
      Peak Allocated Bytes 144 B
      Overflow Count 0
    [ALLOC_TEMP_Job.Worker 13]
      Initial Block Size 256.0 KB
      Current Block Size 256.0 KB
      Peak Allocated Bytes 54 B
      Overflow Count 0
    [ALLOC_TEMP_Background Job.Worker 12]
      Initial Block Size 32.0 KB
      Current Block Size 32.0 KB
      Peak Allocated Bytes 54 B
      Overflow Count 0
    [ALLOC_TEMP_EnlightenWorker] x 8
      Initial Block Size 64.0 KB
      Current Block Size 64.0 KB
      Peak Allocated Bytes 54 B
      Overflow Count 0
    [ALLOC_TEMP_Background Job.Worker 15]
      Initial Block Size 32.0 KB
      Current Block Size 32.0 KB
      Peak Allocated Bytes 54 B
      Overflow Count 0
    [ALLOC_TEMP_Background Job.Worker 1]
      Initial Block Size 32.0 KB
      Current Block Size 32.0 KB
      Peak Allocated Bytes 54 B
      Overflow Count 0
    [ALLOC_TEMP_Background Job.Worker 2]
      Initial Block Size 32.0 KB
      Current Block Size 32.0 KB
      Peak Allocated Bytes 54 B
      Overflow Count 0
    [ALLOC_TEMP_Background Job.Worker 7]
      Initial Block Size 32.0 KB
      Current Block Size 32.0 KB
      Peak Allocated Bytes 54 B
      Overflow Count 0
    [ALLOC_TEMP_AssetGarbageCollectorHelper] x 15
      Initial Block Size 64.0 KB
      Current Block Size 64.0 KB
      Peak Allocated Bytes 138 B
      Overflow Count 0
    [ALLOC_TEMP_Background Job.Worker 5]
      Initial Block Size 32.0 KB
      Current Block Size 32.0 KB
      Peak Allocated Bytes 54 B
      Overflow Count 0
    [ALLOC_TEMP_Job.Worker 9]
      Initial Block Size 256.0 KB
      Current Block Size 256.0 KB
      Peak Allocated Bytes 0 B
      Overflow Count 0
    [ALLOC_TEMP_Background Job.Worker 13]
      Initial Block Size 32.0 KB
      Current Block Size 32.0 KB
      Peak Allocated Bytes 54 B
      Overflow Count 0
    [ALLOC_TEMP_Job.Worker 8]
      Initial Block Size 256.0 KB
      Current Block Size 256.0 KB
      Peak Allocated Bytes 0 B
      Overflow Count 0
    [ALLOC_TEMP_Job.Worker 7]
      Initial Block Size 256.0 KB
      Current Block Size 256.0 KB
      Peak Allocated Bytes 0 B
      Overflow Count 0
    [ALLOC_TEMP_Job.Worker 1]
      Initial Block Size 256.0 KB
      Current Block Size 256.0 KB
      Peak Allocated Bytes 507 B
      Overflow Count 0
    [ALLOC_TEMP_Job.Worker 2]
      Initial Block Size 256.0 KB
      Current Block Size 256.0 KB
      Peak Allocated Bytes 480 B
      Overflow Count 0
    [ALLOC_TEMP_Background Job.Worker 3]
      Initial Block Size 32.0 KB
      Current Block Size 32.0 KB
      Peak Allocated Bytes 54 B
      Overflow Count 0
    [ALLOC_TEMP_Background Job.Worker 11]
      Initial Block Size 32.0 KB
      Current Block Size 32.0 KB
      Peak Allocated Bytes 54 B
      Overflow Count 0
    [ALLOC_TEMP_Job.Worker 10]
      Initial Block Size 256.0 KB
      Current Block Size 256.0 KB
      Peak Allocated Bytes 54 B
      Overflow Count 0
    [ALLOC_TEMP_Background Job.Worker 0]
      Initial Block Size 32.0 KB
      Current Block Size 32.0 KB
      Peak Allocated Bytes 54 B
      Overflow Count 0
    [ALLOC_TEMP_Job.Worker 11]
      Initial Block Size 256.0 KB
      Current Block Size 256.0 KB
      Peak Allocated Bytes 54 B
      Overflow Count 0
    [ALLOC_TEMP_Job.Worker 12]
      Initial Block Size 256.0 KB
      Current Block Size 256.0 KB
      Peak Allocated Bytes 54 B
      Overflow Count 0
    [ALLOC_TEMP_Background Job.Worker 4]
      Initial Block Size 32.0 KB
      Current Block Size 32.0 KB
      Peak Allocated Bytes 54 B
      Overflow Count 0
    [ALLOC_TEMP_BatchDeleteObjects]
      Initial Block Size 64.0 KB
      Current Block Size 64.0 KB
      Peak Allocated Bytes 54 B
      Overflow Count 0
[ALLOC_DEFAULT] Dual Thread Allocator
  Peak main deferred allocation count 41779
    [ALLOC_BUCKET]
      Large Block size 4.0 MB
      Used Block count 1
      Peak Allocated bytes 4.0 MB
      Failed Allocations. Bucket layout:
        16B: 4 Subsections = 4096 buckets. Failed count: 26302
        32B: 33 Subsections = 16896 buckets. Failed count: 40805
        48B: 48 Subsections = 16384 buckets. Failed count: 81438
        64B: 39 Subsections = 9984 buckets. Failed count: 32667
        80B: 85 Subsections = 17408 buckets. Failed count: 22099
        96B: 31 Subsections = 5290 buckets. Failed count: 41216
        112B: 10 Subsections = 1462 buckets. Failed count: 9856
        128B: 6 Subsections = 768 buckets. Failed count: 8051
    [ALLOC_DEFAULT_MAIN]
      Peak usage frame count: [16.0 MB-32.0 MB]: 330 frames, [128.0 MB-256.0 MB]: 231 frames, [2.00 GB-4.00 GB]: 1 frames
      Requested Block Size 16.0 MB
      Peak Block count 135
      Peak Allocated memory 2.10 GB
      Peak Large allocation bytes 11.3 MB
    [ALLOC_DEFAULT_THREAD]
      Peak usage frame count: [4.0 MB-8.0 MB]: 1 frames, [8.0 MB-16.0 MB]: 353 frames, [16.0 MB-32.0 MB]: 4 frames, [32.0 MB-64.0 MB]: 203 frames, [64.0 MB-128.0 MB]: 1 frames
      Requested Block Size 16.0 MB
      Peak Block count 9
      Peak Allocated memory 126.8 MB
      Peak Large allocation bytes 0 B
[ALLOC_TEMP_JOB_1_FRAME]
  Initial Block Size 2.0 MB
  Used Block Count 0
  Overflow Count (too large) 0
  Overflow Count (full) 0
[ALLOC_TEMP_JOB_2_FRAMES]
  Initial Block Size 2.0 MB
  Used Block Count 0
  Overflow Count (too large) 0
  Overflow Count (full) 0
[ALLOC_TEMP_JOB_4_FRAMES (JobTemp)]
  Initial Block Size 2.0 MB
  Used Block Count 1
  Overflow Count (too large) 0
  Overflow Count (full) 0
[ALLOC_TEMP_JOB_ASYNC (Background)]
  Initial Block Size 1.0 MB
  Used Block Count 1
  Overflow Count (too large) 0
  Overflow Count (full) 0
[ALLOC_GFX] Dual Thread Allocator
  Peak main deferred allocation count 0
    [ALLOC_BUCKET]
      Large Block size 4.0 MB
      Used Block count 1
      Peak Allocated bytes 4.0 MB
      Failed Allocations. Bucket layout:
        16B: 4 Subsections = 4096 buckets. Failed count: 26302
        32B: 33 Subsections = 16896 buckets. Failed count: 40805
        48B: 48 Subsections = 16384 buckets. Failed count: 81438
        64B: 39 Subsections = 9984 buckets. Failed count: 32667
        80B: 85 Subsections = 17408 buckets. Failed count: 22099
        96B: 31 Subsections = 5290 buckets. Failed count: 41216
        112B: 10 Subsections = 1462 buckets. Failed count: 9856
        128B: 6 Subsections = 768 buckets. Failed count: 8051
    [ALLOC_GFX_MAIN]
      Peak usage frame count: [64.0 KB-128.0 KB]: 1 frames, [2.0 MB-4.0 MB]: 559 frames, [128.0 MB-256.0 MB]: 2 frames
      Requested Block Size 16.0 MB
      Peak Block count 12
      Peak Allocated memory 216.6 MB
      Peak Large allocation bytes 213.1 MB
    [ALLOC_GFX_THREAD]
      Peak usage frame count: [0-1.0 KB]: 561 frames, [1.0 KB-2.0 KB]: 1 frames
      Requested Block Size 16.0 MB
      Peak Block count 1
      Peak Allocated memory 1.2 KB
      Peak Large allocation bytes 0 B
[ALLOC_CACHEOBJECTS] Dual Thread Allocator
  Peak main deferred allocation count 101
    [ALLOC_BUCKET]
      Large Block size 4.0 MB
      Used Block count 1
      Peak Allocated bytes 4.0 MB
      Failed Allocations. Bucket layout:
        16B: 4 Subsections = 4096 buckets. Failed count: 26302
        32B: 33 Subsections = 16896 buckets. Failed count: 40805
        48B: 48 Subsections = 16384 buckets. Failed count: 81438
        64B: 39 Subsections = 9984 buckets. Failed count: 32667
        80B: 85 Subsections = 17408 buckets. Failed count: 22099
        96B: 31 Subsections = 5290 buckets. Failed count: 41216
        112B: 10 Subsections = 1462 buckets. Failed count: 9856
        128B: 6 Subsections = 768 buckets. Failed count: 8051
    [ALLOC_CACHEOBJECTS_MAIN]
      Peak usage frame count: [4.0 MB-8.0 MB]: 330 frames, [8.0 MB-16.0 MB]: 232 frames
      Requested Block Size 4.0 MB
      Peak Block count 5
      Peak Allocated memory 15.8 MB
      Peak Large allocation bytes 0 B
    [ALLOC_CACHEOBJECTS_THREAD]
      Peak usage frame count: [4.0 KB-8.0 KB]: 536 frames, [32.0 KB-64.0 KB]: 1 frames, [64.0 KB-128.0 KB]: 23 frames, [256.0 KB-0.5 MB]: 1 frames, [0.5 MB-1.0 MB]: 1 frames
      Requested Block Size 4.0 MB
      Peak Block count 1
      Peak Allocated memory 0.6 MB
      Peak Large allocation bytes 0 B
[ALLOC_TYPETREE] Dual Thread Allocator
  Peak main deferred allocation count 0
    [ALLOC_BUCKET]
      Large Block size 4.0 MB
      Used Block count 1
      Peak Allocated bytes 4.0 MB
      Failed Allocations. Bucket layout:
        16B: 4 Subsections = 4096 buckets. Failed count: 26302
        32B: 33 Subsections = 16896 buckets. Failed count: 40805
        48B: 48 Subsections = 16384 buckets. Failed count: 81438
        64B: 39 Subsections = 9984 buckets. Failed count: 32667
        80B: 85 Subsections = 17408 buckets. Failed count: 22099
        96B: 31 Subsections = 5290 buckets. Failed count: 41216
        112B: 10 Subsections = 1462 buckets. Failed count: 9856
        128B: 6 Subsections = 768 buckets. Failed count: 8051
    [ALLOC_TYPETREE_MAIN]
      Peak usage frame count: [4.0 KB-8.0 KB]: 1 frames, [8.0 KB-16.0 KB]: 329 frames, [32.0 KB-64.0 KB]: 232 frames
      Requested Block Size 2.0 MB
      Peak Block count 1
      Peak Allocated memory 50.0 KB
      Peak Large allocation bytes 0 B
    [ALLOC_TYPETREE_THREAD]
      Peak usage frame count: [0-1.0 KB]: 562 frames
      Requested Block Size 2.0 MB
      Peak Block count 0
      Peak Allocated memory 0 B
      Peak Large allocation bytes 0 B
