Mono path[0] = 'G:/SteamLibrary/steamapps/common/RimWorld/RimWorldWin64_Data/Managed'
Mono config path = 'G:/SteamLibrary/steamapps/common/RimWorld/MonoBleedingEdge/etc'
[PhysX] Initialized MultithreadedTaskDispatcher with 16 workers.
Initialize engine version: 2022.3.35f1 (011206c7a712)
[Subsystems] Discovering subsystems at path G:/SteamLibrary/steamapps/common/RimWorld/RimWorldWin64_Data/UnitySubsystems
GfxDevice: creating device client; threaded=0; jobified=0
Direct3D:
    Version:  Direct3D 11.0 [level 11.1]
    Renderer: NVIDIA GeForce RTX 4070 Ti SUPER (ID=0x2705)
    Vendor:   NVIDIA
    VRAM:     16061 MB
    Driver:   32.0.15.9186
Begin MonoManager ReloadAssembly
- Loaded All Assemblies, in  0.136 seconds
- Finished resetting the current domain, in  0.001 seconds
[PhysX] Initialized MultithreadedTaskDispatcher with 16 workers.
UnloadTime: 0.692000 ms
Command line arguments: -batchmode -screen-fullscreen 0 -screen-width 960 -screen-height 640 -savedatafolder=C:\Users\choco\AppData\Local\mapgen-ai-probe\profile-20260919-221038-348 -mapgenAIProbe=F:\Projects\Rimworld\active\mapgen_ai\docs\analysis\2026-09-19-local-roads\fixtures-r2 -logFile F:\Projects\Rimworld\active\mapgen_ai\docs\analysis\2026-09-19-local-roads\fixtures-r2\Player.log -mapgenAILandformSuite=F:\Projects\Rimworld\active\mapgen_ai\docs\analysis\2026-09-19-local-roads\fixture-cases.json -mapgenAILandformSample=0 -mapgenAILandformReplies=F:\Projects\Rimworld\active\mapgen_ai\docs\analysis\2026-09-19-local-roads\fixture-replies
RimWorld 1.6.4871 rev591
Save data folder overridden to C:\Users\choco\AppData\Local\mapgen-ai-probe\profile-20260919-221038-348
Mod Draconis Koelime Fix dependency (Draconis.Koelime) needs to have <downloadUrl> and/or <steamWorkshopUrl> specified.
Mod Draconis Koelime Fix dependency (brrainz.harmony) needs to have <downloadUrl> and/or <steamWorkshopUrl> specified.
Mod World Domination dependency (vanillaexpanded.outposts) needs to have <downloadUrl> and/or <steamWorkshopUrl> specified.
Mod World Domination dependency (oskarpotocki.vanillafactionsexpanded.core) needs to have <downloadUrl> and/or <steamWorkshopUrl> specified.
Mod World Domination dependency (brrainz.harmony) needs to have <downloadUrl> and/or <steamWorkshopUrl> specified.
Mod Paniel: The Hidden Protocol dependency (kalospacer.AhnDemi.PanieltheAutomata) needs to have <downloadUrl> and/or <steamWorkshopUrl> specified.
Mod Yuran Furshaved Continue has a dependency (RooAndGloomy.YuranRaceMod) with empty display name.
Mod Yuran Furshaved Continue dependency (RooAndGloomy.YuranRaceMod) needs to have <downloadUrl> and/or <steamWorkshopUrl> specified.
Mod Roren Facial Animation dependency (Po210.RorenRaceModOfficial) needs to have <downloadUrl> and/or <steamWorkshopUrl> specified.
Mod Ratkin Gene Expanded dependency (EoralMilk.PawnTextureOffsetAdjuster) needs to have <downloadUrl> and/or <steamWorkshopUrl> specified.
Mod Taste of Vanilla - The Alpha Mythology dependency (sarg.magicalmenagerie) needs to have <downloadUrl> and/or <steamWorkshopUrl> specified.
Tried loading mod with the same packageId multiple times: Owlchemist.MidSaverSaver. Ignoring the duplicates.
G:\SteamLibrary\steamapps\workshop\content\294100\2921585989
G:\SteamLibrary\steamapps\workshop\content\294100\3261311100
Fallback handler could not load library G:/SteamLibrary/steamapps/common/RimWorld/RimWorldWin64_Data/MonoBleedingEdge/data-000001F51C134020.dll
Fallback handler could not load library G:/SteamLibrary/steamapps/common/RimWorld/RimWorldWin64_Data/MonoBleedingEdge/data-000001F51C1B01E0.dll
Fallback handler could not load library G:/SteamLibrary/steamapps/common/RimWorld/RimWorldWin64_Data/MonoBleedingEdge/data-000001F51D49A030.dll
[TrueTerrainColors v1.12.26] Extracted true colors from 384 terrain defs in 0.55 seconds.
Unloading 5 Unused Serialized files (Serialized files now loaded: 5)
Modifying the initial rand seed. Call PushState() first. The initial rand seed should always be based on the startup time and set only once.
[MapGenAI] 저장된 이미지 지형이 손상되어 복구했습니다. 확인 후 다시 적용하세요. / Invalid saved image terrain was repaired; review before applying.
[MapGenAI] 저장된 이미지 지형이 손상되어 복구했습니다. 확인 후 다시 적용하세요. / Invalid saved image terrain was repaired; review before applying.
Unloading 99 unused Assets to reduce memory usage. Loaded Objects now: 26487.
Total: 423.611700 ms (FindLiveObjects: 1.842600 ms CreateObjectMapping: 0.802700 ms MarkObjects: 420.400600 ms  DeleteObjects: 0.565400 ms)

Unloading 3 Unused Serialized files (Serialized files now loaded: 5)
[PhysX] Initialized MultithreadedTaskDispatcher with 16 workers.
UnloadTime: 3.856700 ms
Unloading 3 unused Assets to reduce memory usage. Loaded Objects now: 26666.
Total: 350.986500 ms (FindLiveObjects: 1.782100 ms CreateObjectMapping: 0.915800 ms MarkObjects: 348.229500 ms  DeleteObjects: 0.058500 ms)

Initializing new game with mods:
  - brrainz.harmony
  - Ludeon.RimWorld
  - Ludeon.RimWorld.Royalty
  - Ludeon.RimWorld.Ideology
  - Ludeon.RimWorld.Biotech
  - Ludeon.RimWorld.Anomaly
  - Ludeon.RimWorld.Odyssey
  - m00nl1ght.MapPreview
  - choco.mapgenai.probe.20260919221038348
[MapGenAI] Authored generation: Object reference not set to an instance of an object
Unloading 1 Unused Serialized files (Serialized files now loaded: 5)
[MapGenAI] Applied state to tile 10
[MapGenAI] Applied state to tile 10
[MapGenAI] HandleResponse 원문: {
  "action": "generate",
  "params": {
    "road_ops": [
      {
        "op": "add",
        "road": {
          "id": "road_1",
          "kind": "DirtPath",
          "route": "direct",
          "points": [
            [
              0.02,
              0.5
            ],
            [
              0.98,
              0.5
            ]
          ]
        }
      }
    ]
  }
}
[MapGenAI] 파싱된 action: generate
[MapGenAI] Applied state to tile 10
[MapGenAI] Applied state to tile 10
[MapGenAI] Applied state to tile 10
[MapGenAI] Applied state to tile 10
[MapGenAI] Applied state to tile 20
[MapGenAI] Applied state to tile 20
[MapGenAI] HandleResponse 원문: {
  "action": "generate",
  "params": {
    "road_ops": [
      {
        "op": "add",
        "road": {
          "id": "road_1",
          "kind": "DirtRoad",
          "route": "direct",
          "points": [
            [
              0.02,
              0.5
            ],
            [
              0.98,
              0.5
            ]
          ]
        }
      }
    ]
  }
}
[MapGenAI] 파싱된 action: generate
[MapGenAI] Applied state to tile 20
[MapGenAI] Applied state to tile 20
[MapGenAI] Applied state to tile 20
[MapGenAI] Applied state to tile 20
[MapGenAI] Applied state to tile 33
[MapGenAI] Applied state to tile 33
[MapGenAI] HandleResponse 원문: {
  "action": "generate",
  "params": {
    "road_ops": [
      {
        "op": "add",
        "road": {
          "id": "road_1",
          "kind": "StoneRoad",
          "route": "direct",
          "points": [
            [
              0.02,
              0.5
            ],
            [
              0.98,
              0.5
            ]
          ]
        }
      }
    ]
  }
}
[MapGenAI] 파싱된 action: generate
[MapGenAI] Applied state to tile 33
[MapGenAI] Applied state to tile 33
[MapGenAI] Applied state to tile 33
[MapGenAI] Applied state to tile 33
[MapGenAI] Applied state to tile 36
[MapGenAI] Applied state to tile 36
[MapGenAI] HandleResponse 원문: {
  "action": "generate",
  "params": {
    "road_ops": [
      {
        "op": "add",
        "road": {
          "id": "road_1",
          "kind": "AncientAsphaltRoad",
          "route": "direct",
          "points": [
            [
              0.02,
              0.5
            ],
            [
              0.98,
              0.5
            ]
          ]
        }
      }
    ]
  }
}
[MapGenAI] 파싱된 action: generate
[MapGenAI] Applied state to tile 36
[MapGenAI] Applied state to tile 36
[MapGenAI] Applied state to tile 36
[MapGenAI] Applied state to tile 36
[MapGenAI] Applied state to tile 68
[MapGenAI] Applied state to tile 68
[MapGenAI] HandleResponse 원문: {
  "action": "generate",
  "params": {
    "road_ops": [
      {
        "op": "add",
        "road": {
          "id": "road_1",
          "kind": "AncientAsphaltHighway",
          "route": "direct",
          "points": [
            [
              0.02,
              0.5
            ],
            [
              0.98,
              0.5
            ]
          ]
        }
      }
    ]
  }
}
[MapGenAI] 파싱된 action: generate
[MapGenAI] Applied state to tile 68
[MapGenAI] Applied state to tile 68
[MapGenAI] Applied state to tile 68
[MapGenAI] Applied state to tile 68
[MapGenAI] Applied state to tile 115
[MapGenAI] Applied state to tile 115
[MapGenAI] HandleResponse 원문: {
  "action": "generate",
  "params": {
    "road_ops": [
      {
        "op": "add",
        "road": {
          "id": "road_1",
          "kind": "DirtRoad",
          "route": "avoid",
          "points": [
            [
              0.02,
              0.5
            ],
            [
              0.98,
              0.5
            ]
          ]
        }
      }
    ]
  }
}
[MapGenAI] 파싱된 action: generate
[MapGenAI] Applied state to tile 115
[MapGenAI] Applied state to tile 115
[MapGenAI] Applied state to tile 115
[MapGenAI] Applied state to tile 115
[MapGenAI] Applied state to tile 120
[MapGenAI] Applied state to tile 120
[MapGenAI] HandleResponse 원문: {
  "action": "generate",
  "params": {
    "road_ops": [
      {
        "op": "add",
        "road": {
          "id": "road_1",
          "kind": "DirtRoad",
          "route": "direct",
          "points": [
            [
              0.02,
              0.5
            ],
            [
              0.98,
              0.5
            ]
          ]
        }
      }
    ]
  }
}
[MapGenAI] 파싱된 action: generate
[MapGenAI] Applied state to tile 120
[MapGenAI] Applied state to tile 120
[MapGenAI] Applied state to tile 120
[MapGenAI] Applied state to tile 120
[MapGenAI] Authored generation: 흙도로 / Dirt road: 도로를 연결할 마른 공간이 부족합니다. 경유점을 옮기거나 우회 경로를 요청하세요. 강·바다·산·건물은 유지합니다. / No dry route with sufficient clearance. Move the waypoints or request an avoiding route; water, mountains and buildings are preserved.
[MapGenAI] Applied state to tile 122
[MapGenAI] Applied state to tile 122
[MapGenAI] HandleResponse 원문: {
  "action": "generate",
  "params": {
    "road_ops": [
      {
        "op": "add",
        "road": {
          "id": "road_1",
          "kind": "DirtRoad",
          "route": "avoid",
          "points": [
            [
              0.02,
              0.5
            ],
            [
              0.98,
              0.5
            ]
          ]
        }
      }
    ]
  }
}
[MapGenAI] 파싱된 action: generate
[MapGenAI] Applied state to tile 122
[MapGenAI] Applied state to tile 122
[MapGenAI] Applied state to tile 122
[MapGenAI] Applied state to tile 122
[MapGenAI] Authored generation: 흙도로 / Dirt road: 도로를 연결할 마른 공간이 부족합니다. 경유점을 옮기거나 우회 경로를 요청하세요. 강·바다·산·건물은 유지합니다. / No dry route with sufficient clearance. Move the waypoints or request an avoiding route; water, mountains and buildings are preserved.
[MapGenAI] Applied state to tile 123
[MapGenAI] Applied state to tile 123
[MapGenAI] HandleResponse 원문: {
  "action": "generate",
  "params": {
    "road_ops": [
      {
        "op": "update",
        "id": "road_1",
        "changes": {
          "kind": "AncientAsphaltRoad"
        }
      }
    ]
  }
}
[MapGenAI] 파싱된 action: generate
[MapGenAI] Applied state to tile 123
[MapGenAI] Applied state to tile 123
[MapGenAI] Applied state to tile 123
[MapGenAI] Applied state to tile 123
[MapGenAI] Applied state to tile 161
[MapGenAI] Applied state to tile 161
[MapGenAI] HandleResponse 원문: {
  "action": "generate",
  "params": {
    "road_ops": [
      {
        "op": "remove",
        "id": "road_1"
      }
    ]
  }
}
[MapGenAI] 파싱된 action: generate
[MapGenAI] Applied state to tile 161
[MapGenAI] Applied state to tile 161
[MapGenAI] Applied state to tile 161
[MapGenAI] Applied state to tile 161
[MapGenAI] Applied state to tile 163
[MapGenAI] Applied state to tile 163
[MapGenAI] HandleResponse 원문: {
  "action": "generate",
  "params": {
    "road_ops": [
      {
        "op": "add",
        "road": {
          "id": "road_1",
          "kind": "DirtRoad",
          "route": "direct",
          "points": [
            [
              0.5,
              0.12
            ],
            [
              0.5,
              0.47
            ]
          ]
        }
      }
    ]
  }
}
[MapGenAI] 파싱된 action: generate
[MapGenAI] Applied state to tile 163
[MapGenAI] Applied state to tile 163
[MapGenAI] Applied state to tile 163
[MapGenAI] Applied state to tile 163
[MapGenAI] Applied state to tile 120
[MapGenAI] Authored generation: 흙도로 / Dirt road: 도로를 연결할 마른 공간이 부족합니다. 경유점을 옮기거나 우회 경로를 요청하세요. 강·바다·산·건물은 유지합니다. / No dry route with sufficient clearance. Move the waypoints or request an avoiding route; water, mountains and buildings are preserved.
