Mono path[0] = 'G:/SteamLibrary/steamapps/common/RimWorld/RimWorldWin64_Data/Managed'
Mono config path = 'G:/SteamLibrary/steamapps/common/RimWorld/MonoBleedingEdge/etc'
[PhysX] Initialized MultithreadedTaskDispatcher with 16 workers.
Initialize engine version: 2022.3.35f1 (011206c7a712)
[Subsystems] Discovering subsystems at path G:/SteamLibrary/steamapps/common/RimWorld/RimWorldWin64_Data/UnitySubsystems
GfxDevice: creating device client; threaded=0; jobified=0
Direct3D:
    Version:  Direct3D 11.0 [level 11.1]
    Renderer: NVIDIA GeForce RTX 4070 Ti SUPER (ID=0x2705)
    Vendor:   NVIDIA
    VRAM:     16061 MB
    Driver:   32.0.15.9186
Begin MonoManager ReloadAssembly
- Loaded All Assemblies, in  0.072 seconds
- Finished resetting the current domain, in  0.001 seconds
[PhysX] Initialized MultithreadedTaskDispatcher with 16 workers.
UnloadTime: 0.511300 ms
Command line arguments: -batchmode -screen-fullscreen 0 -screen-width 960 -screen-height 640 -savedatafolder=C:\Users\choco\AppData\Local\mapgen-ai-probe\profile-20260915-234512 -mapgenAIProbe=F:\Projects\Rimworld\active\mapgen_ai\docs\analysis\2026-09-15-landform-suite\focused-native-r1-s0 -logFile F:\Projects\Rimworld\active\mapgen_ai\docs\analysis\2026-09-15-landform-suite\focused-native-r1-s0\Player.log -mapgenAILandformSuite=F:\Projects\Rimworld\active\mapgen_ai\docs\analysis\2026-09-15-landform-suite\focused-cases.json -mapgenAILandformSample=0 -mapgenAILandformReplies=F:\Projects\Rimworld\active\mapgen_ai\docs\analysis\2026-09-15-landform-suite\provider-focused-r1
RimWorld 1.6.4871 rev591
Save data folder overridden to C:\Users\choco\AppData\Local\mapgen-ai-probe\profile-20260915-234512
Mod Draconis Koelime Fix dependency (Draconis.Koelime) needs to have <downloadUrl> and/or <steamWorkshopUrl> specified.
Mod Draconis Koelime Fix dependency (brrainz.harmony) needs to have <downloadUrl> and/or <steamWorkshopUrl> specified.
Mod World Domination dependency (vanillaexpanded.outposts) needs to have <downloadUrl> and/or <steamWorkshopUrl> specified.
Mod World Domination dependency (oskarpotocki.vanillafactionsexpanded.core) needs to have <downloadUrl> and/or <steamWorkshopUrl> specified.
Mod World Domination dependency (brrainz.harmony) needs to have <downloadUrl> and/or <steamWorkshopUrl> specified.
Mod Paniel: The Hidden Protocol dependency (kalospacer.AhnDemi.PanieltheAutomata) needs to have <downloadUrl> and/or <steamWorkshopUrl> specified.
Mod Yuran Furshaved Continue has a dependency (RooAndGloomy.YuranRaceMod) with empty display name.
Mod Yuran Furshaved Continue dependency (RooAndGloomy.YuranRaceMod) needs to have <downloadUrl> and/or <steamWorkshopUrl> specified.
Mod Roren Facial Animation dependency (Po210.RorenRaceModOfficial) needs to have <downloadUrl> and/or <steamWorkshopUrl> specified.
Mod Ratkin Gene Expanded dependency (EoralMilk.PawnTextureOffsetAdjuster) needs to have <downloadUrl> and/or <steamWorkshopUrl> specified.
Mod Taste of Vanilla - The Alpha Mythology dependency (sarg.magicalmenagerie) needs to have <downloadUrl> and/or <steamWorkshopUrl> specified.
Tried loading mod with the same packageId multiple times: Owlchemist.MidSaverSaver. Ignoring the duplicates.
G:\SteamLibrary\steamapps\workshop\content\294100\2921585989
G:\SteamLibrary\steamapps\workshop\content\294100\3261311100
Fallback handler could not load library G:/SteamLibrary/steamapps/common/RimWorld/RimWorldWin64_Data/MonoBleedingEdge/data-000001DF4D267010.dll
Fallback handler could not load library G:/SteamLibrary/steamapps/common/RimWorld/RimWorldWin64_Data/MonoBleedingEdge/data-000001DF4D1E70A0.dll
Fallback handler could not load library G:/SteamLibrary/steamapps/common/RimWorld/RimWorldWin64_Data/MonoBleedingEdge/data-000001DF4E420010.dll
[TrueTerrainColors v1.12.26] Extracted true colors from 384 terrain defs in 0.13 seconds.
Unloading 5 Unused Serialized files (Serialized files now loaded: 5)
Modifying the initial rand seed. Call PushState() first. The initial rand seed should always be based on the startup time and set only once.
[MapGenAI] 저장된 이미지 지형이 손상되어 복구했습니다. 확인 후 다시 적용하세요. / Invalid saved image terrain was repaired; review before applying.
[MapGenAI] 저장된 이미지 지형이 손상되어 복구했습니다. 확인 후 다시 적용하세요. / Invalid saved image terrain was repaired; review before applying.
Unloading 99 unused Assets to reduce memory usage. Loaded Objects now: 26487.
Total: 156.939200 ms (FindLiveObjects: 1.079500 ms CreateObjectMapping: 0.323900 ms MarkObjects: 155.216100 ms  DeleteObjects: 0.319200 ms)

Unloading 3 Unused Serialized files (Serialized files now loaded: 5)
[PhysX] Initialized MultithreadedTaskDispatcher with 16 workers.
UnloadTime: 1.727300 ms
Unloading 3 unused Assets to reduce memory usage. Loaded Objects now: 26666.
Total: 165.516300 ms (FindLiveObjects: 1.178300 ms CreateObjectMapping: 0.306100 ms MarkObjects: 163.990800 ms  DeleteObjects: 0.040800 ms)

Initializing new game with mods:
  - brrainz.harmony
  - Ludeon.RimWorld
  - Ludeon.RimWorld.Royalty
  - Ludeon.RimWorld.Ideology
  - Ludeon.RimWorld.Biotech
  - Ludeon.RimWorld.Anomaly
  - Ludeon.RimWorld.Odyssey
  - m00nl1ght.MapPreview
  - choco.mapgenai.probe.20260915234512
Unloading 1 Unused Serialized files (Serialized files now loaded: 5)
[MapGenAI] Applied state to tile 10
[MapGenAI] Applied state to tile 10
[MapGenAI] HandleResponse 원문: {"action":"generate","description":"도넛 산 중앙 내부에서 남쪽 가장자리까지 폭 8칸 이상의 마른 통로를 생성합니다.","params":{"shape_ops":[{"op":"add","shape":{"fill":"Soil","id":"south_exit","points":[[0.5,0.5],[0.5,0.0]],"type":"passage","width":8}}]}}
[MapGenAI] 파싱된 action: generate
[MapGenAI] Applied state to tile 10
[MapGenAI] Applied state to tile 10
[MapGenAI] Applied state to tile 10
[MapGenAI] Applied state to tile 10
[MapGenAI] Applied state to tile 20
[MapGenAI] Applied state to tile 20
[MapGenAI] HandleResponse 원문: {"action":"generate","description":"도넛 산맥 안쪽에서 남쪽 맵 끝까지 이어지는 폭 8칸의 흙길 통로를 뚫었습니다.","params":{"shape_ops":[{"op":"add","shape":{"id":"south_passage","type":"passage","points":[[0.5,0.5],[0.5,0.0]],"width":8,"fill":"Soil"}}]}}
[MapGenAI] 파싱된 action: generate
[MapGenAI] Applied state to tile 20
[MapGenAI] Applied state to tile 20
[MapGenAI] Applied state to tile 20
[MapGenAI] Applied state to tile 20
[MapGenAI] Applied state to tile 33
[MapGenAI] Applied state to tile 33
[MapGenAI] HandleResponse 원문: {"action":"generate","description":"중앙 산을 동서로 관통하는 폭 8칸의 마른 흙 통로 협곡을 생성합니다.","params":{"shape_ops":[{"op":"add","shape":{"id":"east_west_canyon","type":"passage","points":[[0,0.5],[1,0.5]],"width":8,"fill":"Soil"}}]}}
[MapGenAI] 파싱된 action: generate
[MapGenAI] Applied state to tile 33
[MapGenAI] Applied state to tile 33
[MapGenAI] Applied state to tile 33
[MapGenAI] Applied state to tile 33
[MapGenAI] Authored generation: 요청한 폭의 마른 통로에 장애물이 11칸 남았습니다. 위치/폭을 조정하세요. 기존 강·해안·건물을 강제로 지우지 않습니다. / The requested dry passage footprint has 11 obstructed cells; adjust its route/width. World water and buildings are preserved.
[MapGenAI] Applied state to tile 36
[MapGenAI] Applied state to tile 36
[MapGenAI] HandleResponse 원문: {"action":"generate","description":"맵 중앙(z=0.5)을 가로질러 왼쪽 끝에서 오른쪽 끝까지 산을 깎아 최소 8칸 폭의 토양 통로를 개설했습니다.","params":{"shape_ops":[{"op":"add","shape":{"id":"horizontal_passage","type":"passage","points":[[0,0.5],[1,0.5]],"width":8,"fill":"Soil"}}]}}
[MapGenAI] 파싱된 action: generate
[MapGenAI] Applied state to tile 36
[MapGenAI] Applied state to tile 36
[MapGenAI] Applied state to tile 36
[MapGenAI] Applied state to tile 36
[MapGenAI] Authored generation: 요청한 폭의 마른 통로에 장애물이 28칸 남았습니다. 위치/폭을 조정하세요. 기존 강·해안·건물을 강제로 지우지 않습니다. / The requested dry passage footprint has 28 obstructed cells; adjust its route/width. World water and buildings are preserved.
[MapGenAI] Applied state to tile 68
[MapGenAI] Applied state to tile 68
[MapGenAI] HandleResponse 원문: {"action":"generate","description":"기존 산을 관통하는 최소 8칸 폭의 흙바닥 굽은 통로를 생성합니다.","params":{"shape_ops":[{"op":"add","shape":{"fill":"Soil","id":"curved_canyon","points":[[0.0,0.5],[0.35,0.7],[0.65,0.3],[1.0,0.5]],"type":"passage","width":8}}]}}
[MapGenAI] 파싱된 action: generate
[MapGenAI] Applied state to tile 68
[MapGenAI] Applied state to tile 68
[MapGenAI] Applied state to tile 68
[MapGenAI] Applied state to tile 68
[MapGenAI] Applied state to tile 115
[MapGenAI] Applied state to tile 115
[MapGenAI] HandleResponse 원문: {"action":"generate","description":"산을 관통하며 왼쪽 중앙에서 오른쪽 중앙까지 이어지는 폭 8칸의 지그재그 흙길 통로를 추가합니다.","params":{"shape_ops":[{"op":"add","shape":{"id":"zigzag_passage","type":"passage","points":[[0.0,0.5],[0.35,0.7],[0.65,0.3],[1.0,0.5]],"width":8,"fill":"Soil"}}]}}
[MapGenAI] 파싱된 action: generate
[MapGenAI] Applied state to tile 115
[MapGenAI] Applied state to tile 115
[MapGenAI] Applied state to tile 115
[MapGenAI] Applied state to tile 115
[MapGenAI] Authored generation: 요청한 폭의 마른 통로에 장애물이 1칸 남았습니다. 위치/폭을 조정하세요. 기존 강·해안·건물을 강제로 지우지 않습니다. / The requested dry passage footprint has 1 obstructed cells; adjust its route/width. World water and buildings are preserved.
[MapGenAI] Applied state to tile 120
[MapGenAI] Applied state to tile 120
[MapGenAI] HandleResponse 원문: {
  "action": "generate",
  "description": "맵 중앙에 반지름 약 20% 크기의 외딴 원형 산을 생성하고 주변을 평지로 유지합니다.",
  "params": {
    "shape_ops": [
      {
        "op": "add",
        "shape": {
          "id": "central_round_mountain",
          "type": "composite",
          "shapes": [
            {
              "id": "c1",
              "prim": "circle",
              "center": [0.5, 0.5],
              "r": 0.2
            }
          ],
          "compose": [
            {
              "op": "add",
              "s": "c1",
              "e": 0.8
            }
          ]
        }
      }
    ]
  }
}
[MapGenAI] 파싱된 action: generate
[MapGenAI] Applied state to tile 120
[MapGenAI] Applied state to tile 120
[MapGenAI] Applied state to tile 120
[MapGenAI] Applied state to tile 120
[MapGenAI] Applied state to tile 122
[MapGenAI] Applied state to tile 122
[MapGenAI] HandleResponse 원문: {"action":"generate","description":"중앙에 안쪽 반지름 18%, 바깥 반지름 35%의 자연스러운 칼데라 산 고리를 생성하고 내부는 평지로 둘러쌉니다.","params":{"shape_ops":[{"op":"add","shape":{"id":"caldera_ring","type":"composite","edge_roughness":"medium","shapes":[{"id":"outer","prim":"circle","center":[0.5,0.5],"r":0.35},{"id":"inner","prim":"circle","center":[0.5,0.5],"r":0.18}],"compose":[{"op":"sub","a":"inner","from":"outer","out":"ring"},{"op":"add","s":"ring","e":0.8}]}}]}}
[MapGenAI] 파싱된 action: generate
[MapGenAI] Applied state to tile 122
[MapGenAI] Applied state to tile 122
[MapGenAI] Applied state to tile 122
[MapGenAI] Applied state to tile 122
[MapGenAI] Applied state to tile 123
[MapGenAI] Applied state to tile 123
[MapGenAI] HandleResponse 원문: {"action":"generate","description":"중앙에 반지름 30% 호수와 반지름 10% 흙 섬 생성","params":{"shape_ops":[{"op":"add","shape":{"id":"central_lake","type":"composite","edge_roughness":"medium","shapes":[{"id":"outer_water","prim":"circle","center":[0.5,0.5],"r":0.3},{"id":"inner_hole","prim":"circle","center":[0.5,0.5],"r":0.1}],"compose":[{"op":"sub","a":"inner_hole","from":"outer_water","out":"water_donut"},{"op":"add","s":"water_donut","fill":"WaterShallow","e":0,"f":0.015}]}},{"op":"add","shape":{"id":"center_island","type":"composite","edge_roughness":"medium","shapes":[{"id":"island_ground","prim":"circle","center":[0.5,0.5],"r":0.1}],"compose":[{"op":"add","s":"island_ground","fill":"Soil","e":0.05,"f":0.015}]}}]}}
[MapGenAI] 파싱된 action: generate
[MapGenAI] Applied state to tile 123
[MapGenAI] Applied state to tile 123
[MapGenAI] Applied state to tile 123
[MapGenAI] Applied state to tile 123
[MapGenAI] Applied state to tile 161
[MapGenAI] Applied state to tile 161
[MapGenAI] HandleResponse 원문: {"action":"generate","description":"맵 중앙에 자연스러운 오아시스 지형(바깥쪽 모래, 비옥한 토양, 중앙 물웅덩이)을 생성합니다.","params":{"shape_ops":[{"op":"add","shape":{"id":"oasis_sand","type":"composite","edge_roughness":"medium","shapes":[{"id":"s_circle","prim":"circle","center":[0.5,0.5],"r":0.2}],"compose":[{"op":"add","s":"s_circle","fill":"Sand","e":0.05,"f":0.015}]}},{"op":"add","shape":{"id":"oasis_rich_soil","type":"composite","edge_roughness":"medium","shapes":[{"id":"soil_circle","prim":"circle","center":[0.5,0.5],"r":0.14}],"compose":[{"op":"add","s":"soil_circle","fill":"SoilRich","e":0.05,"f":0.015}]}},{"op":"add","shape":{"id":"oasis_water","type":"composite","edge_roughness":"medium","shapes":[{"id":"water_circle","prim":"circle","center":[0.5,0.5],"r":0.08}],"compose":[{"op":"add","s":"water_circle","fill":"WaterShallow","e":0,"f":0.01}]}}]}}
[MapGenAI] 파싱된 action: generate
[MapGenAI] Applied state to tile 161
[MapGenAI] Applied state to tile 161
[MapGenAI] Applied state to tile 161
[MapGenAI] Applied state to tile 161
Unloading 1 unused Assets to reduce memory usage. Loaded Objects now: 82531.
Total: 380.304800 ms (FindLiveObjects: 3.161400 ms CreateObjectMapping: 1.664800 ms MarkObjects: 375.379700 ms  DeleteObjects: 0.098300 ms)

Memory Statistics:
[ALLOC_TEMP_TLS] TLS Allocator
  StackAllocators : 
    [ALLOC_TEMP_MAIN]
      Peak usage frame count: [0-1.0 KB]: 623 frames, [1.0 KB-2.0 KB]: 1 frames, [2.0 KB-4.0 KB]: 1 frames, [16.0 KB-32.0 KB]: 1 frames, [32.0 KB-64.0 KB]: 1 frames, [128.0 KB-256.0 KB]: 1 frames, [2.0 MB-4.0 MB]: 3 frames
      Initial Block Size 4.0 MB
      Current Block Size 7.7 MB
      Peak Allocated Bytes 7.7 MB
      Overflow Count 9
    [ALLOC_TEMP_Loading.AsyncRead]
      Initial Block Size 64.0 KB
      Current Block Size 120.0 KB
      Peak Allocated Bytes 117.2 KB
      Overflow Count 0
    [ALLOC_TEMP_Loading.PreloadManager]
      Initial Block Size 256.0 KB
      Current Block Size 256.0 KB
      Peak Allocated Bytes 3.8 KB
      Overflow Count 8
    [ALLOC_TEMP_Background Job.Worker 8]
      Initial Block Size 32.0 KB
      Current Block Size 32.0 KB
      Peak Allocated Bytes 54 B
      Overflow Count 0
    [ALLOC_TEMP_Job.Worker 6]
      Initial Block Size 256.0 KB
      Current Block Size 256.0 KB
      Peak Allocated Bytes 0 B
      Overflow Count 0
    [ALLOC_TEMP_Job.Worker 0]
      Initial Block Size 256.0 KB
      Current Block Size 256.0 KB
      Peak Allocated Bytes 0 B
      Overflow Count 0
    [ALLOC_TEMP_Background Job.Worker 10]
      Initial Block Size 32.0 KB
      Current Block Size 32.0 KB
      Peak Allocated Bytes 54 B
      Overflow Count 0
    [ALLOC_TEMP_Background Job.Worker 9]
      Initial Block Size 32.0 KB
      Current Block Size 32.0 KB
      Peak Allocated Bytes 54 B
      Overflow Count 0
    [ALLOC_TEMP_Job.Worker 5]
      Initial Block Size 256.0 KB
      Current Block Size 256.0 KB
      Peak Allocated Bytes 0 B
      Overflow Count 0
    [ALLOC_TEMP_Background Job.Worker 14]
      Initial Block Size 32.0 KB
      Current Block Size 32.0 KB
      Peak Allocated Bytes 54 B
      Overflow Count 0
    [ALLOC_TEMP_Background Job.Worker 6]
      Initial Block Size 32.0 KB
      Current Block Size 32.0 KB
      Peak Allocated Bytes 54 B
      Overflow Count 0
    [ALLOC_TEMP_Job.Worker 4]
      Initial Block Size 256.0 KB
      Current Block Size 256.0 KB
      Peak Allocated Bytes 0 B
      Overflow Count 0
    [ALLOC_TEMP_Job.Worker 14]
      Initial Block Size 256.0 KB
      Current Block Size 256.0 KB
      Peak Allocated Bytes 54 B
      Overflow Count 0
    [ALLOC_TEMP_Job.Worker 3]
      Initial Block Size 256.0 KB
      Current Block Size 256.0 KB
      Peak Allocated Bytes 0 B
      Overflow Count 0
    [ALLOC_TEMP_Job.Worker 13]
      Initial Block Size 256.0 KB
      Current Block Size 256.0 KB
      Peak Allocated Bytes 54 B
      Overflow Count 0
    [ALLOC_TEMP_Background Job.Worker 12]
      Initial Block Size 32.0 KB
      Current Block Size 32.0 KB
      Peak Allocated Bytes 54 B
      Overflow Count 0
    [ALLOC_TEMP_EnlightenWorker] x 8
      Initial Block Size 64.0 KB
      Current Block Size 64.0 KB
      Peak Allocated Bytes 54 B
      Overflow Count 0
    [ALLOC_TEMP_Background Job.Worker 15]
      Initial Block Size 32.0 KB
      Current Block Size 32.0 KB
      Peak Allocated Bytes 54 B
      Overflow Count 0
    [ALLOC_TEMP_Background Job.Worker 1]
      Initial Block Size 32.0 KB
      Current Block Size 32.0 KB
      Peak Allocated Bytes 54 B
      Overflow Count 0
    [ALLOC_TEMP_Background Job.Worker 2]
      Initial Block Size 32.0 KB
      Current Block Size 32.0 KB
      Peak Allocated Bytes 54 B
      Overflow Count 0
    [ALLOC_TEMP_Background Job.Worker 7]
      Initial Block Size 32.0 KB
      Current Block Size 32.0 KB
      Peak Allocated Bytes 54 B
      Overflow Count 0
    [ALLOC_TEMP_AssetGarbageCollectorHelper] x 15
      Initial Block Size 64.0 KB
      Current Block Size 64.0 KB
      Peak Allocated Bytes 138 B
      Overflow Count 0
    [ALLOC_TEMP_Background Job.Worker 5]
      Initial Block Size 32.0 KB
      Current Block Size 32.0 KB
      Peak Allocated Bytes 54 B
      Overflow Count 0
    [ALLOC_TEMP_Job.Worker 9]
      Initial Block Size 256.0 KB
      Current Block Size 256.0 KB
      Peak Allocated Bytes 0 B
      Overflow Count 0
    [ALLOC_TEMP_Background Job.Worker 13]
      Initial Block Size 32.0 KB
      Current Block Size 32.0 KB
      Peak Allocated Bytes 54 B
      Overflow Count 0
    [ALLOC_TEMP_Job.Worker 8]
      Initial Block Size 256.0 KB
      Current Block Size 256.0 KB
      Peak Allocated Bytes 0 B
      Overflow Count 0
    [ALLOC_TEMP_Job.Worker 7]
      Initial Block Size 256.0 KB
      Current Block Size 256.0 KB
      Peak Allocated Bytes 0 B
      Overflow Count 0
    [ALLOC_TEMP_Job.Worker 1]
      Initial Block Size 256.0 KB
      Current Block Size 256.0 KB
      Peak Allocated Bytes 507 B
      Overflow Count 0
    [ALLOC_TEMP_Job.Worker 2]
      Initial Block Size 256.0 KB
      Current Block Size 256.0 KB
      Peak Allocated Bytes 480 B
      Overflow Count 0
    [ALLOC_TEMP_Background Job.Worker 3]
      Initial Block Size 32.0 KB
      Current Block Size 32.0 KB
      Peak Allocated Bytes 54 B
      Overflow Count 0
    [ALLOC_TEMP_Background Job.Worker 11]
      Initial Block Size 32.0 KB
      Current Block Size 32.0 KB
      Peak Allocated Bytes 54 B
      Overflow Count 0
    [ALLOC_TEMP_Job.Worker 10]
      Initial Block Size 256.0 KB
      Current Block Size 256.0 KB
      Peak Allocated Bytes 54 B
      Overflow Count 0
    [ALLOC_TEMP_Background Job.Worker 0]
      Initial Block Size 32.0 KB
      Current Block Size 32.0 KB
      Peak Allocated Bytes 54 B
      Overflow Count 0
    [ALLOC_TEMP_Job.Worker 11]
      Initial Block Size 256.0 KB
      Current Block Size 256.0 KB
      Peak Allocated Bytes 54 B
      Overflow Count 0
    [ALLOC_TEMP_Job.Worker 12]
      Initial Block Size 256.0 KB
      Current Block Size 256.0 KB
      Peak Allocated Bytes 54 B
      Overflow Count 0
    [ALLOC_TEMP_Background Job.Worker 4]
      Initial Block Size 32.0 KB
      Current Block Size 32.0 KB
      Peak Allocated Bytes 54 B
      Overflow Count 0
    [ALLOC_TEMP_BatchDeleteObjects]
      Initial Block Size 64.0 KB
      Current Block Size 64.0 KB
      Peak Allocated Bytes 54 B
      Overflow Count 0
[ALLOC_DEFAULT] Dual Thread Allocator
  Peak main deferred allocation count 41779
    [ALLOC_BUCKET]
      Large Block size 4.0 MB
      Used Block count 1
      Peak Allocated bytes 4.0 MB
      Failed Allocations. Bucket layout:
        16B: 4 Subsections = 4096 buckets. Failed count: 26373
        32B: 33 Subsections = 16896 buckets. Failed count: 40950
        48B: 48 Subsections = 16384 buckets. Failed count: 82019
        64B: 39 Subsections = 9984 buckets. Failed count: 33008
        80B: 85 Subsections = 17408 buckets. Failed count: 22164
        96B: 31 Subsections = 5290 buckets. Failed count: 41216
        112B: 10 Subsections = 1462 buckets. Failed count: 9915
        128B: 6 Subsections = 768 buckets. Failed count: 8052
    [ALLOC_DEFAULT_MAIN]
      Peak usage frame count: [16.0 MB-32.0 MB]: 338 frames, [128.0 MB-256.0 MB]: 292 frames, [256.0 MB-0.50 GB]: 1 frames
      Requested Block Size 16.0 MB
      Peak Block count 33
      Peak Allocated memory 511.6 MB
      Peak Large allocation bytes 11.3 MB
    [ALLOC_DEFAULT_THREAD]
      Peak usage frame count: [4.0 MB-8.0 MB]: 1 frames, [8.0 MB-16.0 MB]: 362 frames, [16.0 MB-32.0 MB]: 4 frames, [32.0 MB-64.0 MB]: 263 frames, [128.0 MB-256.0 MB]: 1 frames
      Requested Block Size 16.0 MB
      Peak Block count 14
      Peak Allocated memory 207.6 MB
      Peak Large allocation bytes 0 B
[ALLOC_TEMP_JOB_1_FRAME]
  Initial Block Size 2.0 MB
  Used Block Count 0
  Overflow Count (too large) 0
  Overflow Count (full) 0
[ALLOC_TEMP_JOB_2_FRAMES]
  Initial Block Size 2.0 MB
  Used Block Count 0
  Overflow Count (too large) 0
  Overflow Count (full) 0
[ALLOC_TEMP_JOB_4_FRAMES (JobTemp)]
  Initial Block Size 2.0 MB
  Used Block Count 1
  Overflow Count (too large) 0
  Overflow Count (full) 0
[ALLOC_TEMP_JOB_ASYNC (Background)]
  Initial Block Size 1.0 MB
  Used Block Count 1
  Overflow Count (too large) 0
  Overflow Count (full) 0
[ALLOC_GFX] Dual Thread Allocator
  Peak main deferred allocation count 0
    [ALLOC_BUCKET]
      Large Block size 4.0 MB
      Used Block count 1
      Peak Allocated bytes 4.0 MB
      Failed Allocations. Bucket layout:
        16B: 4 Subsections = 4096 buckets. Failed count: 26373
        32B: 33 Subsections = 16896 buckets. Failed count: 40950
        48B: 48 Subsections = 16384 buckets. Failed count: 82019
        64B: 39 Subsections = 9984 buckets. Failed count: 33008
        80B: 85 Subsections = 17408 buckets. Failed count: 22164
        96B: 31 Subsections = 5290 buckets. Failed count: 41216
        112B: 10 Subsections = 1462 buckets. Failed count: 9915
        128B: 6 Subsections = 768 buckets. Failed count: 8052
    [ALLOC_GFX_MAIN]
      Peak usage frame count: [64.0 KB-128.0 KB]: 1 frames, [2.0 MB-4.0 MB]: 628 frames, [128.0 MB-256.0 MB]: 1 frames, [256.0 MB-0.50 GB]: 1 frames
      Requested Block Size 16.0 MB
      Peak Block count 29
      Peak Allocated memory 453.4 MB
      Peak Large allocation bytes 213.1 MB
    [ALLOC_GFX_THREAD]
      Peak usage frame count: [0-1.0 KB]: 630 frames, [1.0 KB-2.0 KB]: 1 frames
      Requested Block Size 16.0 MB
      Peak Block count 1
      Peak Allocated memory 1.2 KB
      Peak Large allocation bytes 0 B
[ALLOC_CACHEOBJECTS] Dual Thread Allocator
  Peak main deferred allocation count 101
    [ALLOC_BUCKET]
      Large Block size 4.0 MB
      Used Block count 1
      Peak Allocated bytes 4.0 MB
      Failed Allocations. Bucket layout:
        16B: 4 Subsections = 4096 buckets. Failed count: 26373
        32B: 33 Subsections = 16896 buckets. Failed count: 40950
        48B: 48 Subsections = 16384 buckets. Failed count: 82019
        64B: 39 Subsections = 9984 buckets. Failed count: 33008
        80B: 85 Subsections = 17408 buckets. Failed count: 22164
        96B: 31 Subsections = 5290 buckets. Failed count: 41216
        112B: 10 Subsections = 1462 buckets. Failed count: 9915
        128B: 6 Subsections = 768 buckets. Failed count: 8052
    [ALLOC_CACHEOBJECTS_MAIN]
      Peak usage frame count: [4.0 MB-8.0 MB]: 338 frames, [8.0 MB-16.0 MB]: 293 frames
      Requested Block Size 4.0 MB
      Peak Block count 5
      Peak Allocated memory 15.8 MB
      Peak Large allocation bytes 0 B
    [ALLOC_CACHEOBJECTS_THREAD]
      Peak usage frame count: [4.0 KB-8.0 KB]: 577 frames, [32.0 KB-64.0 KB]: 1 frames, [64.0 KB-128.0 KB]: 51 frames, [256.0 KB-0.5 MB]: 1 frames, [0.5 MB-1.0 MB]: 1 frames
      Requested Block Size 4.0 MB
      Peak Block count 1
      Peak Allocated memory 0.6 MB
      Peak Large allocation bytes 0 B
[ALLOC_TYPETREE] Dual Thread Allocator
  Peak main deferred allocation count 0
    [ALLOC_BUCKET]
      Large Block size 4.0 MB
      Used Block count 1
      Peak Allocated bytes 4.0 MB
      Failed Allocations. Bucket layout:
        16B: 4 Subsections = 4096 buckets. Failed count: 26373
        32B: 33 Subsections = 16896 buckets. Failed count: 40950
        48B: 48 Subsections = 16384 buckets. Failed count: 82019
        64B: 39 Subsections = 9984 buckets. Failed count: 33008
        80B: 85 Subsections = 17408 buckets. Failed count: 22164
        96B: 31 Subsections = 5290 buckets. Failed count: 41216
        112B: 10 Subsections = 1462 buckets. Failed count: 9915
        128B: 6 Subsections = 768 buckets. Failed count: 8052
    [ALLOC_TYPETREE_MAIN]
      Peak usage frame count: [4.0 KB-8.0 KB]: 1 frames, [8.0 KB-16.0 KB]: 337 frames, [32.0 KB-64.0 KB]: 293 frames
      Requested Block Size 2.0 MB
      Peak Block count 1
      Peak Allocated memory 50.0 KB
      Peak Large allocation bytes 0 B
    [ALLOC_TYPETREE_THREAD]
      Peak usage frame count: [0-1.0 KB]: 631 frames
      Requested Block Size 2.0 MB
      Peak Block count 0
      Peak Allocated memory 0 B
      Peak Large allocation bytes 0 B
