Mono path[0] = 'G:/SteamLibrary/steamapps/common/RimWorld/RimWorldWin64_Data/Managed'
Mono config path = 'G:/SteamLibrary/steamapps/common/RimWorld/MonoBleedingEdge/etc'
[PhysX] Initialized MultithreadedTaskDispatcher with 16 workers.
Initialize engine version: 2022.3.35f1 (011206c7a712)
[Subsystems] Discovering subsystems at path G:/SteamLibrary/steamapps/common/RimWorld/RimWorldWin64_Data/UnitySubsystems
GfxDevice: creating device client; threaded=0; jobified=0
Direct3D:
    Version:  Direct3D 11.0 [level 11.1]
    Renderer: NVIDIA GeForce RTX 4070 Ti SUPER (ID=0x2705)
    Vendor:   NVIDIA
    VRAM:     16061 MB
    Driver:   32.0.15.9186
Begin MonoManager ReloadAssembly
- Loaded All Assemblies, in  0.082 seconds
- Finished resetting the current domain, in  0.001 seconds
[PhysX] Initialized MultithreadedTaskDispatcher with 16 workers.
UnloadTime: 0.451400 ms
Command line arguments: -batchmode -screen-fullscreen 0 -screen-width 960 -screen-height 640 -savedatafolder=C:\Users\choco\AppData\Local\mapgen-ai-probe\profile-20260914-003226 -mapgenAIProbe=F:\Projects\Rimworld\active\mapgen_ai\docs\analysis\2026-09-14-text-expansion\spatial-native-verified -logFile F:\Projects\Rimworld\active\mapgen_ai\docs\analysis\2026-09-14-text-expansion\spatial-native-verified\Player.log -mapgenAISpatial=true -mapgenAISpatialResponses=F:\Projects\Rimworld\active\mapgen_ai\docs\analysis\2026-09-14-text-expansion\spatial-provider-r1
RimWorld 1.6.4871 rev591
Save data folder overridden to C:\Users\choco\AppData\Local\mapgen-ai-probe\profile-20260914-003226
Mod Draconis Koelime Fix dependency (Draconis.Koelime) needs to have <downloadUrl> and/or <steamWorkshopUrl> specified.
Mod Draconis Koelime Fix dependency (brrainz.harmony) needs to have <downloadUrl> and/or <steamWorkshopUrl> specified.
Mod World Domination dependency (vanillaexpanded.outposts) needs to have <downloadUrl> and/or <steamWorkshopUrl> specified.
Mod World Domination dependency (oskarpotocki.vanillafactionsexpanded.core) needs to have <downloadUrl> and/or <steamWorkshopUrl> specified.
Mod World Domination dependency (brrainz.harmony) needs to have <downloadUrl> and/or <steamWorkshopUrl> specified.
Mod Paniel: The Hidden Protocol dependency (kalospacer.AhnDemi.PanieltheAutomata) needs to have <downloadUrl> and/or <steamWorkshopUrl> specified.
Mod Yuran Furshaved Continue has a dependency (RooAndGloomy.YuranRaceMod) with empty display name.
Mod Yuran Furshaved Continue dependency (RooAndGloomy.YuranRaceMod) needs to have <downloadUrl> and/or <steamWorkshopUrl> specified.
Mod Roren Facial Animation dependency (Po210.RorenRaceModOfficial) needs to have <downloadUrl> and/or <steamWorkshopUrl> specified.
Mod Ratkin Gene Expanded dependency (EoralMilk.PawnTextureOffsetAdjuster) needs to have <downloadUrl> and/or <steamWorkshopUrl> specified.
Mod Taste of Vanilla - The Alpha Mythology dependency (sarg.magicalmenagerie) needs to have <downloadUrl> and/or <steamWorkshopUrl> specified.
Tried loading mod with the same packageId multiple times: Owlchemist.MidSaverSaver. Ignoring the duplicates.
G:\SteamLibrary\steamapps\workshop\content\294100\2921585989
G:\SteamLibrary\steamapps\workshop\content\294100\3261311100
Fallback handler could not load library G:/SteamLibrary/steamapps/common/RimWorld/RimWorldWin64_Data/MonoBleedingEdge/data-0000020A32070640.dll
Fallback handler could not load library G:/SteamLibrary/steamapps/common/RimWorld/RimWorldWin64_Data/MonoBleedingEdge/data-0000020A35A910E0.dll
Fallback handler could not load library G:/SteamLibrary/steamapps/common/RimWorld/RimWorldWin64_Data/MonoBleedingEdge/data-0000020A36D37020.dll
[TrueTerrainColors v1.12.26] Extracted true colors from 384 terrain defs in 0.06 seconds.
Unloading 5 Unused Serialized files (Serialized files now loaded: 5)
[MapGenAI] 저장된 이미지 지형이 손상되어 복구했습니다. 확인 후 다시 적용하세요. / Invalid saved image terrain was repaired; review before applying.
[MapGenAI] 저장된 이미지 지형이 손상되어 복구했습니다. 확인 후 다시 적용하세요. / Invalid saved image terrain was repaired; review before applying.
Unloading 99 unused Assets to reduce memory usage. Loaded Objects now: 26487.
Total: 154.481100 ms (FindLiveObjects: 1.675300 ms CreateObjectMapping: 0.575400 ms MarkObjects: 151.841800 ms  DeleteObjects: 0.388400 ms)

Unloading 3 Unused Serialized files (Serialized files now loaded: 5)
[PhysX] Initialized MultithreadedTaskDispatcher with 16 workers.
UnloadTime: 1.836400 ms
Unloading 3 unused Assets to reduce memory usage. Loaded Objects now: 26666.
Total: 145.602800 ms (FindLiveObjects: 1.049400 ms CreateObjectMapping: 0.279400 ms MarkObjects: 144.232800 ms  DeleteObjects: 0.040700 ms)

Initializing new game with mods:
  - brrainz.harmony
  - Ludeon.RimWorld
  - Ludeon.RimWorld.Royalty
  - Ludeon.RimWorld.Ideology
  - Ludeon.RimWorld.Biotech
  - Ludeon.RimWorld.Anomaly
  - Ludeon.RimWorld.Odyssey
  - m00nl1ght.MapPreview
  - choco.mapgenai.probe.20260914003226
Unloading 1 Unused Serialized files (Serialized files now loaded: 5)
[MapGenAI] Applied state to tile 122
[MapGenAI] HandleResponse 원문: {"action":"generate","description":"실제 강의 동쪽과 서쪽에 90도 회전된 11x7 크기 폐허를 각각 2개씩 배치합니다. 강에서 2~12칸 거리를 유지하며 건물 간 최소 18칸 간격을 둡니다.","params":{"structure_ops":[{"op":"add","structure":{"id":"ruin_east","kind":"ruin","width":11,"height":7,"rotation":90,"count":2,"spacing":18,"relation":{"target":"river","side":"east","min_distance":2,"max_distance":12}}},{"op":"add","structure":{"id":"ruin_west","kind":"ruin","width":11,"height":7,"rotation":90,"count":2,"spacing":18,"relation":{"target":"river","side":"west","min_distance":2,"max_distance":12}}}]}}
[MapGenAI] 파싱된 action: generate
[MapGenAI] Applied state to tile 122
[SpatialProbe] river-banks: actual model relation response applied
[MapGenAI] Applied state to tile 122
[SpatialProbe] river-banks: actual model Undo/ask preserves state
[MapGenAI] Applied state to tile 122
[MapGenAI] Applied state to tile 122
[MapGenAI] 식생 밀도 적용: 0.00
[MapGenAI] 동물 밀도 적용: 0.00
[MapGenAI] 간헐천 수 적용: 0개, range=0.00~0.00 (원본=0.70~1.00)
[MapGenAI] 폐허 밀도 적용: 0.00 (보정=0.00), range=0.0~0.0
[MapGenAI] 위험 밀도 적용: 0.00 (보정=0.00), range=0.0~0.0
[SpatialProbe] river-banks: full-map count and success
[SpatialProbe] river-banks: rotated footprint dimensions
[SpatialProbe] river-banks: actual walls spawned
[SpatialProbe] river-banks: independent full-footprint distance/side/region verification
[SpatialProbe] river-banks: rotated footprint dimensions
[SpatialProbe] river-banks: actual walls spawned
[SpatialProbe] river-banks: independent full-footprint distance/side/region verification
[SpatialProbe] river-banks: rotated footprint dimensions
[SpatialProbe] river-banks: actual walls spawned
[SpatialProbe] river-banks: independent full-footprint distance/side/region verification
[SpatialProbe] river-banks: rotated footprint dimensions
[SpatialProbe] river-banks: actual walls spawned
[SpatialProbe] river-banks: independent full-footprint distance/side/region verification
[SpatialProbe] river-banks: minimum inter-structure gap
[SpatialProbe] river-banks: minimum inter-structure gap
[SpatialProbe] river-banks: minimum inter-structure gap
[SpatialProbe] river-banks: minimum inter-structure gap
[SpatialProbe] river-banks: minimum inter-structure gap
[SpatialProbe] river-banks: minimum inter-structure gap
[SpatialProbe] river-banks: state/world preserved and scope closed
[MapGenAI] Applied state to tile 0
[MapGenAI] HandleResponse 원문: {"action":"generate","description":"중앙 산의 서쪽 기슭(산 바위로부터 2~10칸 거리)에 최소 10칸 간격을 둔 9x7 폐허 2개를 배치했습니다. 기존 지형과 설정은 그대로 유지됩니다.","params":{"structure_ops":[{"op":"add","structure":{"count":2,"height":7,"id":"mountain_west_ruins","kind":"ruin","relation":{"max_distance":10,"min_distance":2,"side":"west","target":"mountain"},"spacing":10,"width":9}}]}}
[MapGenAI] 파싱된 action: generate
[MapGenAI] Applied state to tile 0
[SpatialProbe] foothills: actual model relation response applied
[MapGenAI] Applied state to tile 0
[SpatialProbe] foothills: actual model Undo/ask preserves state
[MapGenAI] Applied state to tile 0
[MapGenAI] Applied state to tile 0
[MapGenAI] 식생 밀도 적용: 0.00
[MapGenAI] 동물 밀도 적용: 0.00
[MapGenAI] 간헐천 수 적용: 0개, range=0.00~0.00 (원본=0.70~1.00)
[MapGenAI] 폐허 밀도 적용: 0.00 (보정=0.00), range=0.0~0.0
[MapGenAI] 위험 밀도 적용: 0.00 (보정=0.00), range=0.0~0.0
[SpatialProbe] foothills: full-map count and success
[SpatialProbe] foothills: rotated footprint dimensions
[SpatialProbe] foothills: actual walls spawned
[SpatialProbe] foothills: independent full-footprint distance/side/region verification
[SpatialProbe] foothills: rotated footprint dimensions
[SpatialProbe] foothills: actual walls spawned
[SpatialProbe] foothills: independent full-footprint distance/side/region verification
[SpatialProbe] foothills: minimum inter-structure gap
[SpatialProbe] foothills: state/world preserved and scope closed
[MapGenAI] Applied state to tile 2
[MapGenAI] HandleResponse 원문: {
  "action": "generate",
  "description": "가운데 섬(island)의 안쪽 가장자리에서 2~5칸 떨어진 위치에 9x7 크기의 폐허 3개를 최소 8칸 간격으로 배치하도록 설정했습니다.",
  "params": {
    "structure_ops": [
      {
        "op": "add",
        "structure": {
          "id": "island_ruins",
          "kind": "ruin",
          "region": "island",
          "width": 9,
          "height": 7,
          "count": 3,
          "spacing": 8,
          "relation": {
            "target": "region_edge",
            "side": "any",
            "min_distance": 2,
            "max_distance": 5
          }
        }
      }
    ]
  }
}
[MapGenAI] 파싱된 action: generate
[MapGenAI] Applied state to tile 2
[SpatialProbe] island-edge: actual model relation response applied
[MapGenAI] Applied state to tile 2
[SpatialProbe] island-edge: actual model Undo/ask preserves state
[MapGenAI] Applied state to tile 2
[MapGenAI] Applied state to tile 2
[MapGenAI] 식생 밀도 적용: 0.00
[MapGenAI] 동물 밀도 적용: 0.00
[MapGenAI] 간헐천 수 적용: 0개, range=0.00~0.00 (원본=0.70~1.00)
[MapGenAI] 폐허 밀도 적용: 0.00 (보정=0.00), range=0.0~0.0
[MapGenAI] 위험 밀도 적용: 0.00 (보정=0.00), range=0.0~0.0
[SpatialProbe] island-edge: full-map count and success
[SpatialProbe] island-edge: rotated footprint dimensions
[SpatialProbe] island-edge: actual walls spawned
[SpatialProbe] island-edge: independent full-footprint distance/side/region verification
[SpatialProbe] island-edge: rotated footprint dimensions
[SpatialProbe] island-edge: actual walls spawned
[SpatialProbe] island-edge: independent full-footprint distance/side/region verification
[SpatialProbe] island-edge: rotated footprint dimensions
[SpatialProbe] island-edge: actual walls spawned
[SpatialProbe] island-edge: independent full-footprint distance/side/region verification
[SpatialProbe] island-edge: minimum inter-structure gap
[SpatialProbe] island-edge: minimum inter-structure gap
[SpatialProbe] island-edge: minimum inter-structure gap
[SpatialProbe] island-edge: state/world preserved and scope closed
[MapGenAI] Applied state to tile 21
[MapGenAI] HandleResponse 원문: {
  "action": "generate",
  "description": "호수 북쪽 물가(거리 2~8칸)에 상호 간격 10칸 이상 떨어진 9x7 크기의 폐허 2개를 배치합니다.",
  "params": {
    "structure_ops": [
      {
        "op": "add",
        "structure": {
          "id": "ruins_north_lake",
          "kind": "ruin",
          "width": 9,
          "height": 7,
          "count": 2,
          "spacing": 10,
          "relation": {
            "target": "water",
            "side": "north",
            "min_distance": 2,
            "max_distance": 8
          }
        }
      }
    ]
  }
}
[MapGenAI] 파싱된 action: generate
[MapGenAI] Applied state to tile 21
[SpatialProbe] water-side: actual model relation response applied
[MapGenAI] Applied state to tile 21
[SpatialProbe] water-side: actual model Undo/ask preserves state
[MapGenAI] Applied state to tile 21
[MapGenAI] Applied state to tile 21
[MapGenAI] 식생 밀도 적용: 0.00
[MapGenAI] 동물 밀도 적용: 0.00
[MapGenAI] 간헐천 수 적용: 0개, range=0.00~0.00 (원본=0.70~1.00)
[MapGenAI] 폐허 밀도 적용: 0.00 (보정=0.00), range=0.0~0.0
[MapGenAI] 위험 밀도 적용: 0.00 (보정=0.00), range=0.0~0.0
[SpatialProbe] water-side: full-map count and success
[SpatialProbe] water-side: rotated footprint dimensions
[SpatialProbe] water-side: actual walls spawned
[SpatialProbe] water-side: independent full-footprint distance/side/region verification
[SpatialProbe] water-side: rotated footprint dimensions
[SpatialProbe] water-side: actual walls spawned
[SpatialProbe] water-side: independent full-footprint distance/side/region verification
[SpatialProbe] water-side: minimum inter-structure gap
[SpatialProbe] water-side: state/world preserved and scope closed
[MapGenAI] Applied state to tile 23
[MapGenAI] HandleResponse 원문: {"action":"ask","message":"현재 선택된 타일은 월드 강이 없는 내륙 평지 타일입니다. 강가에 구조물을 배치하려면 실제 강 지형이 존재해야 하지만, 강을 새로 만들지 않는 조건에서는 강가 기준(relation: target=\"river\")을 만족할 수 없어 폐허를 배치할 수 없습니다. 따라서 현재 설정을 그대로 유지합니다. 대신 호수(Lake) 등의 지형을 추가하여 물가(target: \"water\")에 폐허를 배치하거나, 특정 좌표에 폐허를 직접 배치하는 대안을 진행할 수 있습니다."}
[MapGenAI] 파싱된 action: ask
[SpatialProbe] missing-river: model explains missing target
[SpatialProbe] missing-river: actual model Undo/ask preserves state
[MapGenAI] Applied state to tile 23
[MapGenAI] Applied state to tile 23
[MapGenAI] 식생 밀도 적용: 0.00
[MapGenAI] 동물 밀도 적용: 0.00
[MapGenAI] 간헐천 수 적용: 0개, range=0.00~0.00 (원본=0.70~1.00)
[MapGenAI] 폐허 밀도 적용: 0.00 (보정=0.00), range=0.0~0.0
[MapGenAI] 위험 밀도 적용: 0.00 (보정=0.00), range=0.0~0.0
[MapGenAI] Authored generation: 배치 기준 지형이 없습니다 / Placement target is absent: river
[SpatialProbe] missing river rejects all positioned jobs before spawning
[SpatialProbe] missing-river: state/world preserved and scope closed
[MapGenAI] Applied state to tile 44
[MapGenAI] Applied state to tile 44
[MapGenAI] 식생 밀도 적용: 0.00
[MapGenAI] 동물 밀도 적용: 0.00
[MapGenAI] 간헐천 수 적용: 0개, range=0.00~0.00 (원본=0.70~1.00)
[MapGenAI] 폐허 밀도 적용: 0.00 (보정=0.00), range=0.0~0.0
[MapGenAI] 위험 밀도 적용: 0.00 (보정=0.00), range=0.0~0.0
[SpatialProbe] rotation-0: full-map count and success
[SpatialProbe] rotation-0: rotated footprint dimensions
[SpatialProbe] rotation-0: actual walls spawned
[SpatialProbe] rotation-0: state/world preserved and scope closed
[MapGenAI] Applied state to tile 67
[MapGenAI] Applied state to tile 67
[MapGenAI] 식생 밀도 적용: 0.00
[MapGenAI] 동물 밀도 적용: 0.00
[MapGenAI] 간헐천 수 적용: 0개, range=0.00~0.00 (원본=0.70~1.00)
[MapGenAI] 폐허 밀도 적용: 0.00 (보정=0.00), range=0.0~0.0
[MapGenAI] 위험 밀도 적용: 0.00 (보정=0.00), range=0.0~0.0
[SpatialProbe] rotation-90: full-map count and success
[SpatialProbe] rotation-90: rotated footprint dimensions
[SpatialProbe] rotation-90: actual walls spawned
[SpatialProbe] rotation-90: state/world preserved and scope closed
[MapGenAI] Applied state to tile 68
[MapGenAI] Applied state to tile 68
[MapGenAI] 식생 밀도 적용: 0.00
[MapGenAI] 동물 밀도 적용: 0.00
[MapGenAI] 간헐천 수 적용: 0개, range=0.00~0.00 (원본=0.70~1.00)
[MapGenAI] 폐허 밀도 적용: 0.00 (보정=0.00), range=0.0~0.0
[MapGenAI] 위험 밀도 적용: 0.00 (보정=0.00), range=0.0~0.0
[SpatialProbe] rotation-180: full-map count and success
[SpatialProbe] rotation-180: rotated footprint dimensions
[SpatialProbe] rotation-180: actual walls spawned
[SpatialProbe] rotation-180: state/world preserved and scope closed
[MapGenAI] Applied state to tile 73
[MapGenAI] Applied state to tile 73
[MapGenAI] 식생 밀도 적용: 0.00
[MapGenAI] 동물 밀도 적용: 0.00
[MapGenAI] 간헐천 수 적용: 0개, range=0.00~0.00 (원본=0.70~1.00)
[MapGenAI] 폐허 밀도 적용: 0.00 (보정=0.00), range=0.0~0.0
[MapGenAI] 위험 밀도 적용: 0.00 (보정=0.00), range=0.0~0.0
[SpatialProbe] rotation-270: full-map count and success
[SpatialProbe] rotation-270: rotated footprint dimensions
[SpatialProbe] rotation-270: actual walls spawned
[SpatialProbe] rotation-270: state/world preserved and scope closed
[SpatialProbe] actual ruin wall pattern rotates 90 degrees
[SpatialProbe] actual ruin wall pattern rotates 180 degrees
[SpatialProbe] actual ruin wall pattern rotates 270 degrees
[SpatialProbe] real Scribe relation/spacing/rotation roundtrip
[MapGenAI] Applied state to tile 138
[MapGenAI] 식생 밀도 적용: 0.00
[MapGenAI] 동물 밀도 적용: 0.00
[MapGenAI] 간헐천 수 적용: 0개, range=0.00~0.00 (원본=0.70~1.00)
[MapGenAI] 폐허 밀도 적용: 0.00 (보정=0.00), range=0.0~0.0
[MapGenAI] 위험 밀도 적용: 0.00 (보정=0.00), range=0.0~0.0
[SpatialProbe] real background preview enforces island-edge relation and retains plans only
[SpatialProbe] preview full footprint stays inside island
[SpatialProbe] preview full footprint stays inside island
[SpatialProbe] preview full footprint stays inside island
Unloading 1 unused Assets to reduce memory usage. Loaded Objects now: 62795.
Total: 205.451400 ms (FindLiveObjects: 2.756000 ms CreateObjectMapping: 1.701400 ms MarkObjects: 200.914200 ms  DeleteObjects: 0.079300 ms)

Memory Statistics:
[ALLOC_TEMP_TLS] TLS Allocator
  StackAllocators : 
    [ALLOC_TEMP_MAIN]
      Peak usage frame count: [0-1.0 KB]: 636 frames, [1.0 KB-2.0 KB]: 1 frames, [2.0 KB-4.0 KB]: 1 frames, [8.0 KB-16.0 KB]: 1 frames, [32.0 KB-64.0 KB]: 1 frames, [128.0 KB-256.0 KB]: 1 frames, [2.0 MB-4.0 MB]: 3 frames
      Initial Block Size 4.0 MB
      Current Block Size 7.8 MB
      Peak Allocated Bytes 7.8 MB
      Overflow Count 4
    [ALLOC_TEMP_Loading.AsyncRead]
      Initial Block Size 64.0 KB
      Current Block Size 120.0 KB
      Peak Allocated Bytes 117.2 KB
      Overflow Count 0
    [ALLOC_TEMP_Loading.PreloadManager]
      Initial Block Size 256.0 KB
      Current Block Size 256.0 KB
      Peak Allocated Bytes 3.8 KB
      Overflow Count 8
    [ALLOC_TEMP_Background Job.Worker 8]
      Initial Block Size 32.0 KB
      Current Block Size 32.0 KB
      Peak Allocated Bytes 54 B
      Overflow Count 0
    [ALLOC_TEMP_Job.Worker 6]
      Initial Block Size 256.0 KB
      Current Block Size 256.0 KB
      Peak Allocated Bytes 0 B
      Overflow Count 0
    [ALLOC_TEMP_Job.Worker 0]
      Initial Block Size 256.0 KB
      Current Block Size 256.0 KB
      Peak Allocated Bytes 0 B
      Overflow Count 0
    [ALLOC_TEMP_Background Job.Worker 10]
      Initial Block Size 32.0 KB
      Current Block Size 32.0 KB
      Peak Allocated Bytes 54 B
      Overflow Count 0
    [ALLOC_TEMP_Background Job.Worker 9]
      Initial Block Size 32.0 KB
      Current Block Size 32.0 KB
      Peak Allocated Bytes 54 B
      Overflow Count 0
    [ALLOC_TEMP_Job.Worker 5]
      Initial Block Size 256.0 KB
      Current Block Size 256.0 KB
      Peak Allocated Bytes 0 B
      Overflow Count 0
    [ALLOC_TEMP_Background Job.Worker 14]
      Initial Block Size 32.0 KB
      Current Block Size 32.0 KB
      Peak Allocated Bytes 54 B
      Overflow Count 0
    [ALLOC_TEMP_Background Job.Worker 6]
      Initial Block Size 32.0 KB
      Current Block Size 32.0 KB
      Peak Allocated Bytes 54 B
      Overflow Count 0
    [ALLOC_TEMP_Job.Worker 4]
      Initial Block Size 256.0 KB
      Current Block Size 256.0 KB
      Peak Allocated Bytes 0 B
      Overflow Count 0
    [ALLOC_TEMP_Job.Worker 14]
      Initial Block Size 256.0 KB
      Current Block Size 256.0 KB
      Peak Allocated Bytes 54 B
      Overflow Count 0
    [ALLOC_TEMP_Job.Worker 3]
      Initial Block Size 256.0 KB
      Current Block Size 256.0 KB
      Peak Allocated Bytes 144 B
      Overflow Count 0
    [ALLOC_TEMP_Job.Worker 13]
      Initial Block Size 256.0 KB
      Current Block Size 256.0 KB
      Peak Allocated Bytes 54 B
      Overflow Count 0
    [ALLOC_TEMP_Background Job.Worker 12]
      Initial Block Size 32.0 KB
      Current Block Size 32.0 KB
      Peak Allocated Bytes 54 B
      Overflow Count 0
    [ALLOC_TEMP_EnlightenWorker] x 8
      Initial Block Size 64.0 KB
      Current Block Size 64.0 KB
      Peak Allocated Bytes 54 B
      Overflow Count 0
    [ALLOC_TEMP_Background Job.Worker 15]
      Initial Block Size 32.0 KB
      Current Block Size 32.0 KB
      Peak Allocated Bytes 54 B
      Overflow Count 0
    [ALLOC_TEMP_Background Job.Worker 1]
      Initial Block Size 32.0 KB
      Current Block Size 32.0 KB
      Peak Allocated Bytes 54 B
      Overflow Count 0
    [ALLOC_TEMP_Background Job.Worker 2]
      Initial Block Size 32.0 KB
      Current Block Size 32.0 KB
      Peak Allocated Bytes 54 B
      Overflow Count 0
    [ALLOC_TEMP_Background Job.Worker 7]
      Initial Block Size 32.0 KB
      Current Block Size 32.0 KB
      Peak Allocated Bytes 54 B
      Overflow Count 0
    [ALLOC_TEMP_AssetGarbageCollectorHelper] x 15
      Initial Block Size 64.0 KB
      Current Block Size 64.0 KB
      Peak Allocated Bytes 138 B
      Overflow Count 0
    [ALLOC_TEMP_Background Job.Worker 5]
      Initial Block Size 32.0 KB
      Current Block Size 32.0 KB
      Peak Allocated Bytes 54 B
      Overflow Count 0
    [ALLOC_TEMP_Job.Worker 9]
      Initial Block Size 256.0 KB
      Current Block Size 256.0 KB
      Peak Allocated Bytes 0 B
      Overflow Count 0
    [ALLOC_TEMP_Background Job.Worker 13]
      Initial Block Size 32.0 KB
      Current Block Size 32.0 KB
      Peak Allocated Bytes 54 B
      Overflow Count 0
    [ALLOC_TEMP_Job.Worker 8]
      Initial Block Size 256.0 KB
      Current Block Size 256.0 KB
      Peak Allocated Bytes 0 B
      Overflow Count 0
    [ALLOC_TEMP_Job.Worker 7]
      Initial Block Size 256.0 KB
      Current Block Size 256.0 KB
      Peak Allocated Bytes 0 B
      Overflow Count 0
    [ALLOC_TEMP_Job.Worker 1]
      Initial Block Size 256.0 KB
      Current Block Size 256.0 KB
      Peak Allocated Bytes 507 B
      Overflow Count 0
    [ALLOC_TEMP_Job.Worker 2]
      Initial Block Size 256.0 KB
      Current Block Size 256.0 KB
      Peak Allocated Bytes 480 B
      Overflow Count 0
    [ALLOC_TEMP_Background Job.Worker 3]
      Initial Block Size 32.0 KB
      Current Block Size 32.0 KB
      Peak Allocated Bytes 54 B
      Overflow Count 0
    [ALLOC_TEMP_Background Job.Worker 11]
      Initial Block Size 32.0 KB
      Current Block Size 32.0 KB
      Peak Allocated Bytes 54 B
      Overflow Count 0
    [ALLOC_TEMP_Job.Worker 10]
      Initial Block Size 256.0 KB
      Current Block Size 256.0 KB
      Peak Allocated Bytes 54 B
      Overflow Count 0
    [ALLOC_TEMP_Background Job.Worker 0]
      Initial Block Size 32.0 KB
      Current Block Size 32.0 KB
      Peak Allocated Bytes 54 B
      Overflow Count 0
    [ALLOC_TEMP_Job.Worker 11]
      Initial Block Size 256.0 KB
      Current Block Size 256.0 KB
      Peak Allocated Bytes 54 B
      Overflow Count 0
    [ALLOC_TEMP_Job.Worker 12]
      Initial Block Size 256.0 KB
      Current Block Size 256.0 KB
      Peak Allocated Bytes 54 B
      Overflow Count 0
    [ALLOC_TEMP_Background Job.Worker 4]
      Initial Block Size 32.0 KB
      Current Block Size 32.0 KB
      Peak Allocated Bytes 54 B
      Overflow Count 0
    [ALLOC_TEMP_BatchDeleteObjects]
      Initial Block Size 64.0 KB
      Current Block Size 64.0 KB
      Peak Allocated Bytes 54 B
      Overflow Count 0
[ALLOC_DEFAULT] Dual Thread Allocator
  Peak main deferred allocation count 41780
    [ALLOC_BUCKET]
      Large Block size 4.0 MB
      Used Block count 1
      Peak Allocated bytes 4.0 MB
      Failed Allocations. Bucket layout:
        16B: 4 Subsections = 4096 buckets. Failed count: 26361
        32B: 33 Subsections = 16896 buckets. Failed count: 40802
        48B: 48 Subsections = 16384 buckets. Failed count: 81308
        64B: 39 Subsections = 9984 buckets. Failed count: 32605
        80B: 85 Subsections = 17408 buckets. Failed count: 22092
        96B: 31 Subsections = 5290 buckets. Failed count: 41216
        112B: 10 Subsections = 1462 buckets. Failed count: 9836
        128B: 6 Subsections = 768 buckets. Failed count: 8054
    [ALLOC_DEFAULT_MAIN]
      Peak usage frame count: [16.0 MB-32.0 MB]: 356 frames, [128.0 MB-256.0 MB]: 287 frames, [1.00 GB-2.00 GB]: 1 frames
      Requested Block Size 16.0 MB
      Peak Block count 67
      Peak Allocated memory 1.04 GB
      Peak Large allocation bytes 11.3 MB
    [ALLOC_DEFAULT_THREAD]
      Peak usage frame count: [4.0 MB-8.0 MB]: 1 frames, [8.0 MB-16.0 MB]: 381 frames, [16.0 MB-32.0 MB]: 4 frames, [32.0 MB-64.0 MB]: 257 frames, [128.0 MB-256.0 MB]: 1 frames
      Requested Block Size 16.0 MB
      Peak Block count 13
      Peak Allocated memory 186.1 MB
      Peak Large allocation bytes 0 B
[ALLOC_TEMP_JOB_1_FRAME]
  Initial Block Size 2.0 MB
  Used Block Count 0
  Overflow Count (too large) 0
  Overflow Count (full) 0
[ALLOC_TEMP_JOB_2_FRAMES]
  Initial Block Size 2.0 MB
  Used Block Count 0
  Overflow Count (too large) 0
  Overflow Count (full) 0
[ALLOC_TEMP_JOB_4_FRAMES (JobTemp)]
  Initial Block Size 2.0 MB
  Used Block Count 1
  Overflow Count (too large) 0
  Overflow Count (full) 0
[ALLOC_TEMP_JOB_ASYNC (Background)]
  Initial Block Size 1.0 MB
  Used Block Count 1
  Overflow Count (too large) 0
  Overflow Count (full) 0
[ALLOC_GFX] Dual Thread Allocator
  Peak main deferred allocation count 0
    [ALLOC_BUCKET]
      Large Block size 4.0 MB
      Used Block count 1
      Peak Allocated bytes 4.0 MB
      Failed Allocations. Bucket layout:
        16B: 4 Subsections = 4096 buckets. Failed count: 26361
        32B: 33 Subsections = 16896 buckets. Failed count: 40802
        48B: 48 Subsections = 16384 buckets. Failed count: 81308
        64B: 39 Subsections = 9984 buckets. Failed count: 32605
        80B: 85 Subsections = 17408 buckets. Failed count: 22092
        96B: 31 Subsections = 5290 buckets. Failed count: 41216
        112B: 10 Subsections = 1462 buckets. Failed count: 9836
        128B: 6 Subsections = 768 buckets. Failed count: 8054
    [ALLOC_GFX_MAIN]
      Peak usage frame count: [64.0 KB-128.0 KB]: 1 frames, [2.0 MB-4.0 MB]: 641 frames, [128.0 MB-256.0 MB]: 1 frames, [256.0 MB-0.50 GB]: 1 frames
      Requested Block Size 16.0 MB
      Peak Block count 21
      Peak Allocated memory 322.3 MB
      Peak Large allocation bytes 213.1 MB
    [ALLOC_GFX_THREAD]
      Peak usage frame count: [0-1.0 KB]: 643 frames, [1.0 KB-2.0 KB]: 1 frames
      Requested Block Size 16.0 MB
      Peak Block count 1
      Peak Allocated memory 1.2 KB
      Peak Large allocation bytes 0 B
[ALLOC_CACHEOBJECTS] Dual Thread Allocator
  Peak main deferred allocation count 101
    [ALLOC_BUCKET]
      Large Block size 4.0 MB
      Used Block count 1
      Peak Allocated bytes 4.0 MB
      Failed Allocations. Bucket layout:
        16B: 4 Subsections = 4096 buckets. Failed count: 26361
        32B: 33 Subsections = 16896 buckets. Failed count: 40802
        48B: 48 Subsections = 16384 buckets. Failed count: 81308
        64B: 39 Subsections = 9984 buckets. Failed count: 32605
        80B: 85 Subsections = 17408 buckets. Failed count: 22092
        96B: 31 Subsections = 5290 buckets. Failed count: 41216
        112B: 10 Subsections = 1462 buckets. Failed count: 9836
        128B: 6 Subsections = 768 buckets. Failed count: 8054
    [ALLOC_CACHEOBJECTS_MAIN]
      Peak usage frame count: [4.0 MB-8.0 MB]: 356 frames, [8.0 MB-16.0 MB]: 288 frames
      Requested Block Size 4.0 MB
      Peak Block count 5
      Peak Allocated memory 15.8 MB
      Peak Large allocation bytes 0 B
    [ALLOC_CACHEOBJECTS_THREAD]
      Peak usage frame count: [4.0 KB-8.0 KB]: 576 frames, [32.0 KB-64.0 KB]: 1 frames, [64.0 KB-128.0 KB]: 65 frames, [256.0 KB-0.5 MB]: 1 frames, [0.5 MB-1.0 MB]: 1 frames
      Requested Block Size 4.0 MB
      Peak Block count 1
      Peak Allocated memory 0.6 MB
      Peak Large allocation bytes 0 B
[ALLOC_TYPETREE] Dual Thread Allocator
  Peak main deferred allocation count 0
    [ALLOC_BUCKET]
      Large Block size 4.0 MB
      Used Block count 1
      Peak Allocated bytes 4.0 MB
      Failed Allocations. Bucket layout:
        16B: 4 Subsections = 4096 buckets. Failed count: 26361
        32B: 33 Subsections = 16896 buckets. Failed count: 40802
        48B: 48 Subsections = 16384 buckets. Failed count: 81308
        64B: 39 Subsections = 9984 buckets. Failed count: 32605
        80B: 85 Subsections = 17408 buckets. Failed count: 22092
        96B: 31 Subsections = 5290 buckets. Failed count: 41216
        112B: 10 Subsections = 1462 buckets. Failed count: 9836
        128B: 6 Subsections = 768 buckets. Failed count: 8054
    [ALLOC_TYPETREE_MAIN]
      Peak usage frame count: [4.0 KB-8.0 KB]: 1 frames, [8.0 KB-16.0 KB]: 355 frames, [32.0 KB-64.0 KB]: 288 frames
      Requested Block Size 2.0 MB
      Peak Block count 1
      Peak Allocated memory 50.0 KB
      Peak Large allocation bytes 0 B
    [ALLOC_TYPETREE_THREAD]
      Peak usage frame count: [0-1.0 KB]: 644 frames
      Requested Block Size 2.0 MB
      Peak Block count 0
      Peak Allocated memory 0 B
      Peak Large allocation bytes 0 B
