Mono path[0] = 'G:/SteamLibrary/steamapps/common/RimWorld/RimWorldWin64_Data/Managed'
Mono config path = 'G:/SteamLibrary/steamapps/common/RimWorld/MonoBleedingEdge/etc'
[PhysX] Initialized MultithreadedTaskDispatcher with 16 workers.
Initialize engine version: 2022.3.35f1 (011206c7a712)
[Subsystems] Discovering subsystems at path G:/SteamLibrary/steamapps/common/RimWorld/RimWorldWin64_Data/UnitySubsystems
GfxDevice: creating device client; threaded=0; jobified=0
Direct3D:
    Version:  Direct3D 11.0 [level 11.1]
    Renderer: NVIDIA GeForce RTX 4070 Ti SUPER (ID=0x2705)
    Vendor:   NVIDIA
    VRAM:     16061 MB
    Driver:   32.0.15.9186
Begin MonoManager ReloadAssembly
- Loaded All Assemblies, in  0.089 seconds
- Finished resetting the current domain, in  0.001 seconds
[PhysX] Initialized MultithreadedTaskDispatcher with 16 workers.
UnloadTime: 0.473000 ms
Command line arguments: -batchmode -screen-fullscreen 0 -screen-width 960 -screen-height 640 -savedatafolder=C:\Users\choco\AppData\Local\mapgen-ai-probe\profile-20260914-232802 -mapgenAIProbe=F:\Projects\Rimworld\active\mapgen_ai\docs\analysis\2026-09-14-feature-feedback\native-vle-r1 -logFile F:\Projects\Rimworld\active\mapgen_ai\docs\analysis\2026-09-14-feature-feedback\native-vle-r1\Player.log -mapgenAIFeatureFeedback=true
RimWorld 1.6.4871 rev591
Save data folder overridden to C:\Users\choco\AppData\Local\mapgen-ai-probe\profile-20260914-232802
Mod Draconis Koelime Fix dependency (Draconis.Koelime) needs to have <downloadUrl> and/or <steamWorkshopUrl> specified.
Mod Draconis Koelime Fix dependency (brrainz.harmony) needs to have <downloadUrl> and/or <steamWorkshopUrl> specified.
Mod World Domination dependency (vanillaexpanded.outposts) needs to have <downloadUrl> and/or <steamWorkshopUrl> specified.
Mod World Domination dependency (oskarpotocki.vanillafactionsexpanded.core) needs to have <downloadUrl> and/or <steamWorkshopUrl> specified.
Mod World Domination dependency (brrainz.harmony) needs to have <downloadUrl> and/or <steamWorkshopUrl> specified.
Mod Paniel: The Hidden Protocol dependency (kalospacer.AhnDemi.PanieltheAutomata) needs to have <downloadUrl> and/or <steamWorkshopUrl> specified.
Mod Yuran Furshaved Continue has a dependency (RooAndGloomy.YuranRaceMod) with empty display name.
Mod Yuran Furshaved Continue dependency (RooAndGloomy.YuranRaceMod) needs to have <downloadUrl> and/or <steamWorkshopUrl> specified.
Mod Roren Facial Animation dependency (Po210.RorenRaceModOfficial) needs to have <downloadUrl> and/or <steamWorkshopUrl> specified.
Mod Ratkin Gene Expanded dependency (EoralMilk.PawnTextureOffsetAdjuster) needs to have <downloadUrl> and/or <steamWorkshopUrl> specified.
Mod Taste of Vanilla - The Alpha Mythology dependency (sarg.magicalmenagerie) needs to have <downloadUrl> and/or <steamWorkshopUrl> specified.
Tried loading mod with the same packageId multiple times: Owlchemist.MidSaverSaver. Ignoring the duplicates.
G:\SteamLibrary\steamapps\workshop\content\294100\2921585989
G:\SteamLibrary\steamapps\workshop\content\294100\3261311100
Fallback handler could not load library G:/SteamLibrary/steamapps/common/RimWorld/RimWorldWin64_Data/MonoBleedingEdge/data-000001FF3326A040.dll
Fallback handler could not load library G:/SteamLibrary/steamapps/common/RimWorld/RimWorldWin64_Data/MonoBleedingEdge/data-000001FF335F40D0.dll
Fallback handler could not load library G:/SteamLibrary/steamapps/common/RimWorld/RimWorldWin64_Data/MonoBleedingEdge/data-000001FF3482B020.dll
Exception getting types in assembly MapGenAI.RuntimeProbe, Version=1.0.0.0, Culture=neutral, PublicKeyToken=null. Some types may not work correctly. Exception: System.Reflection.ReflectionTypeLoadException: Exception of type 'System.Reflection.ReflectionTypeLoadException' was thrown.
Could not load type of field 'MapGenAI.RuntimeProbe.FeatureFeedbackProbe+<>c:<>9__13_0' (14) due to: Could not resolve type with token 0100002d from typeref (expected class 'MapPreview.MapPreviewResult' in assembly 'MapPreview, Version=1.12.24.0, Culture=neutral, PublicKeyToken=null') assembly:MapPreview, Version=1.12.24.0, Culture=neutral, PublicKeyToken=null type:MapPreview.MapPreviewResult member:(null)
[Ref 7339E16C]
(wrapper managed-to-native) System.Reflection.Assembly.GetTypes(System.Reflection.Assembly,bool)
  at System.Reflection.Assembly.GetTypes () [0x00000] in <51fded79cd284d4d911c5949aff4cb21>:0 
  at Verse.GenTypes.get_AllTypes () [0x00037] in <61e4173561894da49d210260257b5097>:0 
System.TypeLoadException: Could not load type of field 'MapGenAI.RuntimeProbe.FeatureFeedbackProbe+<>c:<>9__13_0' (14) due to: Could not resolve type with token 0100002d from typeref (expected class 'MapPreview.MapPreviewResult' in assembly 'MapPreview, Version=1.12.24.0, Culture=neutral, PublicKeyToken=null') assembly:MapPreview, Version=1.12.24.0, Culture=neutral, PublicKeyToken=null type:MapPreview.MapPreviewResult member:(null)
Translation data for language Korean has 3 errors. Generate translation report for more info.
[TrueTerrainColors v1.12.26] Extracted true colors from 441 terrain defs in 0.04 seconds.
Unloading 5 Unused Serialized files (Serialized files now loaded: 5)
MVCF successfully applied 0 patches
[MapGenAI] 저장된 이미지 지형이 손상되어 복구했습니다. 확인 후 다시 적용하세요. / Invalid saved image terrain was repaired; review before applying.
[MapGenAI] 저장된 이미지 지형이 손상되어 복구했습니다. 확인 후 다시 적용하세요. / Invalid saved image terrain was repaired; review before applying.
Unloading 99 unused Assets to reduce memory usage. Loaded Objects now: 27458.
Total: 168.299300 ms (FindLiveObjects: 1.111800 ms CreateObjectMapping: 0.540900 ms MarkObjects: 166.327500 ms  DeleteObjects: 0.318700 ms)

Unloading 3 Unused Serialized files (Serialized files now loaded: 5)
[PhysX] Initialized MultithreadedTaskDispatcher with 16 workers.
UnloadTime: 2.044700 ms
Unloading 3 unused Assets to reduce memory usage. Loaded Objects now: 27637.
Total: 156.996900 ms (FindLiveObjects: 1.226100 ms CreateObjectMapping: 0.504300 ms MarkObjects: 155.222100 ms  DeleteObjects: 0.044000 ms)

Initializing new game with mods:
  - brrainz.harmony
  - Ludeon.RimWorld
  - Ludeon.RimWorld.Royalty
  - Ludeon.RimWorld.Ideology
  - Ludeon.RimWorld.Biotech
  - Ludeon.RimWorld.Anomaly
  - Ludeon.RimWorld.Odyssey
  - OskarPotocki.VanillaFactionsExpanded.Core
  - VanillaExpanded.VExplorationE
  - m00nl1ght.MapPreview
  - choco.mapgenai.probe.20260914232802
Unloading 1 Unused Serialized files (Serialized files now loaded: 5)
Unloading 1 unused Assets to reduce memory usage. Loaded Objects now: 28857.
Total: 157.137200 ms (FindLiveObjects: 1.086800 ms CreateObjectMapping: 0.354600 ms MarkObjects: 155.636600 ms  DeleteObjects: 0.058800 ms)

Resolution too small (0x0), resetting UI scale to 1.
