Mono path[0] = 'G:/SteamLibrary/steamapps/common/RimWorld/RimWorldWin64_Data/Managed'
Mono config path = 'G:/SteamLibrary/steamapps/common/RimWorld/MonoBleedingEdge/etc'
[PhysX] Initialized MultithreadedTaskDispatcher with 16 workers.
Initialize engine version: 2022.3.35f1 (011206c7a712)
[Subsystems] Discovering subsystems at path G:/SteamLibrary/steamapps/common/RimWorld/RimWorldWin64_Data/UnitySubsystems
GfxDevice: creating device client; threaded=0; jobified=0
Direct3D:
    Version:  Direct3D 11.0 [level 11.1]
    Renderer: NVIDIA GeForce RTX 4070 Ti SUPER (ID=0x2705)
    Vendor:   NVIDIA
    VRAM:     16061 MB
    Driver:   32.0.15.9186
Begin MonoManager ReloadAssembly
- Loaded All Assemblies, in  0.077 seconds
- Finished resetting the current domain, in  0.001 seconds
[PhysX] Initialized MultithreadedTaskDispatcher with 16 workers.
UnloadTime: 0.472500 ms
Command line arguments: -batchmode -screen-fullscreen 0 -screen-width 960 -screen-height 640 -savedatafolder=C:\Users\choco\AppData\Local\mapgen-ai-probe\profile-20260915-233633 -mapgenAIProbe=F:\Projects\Rimworld\active\mapgen_ai\docs\analysis\2026-09-15-landform-suite\baseline-r2-s0 -logFile F:\Projects\Rimworld\active\mapgen_ai\docs\analysis\2026-09-15-landform-suite\baseline-r2-s0\Player.log -mapgenAILandformSuite=F:\Projects\Rimworld\active\mapgen_ai\docs\analysis\2026-09-15-landform-suite\cases.json -mapgenAILandformSample=0 -mapgenAILandformReplies=F:\Projects\Rimworld\active\mapgen_ai\docs\analysis\2026-09-15-landform-suite\provider-baseline
RimWorld 1.6.4871 rev591
Save data folder overridden to C:\Users\choco\AppData\Local\mapgen-ai-probe\profile-20260915-233633
Mod Draconis Koelime Fix dependency (Draconis.Koelime) needs to have <downloadUrl> and/or <steamWorkshopUrl> specified.
Mod Draconis Koelime Fix dependency (brrainz.harmony) needs to have <downloadUrl> and/or <steamWorkshopUrl> specified.
Mod World Domination dependency (vanillaexpanded.outposts) needs to have <downloadUrl> and/or <steamWorkshopUrl> specified.
Mod World Domination dependency (oskarpotocki.vanillafactionsexpanded.core) needs to have <downloadUrl> and/or <steamWorkshopUrl> specified.
Mod World Domination dependency (brrainz.harmony) needs to have <downloadUrl> and/or <steamWorkshopUrl> specified.
Mod Paniel: The Hidden Protocol dependency (kalospacer.AhnDemi.PanieltheAutomata) needs to have <downloadUrl> and/or <steamWorkshopUrl> specified.
Mod Yuran Furshaved Continue has a dependency (RooAndGloomy.YuranRaceMod) with empty display name.
Mod Yuran Furshaved Continue dependency (RooAndGloomy.YuranRaceMod) needs to have <downloadUrl> and/or <steamWorkshopUrl> specified.
Mod Roren Facial Animation dependency (Po210.RorenRaceModOfficial) needs to have <downloadUrl> and/or <steamWorkshopUrl> specified.
Mod Ratkin Gene Expanded dependency (EoralMilk.PawnTextureOffsetAdjuster) needs to have <downloadUrl> and/or <steamWorkshopUrl> specified.
Mod Taste of Vanilla - The Alpha Mythology dependency (sarg.magicalmenagerie) needs to have <downloadUrl> and/or <steamWorkshopUrl> specified.
Tried loading mod with the same packageId multiple times: Owlchemist.MidSaverSaver. Ignoring the duplicates.
G:\SteamLibrary\steamapps\workshop\content\294100\2921585989
G:\SteamLibrary\steamapps\workshop\content\294100\3261311100
Fallback handler could not load library G:/SteamLibrary/steamapps/common/RimWorld/RimWorldWin64_Data/MonoBleedingEdge/data-000002B22B83B040.dll
Fallback handler could not load library G:/SteamLibrary/steamapps/common/RimWorld/RimWorldWin64_Data/MonoBleedingEdge/data-000002B22F5A7D30.dll
Fallback handler could not load library G:/SteamLibrary/steamapps/common/RimWorld/RimWorldWin64_Data/MonoBleedingEdge/data-000002B22F9C1020.dll
[TrueTerrainColors v1.12.26] Extracted true colors from 384 terrain defs in 0.05 seconds.
Unloading 5 Unused Serialized files (Serialized files now loaded: 5)
Modifying the initial rand seed. Call PushState() first. The initial rand seed should always be based on the startup time and set only once.
[MapGenAI] 저장된 이미지 지형이 손상되어 복구했습니다. 확인 후 다시 적용하세요. / Invalid saved image terrain was repaired; review before applying.
[MapGenAI] 저장된 이미지 지형이 손상되어 복구했습니다. 확인 후 다시 적용하세요. / Invalid saved image terrain was repaired; review before applying.
Unloading 99 unused Assets to reduce memory usage. Loaded Objects now: 26487.
Total: 159.247800 ms (FindLiveObjects: 1.095300 ms CreateObjectMapping: 0.321600 ms MarkObjects: 157.450300 ms  DeleteObjects: 0.380400 ms)

Unloading 3 Unused Serialized files (Serialized files now loaded: 5)
[PhysX] Initialized MultithreadedTaskDispatcher with 16 workers.
UnloadTime: 1.687300 ms
Unloading 3 unused Assets to reduce memory usage. Loaded Objects now: 26666.
Total: 139.822100 ms (FindLiveObjects: 1.101200 ms CreateObjectMapping: 0.294000 ms MarkObjects: 138.383800 ms  DeleteObjects: 0.042800 ms)

Initializing new game with mods:
  - brrainz.harmony
  - Ludeon.RimWorld
  - Ludeon.RimWorld.Royalty
  - Ludeon.RimWorld.Ideology
  - Ludeon.RimWorld.Biotech
  - Ludeon.RimWorld.Anomaly
  - Ludeon.RimWorld.Odyssey
  - m00nl1ght.MapPreview
  - choco.mapgenai.probe.20260915233633
Unloading 1 Unused Serialized files (Serialized files now loaded: 5)
[MapGenAI] Applied state to tile 10
[MapGenAI] Applied state to tile 10
[MapGenAI] HandleResponse 원문: {
  "action": "generate",
  "description": "맵 중앙에 반지름 약 20% 크기의 외딴 원형 산을 생성하고 주변을 평지로 유지합니다.",
  "params": {
    "shape_ops": [
      {
        "op": "add",
        "shape": {
          "id": "center_round_mountain",
          "type": "composite",
          "shapes": [
            {
              "id": "c1",
              "prim": "circle",
              "center": [0.5, 0.5],
              "r": 0.2
            }
          ],
          "compose": [
            {
              "op": "add",
              "s": "c1",
              "e": 0.85
            }
          ]
        }
      }
    ]
  }
}
[MapGenAI] 파싱된 action: generate
[MapGenAI] Applied state to tile 10
[MapGenAI] Applied state to tile 10
[MapGenAI] Applied state to tile 10
[MapGenAI] Applied state to tile 10
[MapGenAI] Applied state to tile 20
[MapGenAI] Applied state to tile 20
[MapGenAI] HandleResponse 원문: {
  "action": "generate",
  "description": "중앙에 직경 약 40% 크기의 산이 솟아 있고 주변은 평평한 지형",
  "params": {
    "hills": "none",
    "hill_amount": 0.1,
    "elevation_shapes": [
      {
        "type": "bump",
        "position": "center",
        "size": 0.2,
        "strength": "strong"
      }
    ]
  }
}
[MapGenAI] 파싱된 action: generate
[MapGenAI] Applied state to tile 20
[MapGenAI] Applied state to tile 20
[MapGenAI] Applied state to tile 20
[MapGenAI] Applied state to tile 20
Scatterer RimWorld.GenStep_ScatterAncientMechs from def AncientMechs could not find cell to generate at.
[MapGenAI] Applied state to tile 33
[MapGenAI] Applied state to tile 33
[MapGenAI] HandleResponse 원문: {"action":"generate","description":"중앙에 자연스러운 칼데라 산 고리를 생성하고 내부는 평지로 둘러쌉니다.","params":{"shape_ops":[{"op":"add","shape":{"id":"caldera_ring","type":"composite","edge_roughness":"medium","shapes":[{"id":"outer","prim":"circle","center":[0.5,0.5],"r":0.35},{"id":"inner","prim":"circle","center":[0.5,0.5],"r":0.18}],"compose":[{"op":"sub","a":"inner","from":"outer","out":"ring"},{"op":"add","s":"ring","e":0.8}]}}]}}
[MapGenAI] 파싱된 action: generate
[MapGenAI] Applied state to tile 33
[MapGenAI] Applied state to tile 33
[MapGenAI] Applied state to tile 33
[MapGenAI] Applied state to tile 33
[MapGenAI] Applied state to tile 36
[MapGenAI] Applied state to tile 36
[MapGenAI] HandleResponse 원문: {"action":"generate","description":"중앙에 빈 평지가 있는 울퉁불퉁한 도넛형 고리 산맥","params":{"shape_ops":[{"op":"add","shape":{"id":"mountain_donut","type":"composite","edge_roughness":"medium","shapes":[{"id":"outer","prim":"circle","center":[0.5,0.5],"r":0.35},{"id":"inner","prim":"circle","center":[0.5,0.5],"r":0.18}],"compose":[{"op":"sub","a":"inner","from":"outer","out":"ring"},{"op":"add","s":"ring","e":0.8}]}}]}}
[MapGenAI] 파싱된 action: generate
[MapGenAI] Applied state to tile 36
[MapGenAI] Applied state to tile 36
[MapGenAI] Applied state to tile 36
[MapGenAI] Applied state to tile 36
[MapGenAI] Applied state to tile 68
[MapGenAI] Applied state to tile 68
[MapGenAI] HandleResponse 원문: {"action":"generate","description":"중앙 내부에서 남쪽 맵 가장자리까지 이어지는 흙 바닥의 마른 출구 통로를 추가합니다.","params":{"shape_ops":[{"op":"add","shape":{"id":"south_pass","type":"composite","shapes":[{"id":"cut","prim":"rect","center":[0.5,0.22],"w":0.07,"h":0.44}],"compose":[{"op":"add","s":"cut","fill":"Soil","e":0.05,"f":0.01}]}}]}}
[MapGenAI] 파싱된 action: generate
[MapGenAI] Applied state to tile 68
[MapGenAI] Applied state to tile 68
[MapGenAI] Applied state to tile 68
[MapGenAI] Applied state to tile 68
[MapGenAI] Applied state to tile 115
[MapGenAI] Applied state to tile 115
[MapGenAI] HandleResponse 원문: {"action":"generate","description":"중앙 산 고리의 내부에서 남쪽 바깥까지 걸어나갈 수 있도록 폭 8칸 이상의 마른 흙길 통로를 뚫었습니다.","params":{"shape_ops":[{"op":"add","shape":{"id":"south_pass","type":"composite","shapes":[{"id":"cut","prim":"rect","center":[0.5,0.2],"w":0.07,"h":0.4}],"compose":[{"op":"add","s":"cut","fill":"soil","e":0.05,"f":0.01}]}}]}}
[MapGenAI] 파싱된 action: generate
[MapGenAI] Applied state to tile 115
[MapGenAI] Applied state to tile 115
[MapGenAI] Applied state to tile 115
[MapGenAI] Applied state to tile 115
[MapGenAI] Applied state to tile 120
[MapGenAI] Applied state to tile 120
[MapGenAI] HandleResponse 원문: {
  "action": "generate",
  "description": "기존 산 중앙을 동서로 관통하는 직선 마른 흙 협곡 통로를 추가했습니다.",
  "params": {
    "shape_ops": [
      {
        "op": "add",
        "shape": {
          "id": "canyon_pass",
          "type": "composite",
          "shapes": [
            {
              "id": "pass_cut",
              "prim": "rect",
              "center": [0.5, 0.5],
              "w": 1.0,
              "h": 0.08
            }
          ],
          "compose": [
            {
              "op": "add",
              "s": "pass_cut",
              "fill": "Soil",
              "e": 0.05,
              "f": 0.01
            }
          ]
        }
      }
    ]
  }
}
[MapGenAI] 파싱된 action: generate
[MapGenAI] Applied state to tile 120
[MapGenAI] Applied state to tile 120
[MapGenAI] Applied state to tile 120
[MapGenAI] Applied state to tile 120
[MapGenAI] Applied state to tile 122
[MapGenAI] Applied state to tile 122
[MapGenAI] HandleResponse 원문: {"action":"generate","description":"중앙 산을 동서로 가로지르는 평평한 흙길 통로를 생성했습니다.","params":{"shape_ops":[{"op":"add","shape":{"id":"east_west_pass","type":"composite","shapes":[{"id":"pass_rect","prim":"rect","center":[0.5,0.5],"w":1.0,"h":0.08}],"compose":[{"op":"add","s":"pass_rect","fill":"soil","e":0.05,"f":0.01}]}}]}}
[MapGenAI] 파싱된 action: generate
[MapGenAI] Applied state to tile 122
[MapGenAI] Applied state to tile 122
[MapGenAI] Applied state to tile 122
[MapGenAI] Applied state to tile 122
[MapGenAI] Applied state to tile 123
[MapGenAI] Applied state to tile 123
[MapGenAI] HandleResponse 원문: {"action":"generate","description":"기존 산을 관통하여 (0, 0.5)에서 (0.35, 0.7), (0.65, 0.3)을 거쳐 (1.0, 0.5)로 이어지는 마른 흙 협곡 통로를 추가했습니다.","params":{"shape_ops":[{"op":"add","shape":{"id":"winding_canyon_pass","type":"composite","edge_roughness":"low","shapes":[{"id":"seg1","prim":"poly","verts":[[0.0,0.535],[0.35,0.735],[0.35,0.665],[0.0,0.465]]},{"id":"j1","prim":"circle","center":[0.35,0.7],"r":0.035},{"id":"seg2","prim":"poly","verts":[[0.35,0.735],[0.65,0.335],[0.65,0.265],[0.35,0.665]]},{"id":"j2","prim":"circle","center":[0.65,0.3],"r":0.035},{"id":"seg3","prim":"poly","verts":[[0.65,0.335],[1.0,0.535],[1.0,0.465],[0.65,0.265]]}],"compose":[{"op":"union","a":"seg1","b":"j1","out":"u1"},{"op":"union","a":"u1","b":"seg2","out":"u2"},{"op":"union","a":"u2","b":"j2","out":"u3"},{"op":"union","a":"u3","b":"seg3","out":"canyon"},{"op":"add","s":"canyon","fill":"Soil","e":0.05,"f":0.005}]}}]}}
[MapGenAI] 파싱된 action: generate
[MapGenAI] Applied state to tile 123
[MapGenAI] Applied state to tile 123
[MapGenAI] Applied state to tile 123
[MapGenAI] Applied state to tile 123
[MapGenAI] Applied state to tile 161
[MapGenAI] Applied state to tile 161
[MapGenAI] HandleResponse 원문: {
  "action": "generate",
  "description": "중앙 산맥을 왼쪽에서 오른쪽으로 관통하는 지그재그 마른 흙길 통로를 생성합니다.",
  "params": {
    "shape_ops": [
      {
        "op": "add",
        "shape": {
          "id": "zigzag_pass",
          "type": "composite",
          "shapes": [
            {
              "id": "poly_path",
              "prim": "poly",
              "verts": [
                [0.10, 0.54],
                [0.32, 0.74],
                [0.38, 0.74],
                [0.68, 0.34],
                [0.90, 0.54],
                [0.90, 0.46],
                [0.62, 0.26],
                [0.32, 0.66],
                [0.10, 0.46]
              ]
            },
            {
              "id": "joint1",
              "prim": "circle",
              "center": [0.35, 0.70],
              "r": 0.055
            },
            {
              "id": "joint2",
              "prim": "circle",
              "center": [0.65, 0.30],
              "r": 0.055
            }
          ],
          "compose": [
            {
              "op": "union",
              "a": "poly_path",
              "b": "joint1",
              "outId": "u1",
              "k": 0.02
            },
            {
              "op": "union",
              "a": "u1",
              "b": "joint2",
              "outId": "full_path",
              "k": 0.02
            },
            {
              "op": "add",
              "s": "full_path",
              "fill": "Soil",
              "e": 0.05,
              "f": 0.01
            }
          ]
        }
      }
    ]
  }
}
[MapGenAI] 파싱된 action: generate
[MapGenAI] Applied state to tile 161
[MapGenAI] Applied state to tile 161
[MapGenAI] Applied state to tile 161
[MapGenAI] Applied state to tile 161
[MapGenAI] Applied state to tile 163
[MapGenAI] Applied state to tile 163
[MapGenAI] HandleResponse 원문: {"action":"generate","description":"중앙에 물로 둘러싸인 반지름 30%의 자연스러운 도넛형 호수와 중심부 반지름 10%의 흙 섬","params":{"shape_ops":[{"op":"add","shape":{"id":"central_lake_ring","type":"composite","edge_roughness":"medium","shapes":[{"id":"outer","prim":"circle","center":[0.5,0.5],"r":0.3},{"id":"inner","prim":"circle","center":[0.5,0.5],"r":0.1}],"compose":[{"op":"sub","a":"inner","from":"outer","out":"ring"},{"op":"add","s":"ring","fill":"water","e":0,"f":0.015}]}},{"op":"add","shape":{"id":"center_soil_island","type":"composite","edge_roughness":"medium","shapes":[{"id":"island","prim":"circle","center":[0.5,0.5],"r":0.1}],"compose":[{"op":"add","s":"island","fill":"soil","e":0.05,"f":0.015}]}}]}}
[MapGenAI] 파싱된 action: generate
[MapGenAI] Applied state to tile 163
[MapGenAI] Applied state to tile 163
[MapGenAI] Applied state to tile 163
[MapGenAI] Applied state to tile 163
[MapGenAI] Applied state to tile 165
[MapGenAI] Applied state to tile 165
[MapGenAI] HandleResponse 원문: {"action":"generate","description":"중앙에 지름 60%의 불규칙한 호수와 지름 20%의 중앙 섬 생성","params":{"shape_ops":[{"op":"add","shape":{"id":"central_lake","type":"composite","edge_roughness":"medium","shapes":[{"id":"outer_water","prim":"circle","center":[0.5,0.5],"r":0.3},{"id":"inner_hole","prim":"circle","center":[0.5,0.5],"r":0.1}],"compose":[{"op":"sub","a":"inner_hole","from":"outer_water","out":"lake_ring"},{"op":"add","s":"lake_ring","fill":"WaterDeep","e":0,"f":0.015}]}},{"op":"add","shape":{"id":"center_island","type":"composite","edge_roughness":"medium","shapes":[{"id":"island_ground","prim":"circle","center":[0.5,0.5],"r":0.1}],"compose":[{"op":"add","s":"island_ground","fill":"Soil","e":0.05,"f":0.015}]}}]}}
[MapGenAI] 파싱된 action: generate
[MapGenAI] Applied state to tile 165
[MapGenAI] Applied state to tile 165
[MapGenAI] Applied state to tile 165
[MapGenAI] Applied state to tile 165
[MapGenAI] Applied state to tile 187
[MapGenAI] Applied state to tile 187
[MapGenAI] HandleResponse 원문: {"action":"generate","description":"중앙 오아시스 지형 생성 (물웅덩이, 기름진 토양, 외곽 모래 배치)","params":{"shape_ops":[{"op":"add","shape":{"id":"oasis_outer_sand","type":"composite","edge_roughness":"medium","shapes":[{"id":"sand_c","prim":"circle","center":[0.5,0.5],"r":0.2}],"compose":[{"op":"add","s":"sand_c","fill":"Sand","e":0.05,"f":0.015}]}},{"op":"add","shape":{"id":"oasis_inner_soil","type":"composite","edge_roughness":"medium","shapes":[{"id":"soil_c","prim":"circle","center":[0.5,0.5],"r":0.13}],"compose":[{"op":"add","s":"soil_c","fill":"SoilRich","e":0.05,"f":0.015}]}},{"op":"add","shape":{"id":"oasis_water","type":"composite","edge_roughness":"medium","shapes":[{"id":"water_c","prim":"circle","center":[0.5,0.5],"r":0.08}],"compose":[{"op":"add","s":"water_c","fill":"WaterShallow","e":0.0,"f":0.01}]}}]}}
[MapGenAI] 파싱된 action: generate
[MapGenAI] Applied state to tile 187
[MapGenAI] Applied state to tile 187
[MapGenAI] Applied state to tile 187
[MapGenAI] Applied state to tile 187
[MapGenAI] Applied state to tile 231
[MapGenAI] Applied state to tile 231
[MapGenAI] HandleResponse 원문: {"action":"generate","description":"중앙에 지름 16% 물웅덩이와 그 주변을 감싸는 비옥한 토양 및 모래 지형 배치","params":{"shape_ops":[{"op":"add","shape":{"id":"oasis_sand_outer","type":"composite","edge_roughness":"medium","shapes":[{"id":"s_circle","prim":"circle","center":[0.5,0.5],"r":0.16}],"compose":[{"op":"add","s":"s_circle","fill":"Sand","e":0.05,"f":0.015}]}},{"op":"add","shape":{"id":"oasis_rich_soil_mid","type":"composite","edge_roughness":"medium","shapes":[{"id":"r_circle","prim":"circle","center":[0.5,0.5],"r":0.12}],"compose":[{"op":"add","s":"r_circle","fill":"SoilRich","e":0.05,"f":0.01}]}},{"op":"add","shape":{"id":"oasis_water_center","type":"composite","edge_roughness":"medium","shapes":[{"id":"w_circle","prim":"circle","center":[0.5,0.5],"r":0.08}],"compose":[{"op":"add","s":"w_circle","fill":"WaterShallow","e":0,"f":0.01}]}}]}}
[MapGenAI] 파싱된 action: generate
[MapGenAI] Applied state to tile 231
[MapGenAI] Applied state to tile 231
[MapGenAI] Applied state to tile 231
[MapGenAI] Applied state to tile 231
[MapGenAI] Applied state to tile 248
[MapGenAI] Applied state to tile 248
[MapGenAI] HandleResponse 원문: {"action":"generate","description":"기존 해안선에서 바다 쪽으로 길게 뻗어나가는 흙 재질의 반도를 추가했습니다 (연결부 폭 충분히 확보).","params":{"shape_ops":[{"op":"add","shape":{"id":"peninsula_body","type":"composite","edge_roughness":"medium","shapes":[{"id":"neck","prim":"rect","center":[0.65,0.5],"w":0.3,"h":0.16},{"id":"head","prim":"ellipse","center":[0.8,0.5],"w":0.25,"h":0.22}],"compose":[{"op":"union","a":"neck","b":"head","out":"peninsula","k":0.05},{"op":"add","s":"peninsula","fill":"soil","e":0.05,"f":0.01}]}}]}}
[MapGenAI] 파싱된 action: generate
[MapGenAI] Applied state to tile 248
[MapGenAI] Applied state to tile 248
[MapGenAI] Applied state to tile 248
[MapGenAI] Applied state to tile 248
[MapGenAI] Applied state to tile 384
[MapGenAI] Applied state to tile 384
[MapGenAI] HandleResponse 원문: {"action":"generate","description":"바다 쪽으로 길게 뻗어나가는 반도 형태의 육지를 본토와 충분한 폭으로 연결되도록 구성했습니다.","params":{"shape_ops":[{"op":"add","shape":{"id":"promontory_land","type":"composite","edge_roughness":"medium","shapes":[{"id":"base_strip","prim":"rect","center":[0.6,0.5],"w":0.5,"h":0.22},{"id":"headland","prim":"circle","center":[0.75,0.5],"r":0.16}],"compose":[{"op":"union","a":"base_strip","b":"headland","out":"land_mass","k":0.08},{"op":"add","s":"land_mass","fill":"Soil","e":0.05,"f":0.015}]}}]}}
[MapGenAI] 파싱된 action: generate
[MapGenAI] Applied state to tile 384
[MapGenAI] Applied state to tile 384
[MapGenAI] Applied state to tile 384
[MapGenAI] Applied state to tile 384
[MapGenAI] Applied state to tile 434
[MapGenAI] Applied state to tile 434
[MapGenAI] HandleResponse 원문: {
  "action": "generate",
  "description": "크고 작은 섬 3개로 이루어진 군도 지형을 형성하고, 가장 큰 섬에서 맵 가장자리로 걸어서 이동할 수 있는 얕은 물 여울 통로를 배치합니다.",
  "params": {
    "shape_ops": [
      {
        "op": "add",
        "shape": {
          "id": "archipelago_water",
          "type": "composite",
          "edge_roughness": "medium",
          "shapes": [
            {
              "id": "base_sea",
              "prim": "rect",
              "center": [0.5, 0.5],
              "w": 1.0,
              "h": 1.0
            },
            {
              "id": "main_island",
              "prim": "ellipse",
              "center": [0.45, 0.5],
              "w": 0.42,
              "h": 0.38
            },
            {
              "id": "small_island_north",
              "prim": "ellipse",
              "center": [0.72, 0.72],
              "w": 0.22,
              "h": 0.2
            },
            {
              "id": "small_island_south",
              "prim": "ellipse",
              "center": [0.75, 0.28],
              "w": 0.2,
              "h": 0.18
            }
          ],
          "compose": [
            {
              "op": "sub",
              "a": "main_island",
              "from": "base_sea",
              "out": "water_1"
            },
            {
              "op": "sub",
              "a": "small_island_north",
              "from": "water_1",
              "out": "water_2"
            },
            {
              "op": "sub",
              "a": "small_island_south",
              "from": "water_2",
              "out": "sea_channels"
            },
            {
              "op": "add",
              "s": "sea_channels",
              "fill": "WaterDeep",
              "e": 0,
              "f": 0.02
            }
          ]
        }
      },
      {
        "op": "add",
        "shape": {
          "id": "shallow_water_ford",
          "type": "composite",
          "edge_roughness": "medium",
          "shapes": [
            {
              "id": "path_west",
              "prim": "rect",
              "center": [0.12, 0.5],
              "w": 0.26,
              "h": 0.08
            }
          ],
          "compose": [
            {
              "op": "add",
              "s": "path_west",
              "fill": "WaterShallow",
              "e": 0,
              "f": 0.015
            }
          ]
        }
      }
    ]
  }
}
[MapGenAI] 파싱된 action: generate
[MapGenAI] Applied state to tile 434
[MapGenAI] Applied state to tile 434
[MapGenAI] Applied state to tile 434
[MapGenAI] Applied state to tile 434
[MapGenAI] Applied state to tile 447
[MapGenAI] Applied state to tile 447
[MapGenAI] HandleResponse 원문: {
  "action": "generate",
  "description": "바다 속에 서로 떨어진 3개의 섬을 배치하고, 중앙의 큰 섬에는 맵 가장자리로 연결되는 얕은 물길을 조성했습니다.",
  "params": {
    "shape_ops": [
      {
        "op": "add",
        "shape": {
          "id": "ocean_base",
          "type": "composite",
          "edge_roughness": "medium",
          "shapes": [
            {
              "id": "sea_full",
              "prim": "rect",
              "center": [0.5, 0.5],
              "w": 1.0,
              "h": 1.0
            }
          ],
          "compose": [
            {
              "op": "add",
              "s": "sea_full",
              "fill": "WaterDeep",
              "e": 0.0
            }
          ]
        }
      },
      {
        "op": "add",
        "shape": {
          "id": "main_island",
          "type": "composite",
          "edge_roughness": "medium",
          "shapes": [
            {
              "id": "island_center",
              "prim": "ellipse",
              "center": [0.5, 0.5],
              "w": 0.38,
              "h": 0.34
            }
          ],
          "compose": [
            {
              "op": "add",
              "s": "island_center",
              "fill": "soil",
              "e": 0.05,
              "f": 0.02
            }
          ]
        }
      },
      {
        "op": "add",
        "shape": {
          "id": "small_island_west",
          "type": "composite",
          "edge_roughness": "medium",
          "shapes": [
            {
              "id": "island_w",
              "prim": "circle",
              "center": [0.2, 0.75],
              "r": 0.11
            }
          ],
          "compose": [
            {
              "op": "add",
              "s": "island_w",
              "fill": "soil",
              "e": 0.05,
              "f": 0.02
            }
          ]
        }
      },
      {
        "op": "add",
        "shape": {
          "id": "small_island_east",
          "type": "composite",
          "edge_roughness": "medium",
          "shapes": [
            {
              "id": "island_e",
              "prim": "circle",
              "center": [0.8, 0.25],
              "r": 0.12
            }
          ],
          "compose": [
            {
              "op": "add",
              "s": "island_e",
              "fill": "soil",
              "e": 0.05,
              "f": 0.02
            }
          ]
        }
      },
      {
        "op": "add",
        "shape": {
          "id": "shallow_water_ford",
          "type": "composite",
          "edge_roughness": "medium",
          "shapes": [
            {
              "id": "ford_path",
              "prim": "rect",
              "center": [0.5, 0.17],
              "w": 0.08,
              "h": 0.34
            }
          ],
          "compose": [
            {
              "op": "add",
              "s": "ford_path",
              "fill": "WaterShallow",
              "e": 0.0,
              "f": 0.015
            }
          ]
        }
      }
    ]
  }
}
[MapGenAI] 파싱된 action: generate
[MapGenAI] Applied state to tile 447
[MapGenAI] Applied state to tile 447
[MapGenAI] Applied state to tile 447
[MapGenAI] Applied state to tile 447
Scatterer RimWorld.GenStep_ScatterAncientMechs from def AncientMechs could not find cell to generate at.
[MapGenAI] Applied state to tile 280
[MapGenAI] Applied state to tile 280
[MapGenAI] HandleResponse 원문: {"action":"ask","message":"현재 시스템에서는 산 내부를 빈 공간으로 파내면서 '두꺼운 산 지붕(자연 지붕)'만 남기는 내부 동굴 형태를 직접 지정할 수 없습니다. composite 지형 연산으로 산을 깎아 평지(fill:soil, e:0.05) 공간과 통로를 만들 수는 있지만, 이 경우 산 암반이 완전히 제거되어 지붕이 사라지거나 하늘이 뚫린 야외 분지/통로 형태로 생성됩니다. 만약 지붕 여부와 관계없이 산 중앙에 평탄한 내부 공터와 남쪽 통로를 뚫는 형태로 진행하길 원하시는지 확인 부탁드립니다."}
[MapGenAI] 파싱된 action: ask
[MapGenAI] Applied state to tile 280
[MapGenAI] Applied state to tile 282
[MapGenAI] Applied state to tile 282
[MapGenAI] HandleResponse 원문: {"action":"ask","message":"현재 시스템에서는 산을 깎아 평지나 통로를 만들 수는 있지만, 그 위에 특정 '머리 위 산 지붕(Overhead mountain)'을 강제로 유지하거나 지정하는 기능은 지원하지 않습니다. 고도를 평지로 낮추면(e:0.05 등) 산벽이 제거되면서 지붕 생성 규칙도 함께 변경됩니다. 요청하신 조건을 온전히 만족할 수 없어 현재 설정을 유지합니다."}
[MapGenAI] 파싱된 action: ask
[MapGenAI] Applied state to tile 282
Unloading 1 unused Assets to reduce memory usage. Loaded Objects now: 126730.
Total: 479.786700 ms (FindLiveObjects: 5.357400 ms CreateObjectMapping: 3.099600 ms MarkObjects: 471.184100 ms  DeleteObjects: 0.145200 ms)

Memory Statistics:
[ALLOC_TEMP_TLS] TLS Allocator
  StackAllocators : 
    [ALLOC_TEMP_MAIN]
      Peak usage frame count: [0-1.0 KB]: 577 frames, [1.0 KB-2.0 KB]: 1 frames, [2.0 KB-4.0 KB]: 1 frames, [16.0 KB-32.0 KB]: 1 frames, [32.0 KB-64.0 KB]: 1 frames, [128.0 KB-256.0 KB]: 1 frames, [2.0 MB-4.0 MB]: 3 frames
      Initial Block Size 4.0 MB
      Current Block Size 7.7 MB
      Peak Allocated Bytes 7.7 MB
      Overflow Count 9
    [ALLOC_TEMP_Loading.AsyncRead]
      Initial Block Size 64.0 KB
      Current Block Size 120.0 KB
      Peak Allocated Bytes 117.2 KB
      Overflow Count 0
    [ALLOC_TEMP_Loading.PreloadManager]
      Initial Block Size 256.0 KB
      Current Block Size 256.0 KB
      Peak Allocated Bytes 3.8 KB
      Overflow Count 8
    [ALLOC_TEMP_Background Job.Worker 8]
      Initial Block Size 32.0 KB
      Current Block Size 32.0 KB
      Peak Allocated Bytes 54 B
      Overflow Count 0
    [ALLOC_TEMP_Job.Worker 6]
      Initial Block Size 256.0 KB
      Current Block Size 256.0 KB
      Peak Allocated Bytes 0 B
      Overflow Count 0
    [ALLOC_TEMP_Job.Worker 0]
      Initial Block Size 256.0 KB
      Current Block Size 256.0 KB
      Peak Allocated Bytes 0 B
      Overflow Count 0
    [ALLOC_TEMP_Background Job.Worker 10]
      Initial Block Size 32.0 KB
      Current Block Size 32.0 KB
      Peak Allocated Bytes 54 B
      Overflow Count 0
    [ALLOC_TEMP_Background Job.Worker 9]
      Initial Block Size 32.0 KB
      Current Block Size 32.0 KB
      Peak Allocated Bytes 54 B
      Overflow Count 0
    [ALLOC_TEMP_Job.Worker 5]
      Initial Block Size 256.0 KB
      Current Block Size 256.0 KB
      Peak Allocated Bytes 0 B
      Overflow Count 0
    [ALLOC_TEMP_Background Job.Worker 14]
      Initial Block Size 32.0 KB
      Current Block Size 32.0 KB
      Peak Allocated Bytes 54 B
      Overflow Count 0
    [ALLOC_TEMP_Background Job.Worker 6]
      Initial Block Size 32.0 KB
      Current Block Size 32.0 KB
      Peak Allocated Bytes 54 B
      Overflow Count 0
    [ALLOC_TEMP_Job.Worker 4]
      Initial Block Size 256.0 KB
      Current Block Size 256.0 KB
      Peak Allocated Bytes 0 B
      Overflow Count 0
    [ALLOC_TEMP_Job.Worker 14]
      Initial Block Size 256.0 KB
      Current Block Size 256.0 KB
      Peak Allocated Bytes 54 B
      Overflow Count 0
    [ALLOC_TEMP_Job.Worker 3]
      Initial Block Size 256.0 KB
      Current Block Size 256.0 KB
      Peak Allocated Bytes 112 B
      Overflow Count 0
    [ALLOC_TEMP_Job.Worker 13]
      Initial Block Size 256.0 KB
      Current Block Size 256.0 KB
      Peak Allocated Bytes 54 B
      Overflow Count 0
    [ALLOC_TEMP_Background Job.Worker 12]
      Initial Block Size 32.0 KB
      Current Block Size 32.0 KB
      Peak Allocated Bytes 54 B
      Overflow Count 0
    [ALLOC_TEMP_EnlightenWorker] x 8
      Initial Block Size 64.0 KB
      Current Block Size 64.0 KB
      Peak Allocated Bytes 54 B
      Overflow Count 0
    [ALLOC_TEMP_Background Job.Worker 15]
      Initial Block Size 32.0 KB
      Current Block Size 32.0 KB
      Peak Allocated Bytes 54 B
      Overflow Count 0
    [ALLOC_TEMP_Background Job.Worker 1]
      Initial Block Size 32.0 KB
      Current Block Size 32.0 KB
      Peak Allocated Bytes 54 B
      Overflow Count 0
    [ALLOC_TEMP_Background Job.Worker 2]
      Initial Block Size 32.0 KB
      Current Block Size 32.0 KB
      Peak Allocated Bytes 54 B
      Overflow Count 0
    [ALLOC_TEMP_Background Job.Worker 7]
      Initial Block Size 32.0 KB
      Current Block Size 32.0 KB
      Peak Allocated Bytes 54 B
      Overflow Count 0
    [ALLOC_TEMP_AssetGarbageCollectorHelper] x 15
      Initial Block Size 64.0 KB
      Current Block Size 64.0 KB
      Peak Allocated Bytes 138 B
      Overflow Count 0
    [ALLOC_TEMP_Background Job.Worker 5]
      Initial Block Size 32.0 KB
      Current Block Size 32.0 KB
      Peak Allocated Bytes 54 B
      Overflow Count 0
    [ALLOC_TEMP_Job.Worker 9]
      Initial Block Size 256.0 KB
      Current Block Size 256.0 KB
      Peak Allocated Bytes 0 B
      Overflow Count 0
    [ALLOC_TEMP_Background Job.Worker 13]
      Initial Block Size 32.0 KB
      Current Block Size 32.0 KB
      Peak Allocated Bytes 54 B
      Overflow Count 0
    [ALLOC_TEMP_Job.Worker 8]
      Initial Block Size 256.0 KB
      Current Block Size 256.0 KB
      Peak Allocated Bytes 0 B
      Overflow Count 0
    [ALLOC_TEMP_Job.Worker 7]
      Initial Block Size 256.0 KB
      Current Block Size 256.0 KB
      Peak Allocated Bytes 0 B
      Overflow Count 0
    [ALLOC_TEMP_Job.Worker 1]
      Initial Block Size 256.0 KB
      Current Block Size 256.0 KB
      Peak Allocated Bytes 507 B
      Overflow Count 0
    [ALLOC_TEMP_Job.Worker 2]
      Initial Block Size 256.0 KB
      Current Block Size 256.0 KB
      Peak Allocated Bytes 480 B
      Overflow Count 0
    [ALLOC_TEMP_Background Job.Worker 3]
      Initial Block Size 32.0 KB
      Current Block Size 32.0 KB
      Peak Allocated Bytes 54 B
      Overflow Count 0
    [ALLOC_TEMP_Background Job.Worker 11]
      Initial Block Size 32.0 KB
      Current Block Size 32.0 KB
      Peak Allocated Bytes 54 B
      Overflow Count 0
    [ALLOC_TEMP_Job.Worker 10]
      Initial Block Size 256.0 KB
      Current Block Size 256.0 KB
      Peak Allocated Bytes 54 B
      Overflow Count 0
    [ALLOC_TEMP_Background Job.Worker 0]
      Initial Block Size 32.0 KB
      Current Block Size 32.0 KB
      Peak Allocated Bytes 54 B
      Overflow Count 0
    [ALLOC_TEMP_Job.Worker 11]
      Initial Block Size 256.0 KB
      Current Block Size 256.0 KB
      Peak Allocated Bytes 54 B
      Overflow Count 0
    [ALLOC_TEMP_Job.Worker 12]
      Initial Block Size 256.0 KB
      Current Block Size 256.0 KB
      Peak Allocated Bytes 54 B
      Overflow Count 0
    [ALLOC_TEMP_Background Job.Worker 4]
      Initial Block Size 32.0 KB
      Current Block Size 32.0 KB
      Peak Allocated Bytes 54 B
      Overflow Count 0
    [ALLOC_TEMP_BatchDeleteObjects]
      Initial Block Size 64.0 KB
      Current Block Size 64.0 KB
      Peak Allocated Bytes 54 B
      Overflow Count 0
[ALLOC_DEFAULT] Dual Thread Allocator
  Peak main deferred allocation count 31953
    [ALLOC_BUCKET]
      Large Block size 4.0 MB
      Used Block count 1
      Peak Allocated bytes 4.0 MB
      Failed Allocations. Bucket layout:
        16B: 4 Subsections = 4096 buckets. Failed count: 26546
        32B: 33 Subsections = 16896 buckets. Failed count: 40996
        48B: 48 Subsections = 16384 buckets. Failed count: 82239
        64B: 39 Subsections = 9984 buckets. Failed count: 33087
        80B: 85 Subsections = 17408 buckets. Failed count: 22144
        96B: 31 Subsections = 5290 buckets. Failed count: 41216
        112B: 10 Subsections = 1462 buckets. Failed count: 9926
        128B: 6 Subsections = 768 buckets. Failed count: 8060
    [ALLOC_DEFAULT_MAIN]
      Peak usage frame count: [16.0 MB-32.0 MB]: 343 frames, [128.0 MB-256.0 MB]: 241 frames, [0.50 GB-1.00 GB]: 1 frames
      Requested Block Size 16.0 MB
      Peak Block count 50
      Peak Allocated memory 0.77 GB
      Peak Large allocation bytes 11.3 MB
    [ALLOC_DEFAULT_THREAD]
      Peak usage frame count: [4.0 MB-8.0 MB]: 1 frames, [8.0 MB-16.0 MB]: 367 frames, [16.0 MB-32.0 MB]: 4 frames, [32.0 MB-64.0 MB]: 212 frames, [256.0 MB-0.50 GB]: 1 frames
      Requested Block Size 16.0 MB
      Peak Block count 22
      Peak Allocated memory 334.8 MB
      Peak Large allocation bytes 0 B
[ALLOC_TEMP_JOB_1_FRAME]
  Initial Block Size 2.0 MB
  Used Block Count 0
  Overflow Count (too large) 0
  Overflow Count (full) 0
[ALLOC_TEMP_JOB_2_FRAMES]
  Initial Block Size 2.0 MB
  Used Block Count 0
  Overflow Count (too large) 0
  Overflow Count (full) 0
[ALLOC_TEMP_JOB_4_FRAMES (JobTemp)]
  Initial Block Size 2.0 MB
  Used Block Count 1
  Overflow Count (too large) 0
  Overflow Count (full) 0
[ALLOC_TEMP_JOB_ASYNC (Background)]
  Initial Block Size 1.0 MB
  Used Block Count 1
  Overflow Count (too large) 0
  Overflow Count (full) 0
[ALLOC_GFX] Dual Thread Allocator
  Peak main deferred allocation count 0
    [ALLOC_BUCKET]
      Large Block size 4.0 MB
      Used Block count 1
      Peak Allocated bytes 4.0 MB
      Failed Allocations. Bucket layout:
        16B: 4 Subsections = 4096 buckets. Failed count: 26546
        32B: 33 Subsections = 16896 buckets. Failed count: 40996
        48B: 48 Subsections = 16384 buckets. Failed count: 82239
        64B: 39 Subsections = 9984 buckets. Failed count: 33087
        80B: 85 Subsections = 17408 buckets. Failed count: 22144
        96B: 31 Subsections = 5290 buckets. Failed count: 41216
        112B: 10 Subsections = 1462 buckets. Failed count: 9926
        128B: 6 Subsections = 768 buckets. Failed count: 8060
    [ALLOC_GFX_MAIN]
      Peak usage frame count: [64.0 KB-128.0 KB]: 1 frames, [2.0 MB-4.0 MB]: 582 frames, [128.0 MB-256.0 MB]: 1 frames, [0.50 GB-1.00 GB]: 1 frames
      Requested Block Size 16.0 MB
      Peak Block count 50
      Peak Allocated memory 0.77 GB
      Peak Large allocation bytes 213.1 MB
    [ALLOC_GFX_THREAD]
      Peak usage frame count: [0-1.0 KB]: 584 frames, [1.0 KB-2.0 KB]: 1 frames
      Requested Block Size 16.0 MB
      Peak Block count 1
      Peak Allocated memory 1.2 KB
      Peak Large allocation bytes 0 B
[ALLOC_CACHEOBJECTS] Dual Thread Allocator
  Peak main deferred allocation count 101
    [ALLOC_BUCKET]
      Large Block size 4.0 MB
      Used Block count 1
      Peak Allocated bytes 4.0 MB
      Failed Allocations. Bucket layout:
        16B: 4 Subsections = 4096 buckets. Failed count: 26546
        32B: 33 Subsections = 16896 buckets. Failed count: 40996
        48B: 48 Subsections = 16384 buckets. Failed count: 82239
        64B: 39 Subsections = 9984 buckets. Failed count: 33087
        80B: 85 Subsections = 17408 buckets. Failed count: 22144
        96B: 31 Subsections = 5290 buckets. Failed count: 41216
        112B: 10 Subsections = 1462 buckets. Failed count: 9926
        128B: 6 Subsections = 768 buckets. Failed count: 8060
    [ALLOC_CACHEOBJECTS_MAIN]
      Peak usage frame count: [4.0 MB-8.0 MB]: 343 frames, [8.0 MB-16.0 MB]: 242 frames
      Requested Block Size 4.0 MB
      Peak Block count 5
      Peak Allocated memory 15.8 MB
      Peak Large allocation bytes 0 B
    [ALLOC_CACHEOBJECTS_THREAD]
      Peak usage frame count: [4.0 KB-8.0 KB]: 546 frames, [32.0 KB-64.0 KB]: 1 frames, [64.0 KB-128.0 KB]: 36 frames, [256.0 KB-0.5 MB]: 1 frames, [0.5 MB-1.0 MB]: 1 frames
      Requested Block Size 4.0 MB
      Peak Block count 1
      Peak Allocated memory 0.6 MB
      Peak Large allocation bytes 0 B
[ALLOC_TYPETREE] Dual Thread Allocator
  Peak main deferred allocation count 0
    [ALLOC_BUCKET]
      Large Block size 4.0 MB
      Used Block count 1
      Peak Allocated bytes 4.0 MB
      Failed Allocations. Bucket layout:
        16B: 4 Subsections = 4096 buckets. Failed count: 26546
        32B: 33 Subsections = 16896 buckets. Failed count: 40996
        48B: 48 Subsections = 16384 buckets. Failed count: 82239
        64B: 39 Subsections = 9984 buckets. Failed count: 33087
        80B: 85 Subsections = 17408 buckets. Failed count: 22144
        96B: 31 Subsections = 5290 buckets. Failed count: 41216
        112B: 10 Subsections = 1462 buckets. Failed count: 9926
        128B: 6 Subsections = 768 buckets. Failed count: 8060
    [ALLOC_TYPETREE_MAIN]
      Peak usage frame count: [4.0 KB-8.0 KB]: 1 frames, [8.0 KB-16.0 KB]: 342 frames, [32.0 KB-64.0 KB]: 242 frames
      Requested Block Size 2.0 MB
      Peak Block count 1
      Peak Allocated memory 50.0 KB
      Peak Large allocation bytes 0 B
    [ALLOC_TYPETREE_THREAD]
      Peak usage frame count: [0-1.0 KB]: 585 frames
      Requested Block Size 2.0 MB
      Peak Block count 0
      Peak Allocated memory 0 B
      Peak Large allocation bytes 0 B
