Mono path[0] = 'G:/SteamLibrary/steamapps/common/RimWorld/RimWorldWin64_Data/Managed'
Mono config path = 'G:/SteamLibrary/steamapps/common/RimWorld/MonoBleedingEdge/etc'
[PhysX] Initialized MultithreadedTaskDispatcher with 16 workers.
Initialize engine version: 2022.3.35f1 (011206c7a712)
[Subsystems] Discovering subsystems at path G:/SteamLibrary/steamapps/common/RimWorld/RimWorldWin64_Data/UnitySubsystems
GfxDevice: creating device client; threaded=0; jobified=0
Direct3D:
    Version:  Direct3D 11.0 [level 11.1]
    Renderer: NVIDIA GeForce RTX 4070 Ti SUPER (ID=0x2705)
    Vendor:   NVIDIA
    VRAM:     16061 MB
    Driver:   32.0.15.9186
Begin MonoManager ReloadAssembly
- Loaded All Assemblies, in  0.091 seconds
- Finished resetting the current domain, in  0.001 seconds
[PhysX] Initialized MultithreadedTaskDispatcher with 16 workers.
UnloadTime: 0.495000 ms
Command line arguments: -batchmode -screen-fullscreen 0 -screen-width 960 -screen-height 640 -savedatafolder=C:\Users\choco\AppData\Local\mapgen-ai-probe\profile-20260914-004135 -mapgenAIProbe=F:\Projects\Rimworld\active\mapgen_ai\docs\analysis\2026-09-14-text-expansion\ancient-native-r1 -logFile F:\Projects\Rimworld\active\mapgen_ai\docs\analysis\2026-09-14-text-expansion\ancient-native-r1\Player.log -mapgenAIAncient=true
RimWorld 1.6.4871 rev591
Save data folder overridden to C:\Users\choco\AppData\Local\mapgen-ai-probe\profile-20260914-004135
Mod Draconis Koelime Fix dependency (Draconis.Koelime) needs to have <downloadUrl> and/or <steamWorkshopUrl> specified.
Mod Draconis Koelime Fix dependency (brrainz.harmony) needs to have <downloadUrl> and/or <steamWorkshopUrl> specified.
Mod World Domination dependency (vanillaexpanded.outposts) needs to have <downloadUrl> and/or <steamWorkshopUrl> specified.
Mod World Domination dependency (oskarpotocki.vanillafactionsexpanded.core) needs to have <downloadUrl> and/or <steamWorkshopUrl> specified.
Mod World Domination dependency (brrainz.harmony) needs to have <downloadUrl> and/or <steamWorkshopUrl> specified.
Mod Paniel: The Hidden Protocol dependency (kalospacer.AhnDemi.PanieltheAutomata) needs to have <downloadUrl> and/or <steamWorkshopUrl> specified.
Mod Yuran Furshaved Continue has a dependency (RooAndGloomy.YuranRaceMod) with empty display name.
Mod Yuran Furshaved Continue dependency (RooAndGloomy.YuranRaceMod) needs to have <downloadUrl> and/or <steamWorkshopUrl> specified.
Mod Roren Facial Animation dependency (Po210.RorenRaceModOfficial) needs to have <downloadUrl> and/or <steamWorkshopUrl> specified.
Mod Ratkin Gene Expanded dependency (EoralMilk.PawnTextureOffsetAdjuster) needs to have <downloadUrl> and/or <steamWorkshopUrl> specified.
Mod Taste of Vanilla - The Alpha Mythology dependency (sarg.magicalmenagerie) needs to have <downloadUrl> and/or <steamWorkshopUrl> specified.
Tried loading mod with the same packageId multiple times: Owlchemist.MidSaverSaver. Ignoring the duplicates.
G:\SteamLibrary\steamapps\workshop\content\294100\2921585989
G:\SteamLibrary\steamapps\workshop\content\294100\3261311100
Fallback handler could not load library G:/SteamLibrary/steamapps/common/RimWorld/RimWorldWin64_Data/MonoBleedingEdge/data-0000013FA14C9C50.dll
Fallback handler could not load library G:/SteamLibrary/steamapps/common/RimWorld/RimWorldWin64_Data/MonoBleedingEdge/data-0000013FA477FA90.dll
Fallback handler could not load library G:/SteamLibrary/steamapps/common/RimWorld/RimWorldWin64_Data/MonoBleedingEdge/data-0000013FA500B020.dll
[TrueTerrainColors v1.12.26] Extracted true colors from 384 terrain defs in 0.06 seconds.
Unloading 5 Unused Serialized files (Serialized files now loaded: 5)
[MapGenAI] 저장된 이미지 지형이 손상되어 복구했습니다. 확인 후 다시 적용하세요. / Invalid saved image terrain was repaired; review before applying.
[MapGenAI] 저장된 이미지 지형이 손상되어 복구했습니다. 확인 후 다시 적용하세요. / Invalid saved image terrain was repaired; review before applying.
Unloading 99 unused Assets to reduce memory usage. Loaded Objects now: 26487.
Total: 167.420500 ms (FindLiveObjects: 1.153400 ms CreateObjectMapping: 0.453800 ms MarkObjects: 165.505600 ms  DeleteObjects: 0.306900 ms)

Unloading 3 Unused Serialized files (Serialized files now loaded: 5)
[PhysX] Initialized MultithreadedTaskDispatcher with 16 workers.
UnloadTime: 2.347300 ms
Unloading 3 unused Assets to reduce memory usage. Loaded Objects now: 26666.
Total: 151.212100 ms (FindLiveObjects: 1.188800 ms CreateObjectMapping: 0.437400 ms MarkObjects: 149.540800 ms  DeleteObjects: 0.044800 ms)

Initializing new game with mods:
  - brrainz.harmony
  - Ludeon.RimWorld
  - Ludeon.RimWorld.Royalty
  - Ludeon.RimWorld.Ideology
  - Ludeon.RimWorld.Biotech
  - Ludeon.RimWorld.Anomaly
  - Ludeon.RimWorld.Odyssey
  - m00nl1ght.MapPreview
  - choco.mapgenai.probe.20260914004135
Scatterer RimWorld.GenStep_ScatterAncientMechs from def AncientMechs could not find cell to generate at.
Unloading 1 Unused Serialized files (Serialized files now loaded: 5)
[MapGenAI] Applied state to tile 0
[MapGenAI] Applied state to tile 0
[MapGenAI] 식생 밀도 적용: 0.00
[MapGenAI] 동물 밀도 적용: 0.00
[MapGenAI] 간헐천 수 적용: 0개, range=0.00~0.00 (원본=0.70~1.00)
[MapGenAI] 폐허 밀도 적용: 0.00 (보정=0.00), range=0.0~0.0
[MapGenAI] 위험 밀도 적용: 0.00 (보정=0.00), range=0.0~0.0
[AncientProbe] ancient-island: native generation completed requested count
[AncientProbe] ancient-island: actual temple walls floors roof and warning signals
[AncientProbe] ancient-island: native cryptosleep contents and loot
[AncientProbe] ancient-island: recorded walls exist in full map
[AncientProbe] ancient-island: whole casket footprints stay reserved
[AncientProbe] ancient-island: whole native temple stays on soil island outside lava
[AncientProbe] ancient-island: BaseGen shared state restored
[AncientProbe] ancient-island: plan/world/difficulty scope preserved
[MapGenAI] Applied state to tile 13
[MapGenAI] Applied state to tile 13
[MapGenAI] 식생 밀도 적용: 0.00
[MapGenAI] 동물 밀도 적용: 0.00
[MapGenAI] 간헐천 수 적용: 0개, range=0.00~0.00 (원본=0.70~1.00)
[MapGenAI] 폐허 밀도 적용: 0.00 (보정=0.00), range=0.0~0.0
[MapGenAI] 위험 밀도 적용: 0.00 (보정=0.00), range=0.0~0.0
[AncientProbe] ancient-foothill: native generation completed requested count
[AncientProbe] ancient-foothill: actual temple walls floors roof and warning signals
[AncientProbe] ancient-foothill: native cryptosleep contents and loot
[AncientProbe] ancient-foothill: recorded walls exist in full map
[AncientProbe] ancient-foothill: whole casket footprints stay reserved
[AncientProbe] ancient-foothill: BaseGen shared state restored
[AncientProbe] ancient-foothill: plan/world/difficulty scope preserved
[MapGenAI] Applied state to tile 21
[MapGenAI] Applied state to tile 21
[MapGenAI] 식생 밀도 적용: 0.00
[MapGenAI] 동물 밀도 적용: 0.00
[MapGenAI] 간헐천 수 적용: 0개, range=0.00~0.00 (원본=0.70~1.00)
[MapGenAI] 폐허 밀도 적용: 0.00 (보정=0.00), range=0.0~0.0
[MapGenAI] 위험 밀도 적용: 0.00 (보정=0.00), range=0.0~0.0
[AncientProbe] ancient-pair: native generation completed requested count
[AncientProbe] ancient-pair: actual temple walls floors roof and warning signals
[AncientProbe] ancient-pair: native cryptosleep contents and loot
[AncientProbe] ancient-pair: recorded walls exist in full map
[AncientProbe] ancient-pair: whole casket footprints stay reserved
[AncientProbe] ancient-pair: actual temple walls floors roof and warning signals
[AncientProbe] ancient-pair: native cryptosleep contents and loot
[AncientProbe] ancient-pair: recorded walls exist in full map
[AncientProbe] ancient-pair: whole casket footprints stay reserved
[AncientProbe] ancient-pair: BaseGen shared state restored
[AncientProbe] ancient-pair: plan/world/difficulty scope preserved
[MapGenAI] Applied state to tile 56
[MapGenAI] Applied state to tile 56
[MapGenAI] 식생 밀도 적용: 0.00
[MapGenAI] 동물 밀도 적용: 0.00
[MapGenAI] 간헐천 수 적용: 0개, range=0.00~0.00 (원본=0.70~1.00)
[MapGenAI] 폐허 밀도 적용: 0.00 (보정=0.00), range=0.0~0.0
[MapGenAI] 위험 밀도 적용: 0.00 (보정=0.00), range=0.0~0.0
[AncientProbe] ancient-peaceful: native generation completed requested count
[AncientProbe] ancient-peaceful: actual temple walls floors roof and warning signals
[AncientProbe] ancient-peaceful: native cryptosleep contents and loot
[AncientProbe] ancient-peaceful: recorded walls exist in full map
[AncientProbe] ancient-peaceful: whole casket footprints stay reserved
[AncientProbe] peaceful difficulty retains non-hostile temple occupants
[AncientProbe] ancient-peaceful: BaseGen shared state restored
[AncientProbe] ancient-peaceful: plan/world/difficulty scope preserved
[MapGenAI] Applied state to tile 59
[MapGenAI] Applied state to tile 59
[MapGenAI] 식생 밀도 적용: 0.00
[MapGenAI] 동물 밀도 적용: 0.00
[MapGenAI] 간헐천 수 적용: 0개, range=0.00~0.00 (원본=0.70~1.00)
[MapGenAI] 폐허 밀도 적용: 0.00 (보정=0.00), range=0.0~0.0
[MapGenAI] 위험 밀도 적용: 0.00 (보정=0.00), range=0.0~0.0
[MapGenAI] Authored generation: 유적 배치 실패 / Ruin placement failed [temple]: 지정 영역에 전체 크기 18×18, 1개를 놓을 안전한 공간이 없습니다. 영역 확대·크기/개수 축소·평탄화를 요청하세요. / Expand the region, reduce size/count or flatten it. No positioned structures were spawned.
[AncientProbe] ancient capacity failure spawns no positioned jobs
[AncientProbe] ancient-capacity: BaseGen shared state restored
[AncientProbe] ancient-capacity: plan/world/difficulty scope preserved
[MapGenAI] Applied state to tile 120
[MapGenAI] Applied state to tile 120
[AncientProbe] actual Scribe retains ancient kind, size and region
[MapGenAI] Applied state to tile 141
[MapGenAI] 식생 밀도 적용: 0.00
[MapGenAI] 동물 밀도 적용: 0.00
[MapGenAI] 간헐천 수 적용: 0개, range=0.00~0.00 (원본=0.70~1.00)
[MapGenAI] 폐허 밀도 적용: 0.00 (보정=0.00), range=0.0~0.0
[MapGenAI] 위험 밀도 적용: 0.00 (보정=0.00), range=0.0~0.0
[AncientProbe] actual ancient preview completes without native pawn generation
[AncientProbe] ancient preview is an explicit reservation outline only
[AncientProbe] actual preview displays orange ancient reservation
Unloading 1 unused Assets to reduce memory usage. Loaded Objects now: 47062.
Total: 209.997400 ms (FindLiveObjects: 2.434100 ms CreateObjectMapping: 1.563400 ms MarkObjects: 205.927000 ms  DeleteObjects: 0.072300 ms)

Memory Statistics:
[ALLOC_TEMP_TLS] TLS Allocator
  StackAllocators : 
    [ALLOC_TEMP_MAIN]
      Peak usage frame count: [0-1.0 KB]: 728 frames, [1.0 KB-2.0 KB]: 1 frames, [2.0 KB-4.0 KB]: 1 frames, [8.0 KB-16.0 KB]: 1 frames, [32.0 KB-64.0 KB]: 1 frames, [128.0 KB-256.0 KB]: 1 frames, [2.0 MB-4.0 MB]: 3 frames
      Initial Block Size 4.0 MB
      Current Block Size 7.1 MB
      Peak Allocated Bytes 7.1 MB
      Overflow Count 1
    [ALLOC_TEMP_Loading.AsyncRead]
      Initial Block Size 64.0 KB
      Current Block Size 120.0 KB
      Peak Allocated Bytes 117.2 KB
      Overflow Count 0
    [ALLOC_TEMP_Loading.PreloadManager]
      Initial Block Size 256.0 KB
      Current Block Size 256.0 KB
      Peak Allocated Bytes 3.8 KB
      Overflow Count 8
    [ALLOC_TEMP_Background Job.Worker 8]
      Initial Block Size 32.0 KB
      Current Block Size 32.0 KB
      Peak Allocated Bytes 54 B
      Overflow Count 0
    [ALLOC_TEMP_Job.Worker 6]
      Initial Block Size 256.0 KB
      Current Block Size 256.0 KB
      Peak Allocated Bytes 0 B
      Overflow Count 0
    [ALLOC_TEMP_Job.Worker 0]
      Initial Block Size 256.0 KB
      Current Block Size 256.0 KB
      Peak Allocated Bytes 0 B
      Overflow Count 0
    [ALLOC_TEMP_Background Job.Worker 10]
      Initial Block Size 32.0 KB
      Current Block Size 32.0 KB
      Peak Allocated Bytes 54 B
      Overflow Count 0
    [ALLOC_TEMP_Background Job.Worker 9]
      Initial Block Size 32.0 KB
      Current Block Size 32.0 KB
      Peak Allocated Bytes 54 B
      Overflow Count 0
    [ALLOC_TEMP_Job.Worker 5]
      Initial Block Size 256.0 KB
      Current Block Size 256.0 KB
      Peak Allocated Bytes 0 B
      Overflow Count 0
    [ALLOC_TEMP_Background Job.Worker 14]
      Initial Block Size 32.0 KB
      Current Block Size 32.0 KB
      Peak Allocated Bytes 54 B
      Overflow Count 0
    [ALLOC_TEMP_Background Job.Worker 6]
      Initial Block Size 32.0 KB
      Current Block Size 32.0 KB
      Peak Allocated Bytes 54 B
      Overflow Count 0
    [ALLOC_TEMP_Job.Worker 4]
      Initial Block Size 256.0 KB
      Current Block Size 256.0 KB
      Peak Allocated Bytes 0 B
      Overflow Count 0
    [ALLOC_TEMP_Job.Worker 14]
      Initial Block Size 256.0 KB
      Current Block Size 256.0 KB
      Peak Allocated Bytes 54 B
      Overflow Count 0
    [ALLOC_TEMP_Job.Worker 3]
      Initial Block Size 256.0 KB
      Current Block Size 256.0 KB
      Peak Allocated Bytes 0 B
      Overflow Count 0
    [ALLOC_TEMP_Job.Worker 13]
      Initial Block Size 256.0 KB
      Current Block Size 256.0 KB
      Peak Allocated Bytes 54 B
      Overflow Count 0
    [ALLOC_TEMP_Background Job.Worker 12]
      Initial Block Size 32.0 KB
      Current Block Size 32.0 KB
      Peak Allocated Bytes 54 B
      Overflow Count 0
    [ALLOC_TEMP_EnlightenWorker] x 8
      Initial Block Size 64.0 KB
      Current Block Size 64.0 KB
      Peak Allocated Bytes 54 B
      Overflow Count 0
    [ALLOC_TEMP_Background Job.Worker 15]
      Initial Block Size 32.0 KB
      Current Block Size 32.0 KB
      Peak Allocated Bytes 54 B
      Overflow Count 0
    [ALLOC_TEMP_Background Job.Worker 1]
      Initial Block Size 32.0 KB
      Current Block Size 32.0 KB
      Peak Allocated Bytes 54 B
      Overflow Count 0
    [ALLOC_TEMP_Background Job.Worker 2]
      Initial Block Size 32.0 KB
      Current Block Size 32.0 KB
      Peak Allocated Bytes 54 B
      Overflow Count 0
    [ALLOC_TEMP_Background Job.Worker 7]
      Initial Block Size 32.0 KB
      Current Block Size 32.0 KB
      Peak Allocated Bytes 54 B
      Overflow Count 0
    [ALLOC_TEMP_AssetGarbageCollectorHelper] x 15
      Initial Block Size 64.0 KB
      Current Block Size 64.0 KB
      Peak Allocated Bytes 138 B
      Overflow Count 0
    [ALLOC_TEMP_Background Job.Worker 5]
      Initial Block Size 32.0 KB
      Current Block Size 32.0 KB
      Peak Allocated Bytes 54 B
      Overflow Count 0
    [ALLOC_TEMP_Job.Worker 9]
      Initial Block Size 256.0 KB
      Current Block Size 256.0 KB
      Peak Allocated Bytes 0 B
      Overflow Count 0
    [ALLOC_TEMP_Background Job.Worker 13]
      Initial Block Size 32.0 KB
      Current Block Size 32.0 KB
      Peak Allocated Bytes 54 B
      Overflow Count 0
    [ALLOC_TEMP_Job.Worker 8]
      Initial Block Size 256.0 KB
      Current Block Size 256.0 KB
      Peak Allocated Bytes 0 B
      Overflow Count 0
    [ALLOC_TEMP_Job.Worker 7]
      Initial Block Size 256.0 KB
      Current Block Size 256.0 KB
      Peak Allocated Bytes 0 B
      Overflow Count 0
    [ALLOC_TEMP_Job.Worker 1]
      Initial Block Size 256.0 KB
      Current Block Size 256.0 KB
      Peak Allocated Bytes 507 B
      Overflow Count 0
    [ALLOC_TEMP_Job.Worker 2]
      Initial Block Size 256.0 KB
      Current Block Size 256.0 KB
      Peak Allocated Bytes 480 B
      Overflow Count 0
    [ALLOC_TEMP_Background Job.Worker 3]
      Initial Block Size 32.0 KB
      Current Block Size 32.0 KB
      Peak Allocated Bytes 54 B
      Overflow Count 0
    [ALLOC_TEMP_Background Job.Worker 11]
      Initial Block Size 32.0 KB
      Current Block Size 32.0 KB
      Peak Allocated Bytes 54 B
      Overflow Count 0
    [ALLOC_TEMP_Job.Worker 10]
      Initial Block Size 256.0 KB
      Current Block Size 256.0 KB
      Peak Allocated Bytes 54 B
      Overflow Count 0
    [ALLOC_TEMP_Background Job.Worker 0]
      Initial Block Size 32.0 KB
      Current Block Size 32.0 KB
      Peak Allocated Bytes 54 B
      Overflow Count 0
    [ALLOC_TEMP_Job.Worker 11]
      Initial Block Size 256.0 KB
      Current Block Size 256.0 KB
      Peak Allocated Bytes 54 B
      Overflow Count 0
    [ALLOC_TEMP_Job.Worker 12]
      Initial Block Size 256.0 KB
      Current Block Size 256.0 KB
      Peak Allocated Bytes 54 B
      Overflow Count 0
    [ALLOC_TEMP_Background Job.Worker 4]
      Initial Block Size 32.0 KB
      Current Block Size 32.0 KB
      Peak Allocated Bytes 54 B
      Overflow Count 0
    [ALLOC_TEMP_BatchDeleteObjects]
      Initial Block Size 64.0 KB
      Current Block Size 64.0 KB
      Peak Allocated Bytes 54 B
      Overflow Count 0
[ALLOC_DEFAULT] Dual Thread Allocator
  Peak main deferred allocation count 41779
    [ALLOC_BUCKET]
      Large Block size 4.0 MB
      Used Block count 1
      Peak Allocated bytes 4.0 MB
      Failed Allocations. Bucket layout:
        16B: 4 Subsections = 4096 buckets. Failed count: 26281
        32B: 33 Subsections = 16896 buckets. Failed count: 40823
        48B: 48 Subsections = 16384 buckets. Failed count: 81308
        64B: 39 Subsections = 9984 buckets. Failed count: 32637
        80B: 85 Subsections = 17408 buckets. Failed count: 22103
        96B: 31 Subsections = 5290 buckets. Failed count: 41216
        112B: 10 Subsections = 1462 buckets. Failed count: 9843
        128B: 6 Subsections = 768 buckets. Failed count: 8054
    [ALLOC_DEFAULT_MAIN]
      Peak usage frame count: [16.0 MB-32.0 MB]: 433 frames, [128.0 MB-256.0 MB]: 302 frames, [0.50 GB-1.00 GB]: 1 frames
      Requested Block Size 16.0 MB
      Peak Block count 59
      Peak Allocated memory 0.91 GB
      Peak Large allocation bytes 11.3 MB
    [ALLOC_DEFAULT_THREAD]
      Peak usage frame count: [4.0 MB-8.0 MB]: 1 frames, [8.0 MB-16.0 MB]: 461 frames, [16.0 MB-32.0 MB]: 6 frames, [32.0 MB-64.0 MB]: 267 frames, [64.0 MB-128.0 MB]: 1 frames
      Requested Block Size 16.0 MB
      Peak Block count 8
      Peak Allocated memory 110.7 MB
      Peak Large allocation bytes 0 B
[ALLOC_TEMP_JOB_1_FRAME]
  Initial Block Size 2.0 MB
  Used Block Count 0
  Overflow Count (too large) 0
  Overflow Count (full) 0
[ALLOC_TEMP_JOB_2_FRAMES]
  Initial Block Size 2.0 MB
  Used Block Count 0
  Overflow Count (too large) 0
  Overflow Count (full) 0
[ALLOC_TEMP_JOB_4_FRAMES (JobTemp)]
  Initial Block Size 2.0 MB
  Used Block Count 1
  Overflow Count (too large) 0
  Overflow Count (full) 0
[ALLOC_TEMP_JOB_ASYNC (Background)]
  Initial Block Size 1.0 MB
  Used Block Count 1
  Overflow Count (too large) 0
  Overflow Count (full) 0
[ALLOC_GFX] Dual Thread Allocator
  Peak main deferred allocation count 0
    [ALLOC_BUCKET]
      Large Block size 4.0 MB
      Used Block count 1
      Peak Allocated bytes 4.0 MB
      Failed Allocations. Bucket layout:
        16B: 4 Subsections = 4096 buckets. Failed count: 26281
        32B: 33 Subsections = 16896 buckets. Failed count: 40823
        48B: 48 Subsections = 16384 buckets. Failed count: 81308
        64B: 39 Subsections = 9984 buckets. Failed count: 32637
        80B: 85 Subsections = 17408 buckets. Failed count: 22103
        96B: 31 Subsections = 5290 buckets. Failed count: 41216
        112B: 10 Subsections = 1462 buckets. Failed count: 9843
        128B: 6 Subsections = 768 buckets. Failed count: 8054
    [ALLOC_GFX_MAIN]
      Peak usage frame count: [64.0 KB-128.0 KB]: 1 frames, [2.0 MB-4.0 MB]: 733 frames, [128.0 MB-256.0 MB]: 2 frames
      Requested Block Size 16.0 MB
      Peak Block count 10
      Peak Allocated memory 216.6 MB
      Peak Large allocation bytes 213.1 MB
    [ALLOC_GFX_THREAD]
      Peak usage frame count: [0-1.0 KB]: 735 frames, [1.0 KB-2.0 KB]: 1 frames
      Requested Block Size 16.0 MB
      Peak Block count 1
      Peak Allocated memory 1.2 KB
      Peak Large allocation bytes 0 B
[ALLOC_CACHEOBJECTS] Dual Thread Allocator
  Peak main deferred allocation count 101
    [ALLOC_BUCKET]
      Large Block size 4.0 MB
      Used Block count 1
      Peak Allocated bytes 4.0 MB
      Failed Allocations. Bucket layout:
        16B: 4 Subsections = 4096 buckets. Failed count: 26281
        32B: 33 Subsections = 16896 buckets. Failed count: 40823
        48B: 48 Subsections = 16384 buckets. Failed count: 81308
        64B: 39 Subsections = 9984 buckets. Failed count: 32637
        80B: 85 Subsections = 17408 buckets. Failed count: 22103
        96B: 31 Subsections = 5290 buckets. Failed count: 41216
        112B: 10 Subsections = 1462 buckets. Failed count: 9843
        128B: 6 Subsections = 768 buckets. Failed count: 8054
    [ALLOC_CACHEOBJECTS_MAIN]
      Peak usage frame count: [4.0 MB-8.0 MB]: 433 frames, [8.0 MB-16.0 MB]: 303 frames
      Requested Block Size 4.0 MB
      Peak Block count 5
      Peak Allocated memory 15.8 MB
      Peak Large allocation bytes 0 B
    [ALLOC_CACHEOBJECTS_THREAD]
      Peak usage frame count: [4.0 KB-8.0 KB]: 695 frames, [32.0 KB-64.0 KB]: 1 frames, [64.0 KB-128.0 KB]: 38 frames, [256.0 KB-0.5 MB]: 1 frames, [0.5 MB-1.0 MB]: 1 frames
      Requested Block Size 4.0 MB
      Peak Block count 1
      Peak Allocated memory 0.6 MB
      Peak Large allocation bytes 0 B
[ALLOC_TYPETREE] Dual Thread Allocator
  Peak main deferred allocation count 0
    [ALLOC_BUCKET]
      Large Block size 4.0 MB
      Used Block count 1
      Peak Allocated bytes 4.0 MB
      Failed Allocations. Bucket layout:
        16B: 4 Subsections = 4096 buckets. Failed count: 26281
        32B: 33 Subsections = 16896 buckets. Failed count: 40823
        48B: 48 Subsections = 16384 buckets. Failed count: 81308
        64B: 39 Subsections = 9984 buckets. Failed count: 32637
        80B: 85 Subsections = 17408 buckets. Failed count: 22103
        96B: 31 Subsections = 5290 buckets. Failed count: 41216
        112B: 10 Subsections = 1462 buckets. Failed count: 9843
        128B: 6 Subsections = 768 buckets. Failed count: 8054
    [ALLOC_TYPETREE_MAIN]
      Peak usage frame count: [4.0 KB-8.0 KB]: 1 frames, [8.0 KB-16.0 KB]: 432 frames, [32.0 KB-64.0 KB]: 303 frames
      Requested Block Size 2.0 MB
      Peak Block count 1
      Peak Allocated memory 50.0 KB
      Peak Large allocation bytes 0 B
    [ALLOC_TYPETREE_THREAD]
      Peak usage frame count: [0-1.0 KB]: 736 frames
      Requested Block Size 2.0 MB
      Peak Block count 0
      Peak Allocated memory 0 B
      Peak Large allocation bytes 0 B
