Mono path[0] = 'G:/SteamLibrary/steamapps/common/RimWorld/RimWorldWin64_Data/Managed'
Mono config path = 'G:/SteamLibrary/steamapps/common/RimWorld/MonoBleedingEdge/etc'
[PhysX] Initialized MultithreadedTaskDispatcher with 16 workers.
Initialize engine version: 2022.3.35f1 (011206c7a712)
[Subsystems] Discovering subsystems at path G:/SteamLibrary/steamapps/common/RimWorld/RimWorldWin64_Data/UnitySubsystems
GfxDevice: creating device client; threaded=0; jobified=0
Direct3D:
    Version:  Direct3D 11.0 [level 11.1]
    Renderer: NVIDIA GeForce RTX 4070 Ti SUPER (ID=0x2705)
    Vendor:   NVIDIA
    VRAM:     16061 MB
    Driver:   32.0.15.9186
Begin MonoManager ReloadAssembly
- Loaded All Assemblies, in  0.083 seconds
- Finished resetting the current domain, in  0.001 seconds
[PhysX] Initialized MultithreadedTaskDispatcher with 16 workers.
UnloadTime: 0.491000 ms
Command line arguments: -batchmode -screen-fullscreen 0 -screen-width 960 -screen-height 640 -savedatafolder=C:\Users\choco\AppData\Local\mapgen-ai-probe\profile-20260916-003532-629 -mapgenAIProbe=F:\Projects\Rimworld\active\mapgen_ai\docs\analysis\2026-09-16-mountain-passages\legacy-new -logFile F:\Projects\Rimworld\active\mapgen_ai\docs\analysis\2026-09-16-mountain-passages\legacy-new\Player.log -mapgenAILandformSuite=F:\Projects\Rimworld\active\mapgen_ai\docs\analysis\2026-09-16-mountain-passages\legacy-inputs\cases.json -mapgenAILandformSample=0 -mapgenAILandformReplies=F:\Projects\Rimworld\active\mapgen_ai\docs\analysis\2026-09-16-mountain-passages\legacy-inputs
RimWorld 1.6.4871 rev591
Save data folder overridden to C:\Users\choco\AppData\Local\mapgen-ai-probe\profile-20260916-003532-629
Mod Draconis Koelime Fix dependency (Draconis.Koelime) needs to have <downloadUrl> and/or <steamWorkshopUrl> specified.
Mod Draconis Koelime Fix dependency (brrainz.harmony) needs to have <downloadUrl> and/or <steamWorkshopUrl> specified.
Mod World Domination dependency (vanillaexpanded.outposts) needs to have <downloadUrl> and/or <steamWorkshopUrl> specified.
Mod World Domination dependency (oskarpotocki.vanillafactionsexpanded.core) needs to have <downloadUrl> and/or <steamWorkshopUrl> specified.
Mod World Domination dependency (brrainz.harmony) needs to have <downloadUrl> and/or <steamWorkshopUrl> specified.
Mod Paniel: The Hidden Protocol dependency (kalospacer.AhnDemi.PanieltheAutomata) needs to have <downloadUrl> and/or <steamWorkshopUrl> specified.
Mod Yuran Furshaved Continue has a dependency (RooAndGloomy.YuranRaceMod) with empty display name.
Mod Yuran Furshaved Continue dependency (RooAndGloomy.YuranRaceMod) needs to have <downloadUrl> and/or <steamWorkshopUrl> specified.
Mod Roren Facial Animation dependency (Po210.RorenRaceModOfficial) needs to have <downloadUrl> and/or <steamWorkshopUrl> specified.
Mod Ratkin Gene Expanded dependency (EoralMilk.PawnTextureOffsetAdjuster) needs to have <downloadUrl> and/or <steamWorkshopUrl> specified.
Mod Taste of Vanilla - The Alpha Mythology dependency (sarg.magicalmenagerie) needs to have <downloadUrl> and/or <steamWorkshopUrl> specified.
Tried loading mod with the same packageId multiple times: Owlchemist.MidSaverSaver. Ignoring the duplicates.
G:\SteamLibrary\steamapps\workshop\content\294100\2921585989
G:\SteamLibrary\steamapps\workshop\content\294100\3261311100
Fallback handler could not load library G:/SteamLibrary/steamapps/common/RimWorld/RimWorldWin64_Data/MonoBleedingEdge/data-000002321CEBE010.dll
Fallback handler could not load library G:/SteamLibrary/steamapps/common/RimWorld/RimWorldWin64_Data/MonoBleedingEdge/data-000002321CEA4980.dll
Fallback handler could not load library G:/SteamLibrary/steamapps/common/RimWorld/RimWorldWin64_Data/MonoBleedingEdge/data-000002321D739020.dll
[TrueTerrainColors v1.12.26] Extracted true colors from 384 terrain defs in 0.15 seconds.
Unloading 5 Unused Serialized files (Serialized files now loaded: 5)
Modifying the initial rand seed. Call PushState() first. The initial rand seed should always be based on the startup time and set only once.
[MapGenAI] 저장된 이미지 지형이 손상되어 복구했습니다. 확인 후 다시 적용하세요. / Invalid saved image terrain was repaired; review before applying.
[MapGenAI] 저장된 이미지 지형이 손상되어 복구했습니다. 확인 후 다시 적용하세요. / Invalid saved image terrain was repaired; review before applying.
Unloading 99 unused Assets to reduce memory usage. Loaded Objects now: 26487.
Total: 166.774800 ms (FindLiveObjects: 1.099100 ms CreateObjectMapping: 0.315100 ms MarkObjects: 164.959100 ms  DeleteObjects: 0.401100 ms)

Unloading 3 Unused Serialized files (Serialized files now loaded: 5)
[PhysX] Initialized MultithreadedTaskDispatcher with 16 workers.
UnloadTime: 1.794600 ms
Unloading 3 unused Assets to reduce memory usage. Loaded Objects now: 26666.
Total: 145.868000 ms (FindLiveObjects: 1.458600 ms CreateObjectMapping: 0.305300 ms MarkObjects: 144.059600 ms  DeleteObjects: 0.044100 ms)

Initializing new game with mods:
  - brrainz.harmony
  - Ludeon.RimWorld
  - Ludeon.RimWorld.Royalty
  - Ludeon.RimWorld.Ideology
  - Ludeon.RimWorld.Biotech
  - Ludeon.RimWorld.Anomaly
  - Ludeon.RimWorld.Odyssey
  - m00nl1ght.MapPreview
  - choco.mapgenai.probe.20260916003532629
Unloading 1 Unused Serialized files (Serialized files now loaded: 5)
[MapGenAI] Applied state to tile 10
[MapGenAI] Applied state to tile 10
[MapGenAI] HandleResponse 원문: {"action":"generate","description":"왼쪽 산맥 중앙을 동서로 관통하는 폭 8%의 마른 흙길 협곡 통로를 추가했습니다. 기존 호수와 오른쪽 위 산맥은 그대로 유지됩니다.","params":{"shape_ops":[{"op":"add","shape":{"id":"west_pass","type":"composite","shapes":[{"id":"pass_rect","prim":"rect","center":[0.25,0.5],"w":0.5,"h":0.08}],"compose":[{"op":"add","s":"pass_rect","fill":"soil","e":0.05,"f":0.01}]}}]}}
[MapGenAI] 파싱된 action: generate
[MapGenAI] Applied state to tile 10
[MapGenAI] Applied state to tile 10
[MapGenAI] Applied state to tile 10
[MapGenAI] Applied state to tile 10
[MapGenAI] Applied state to tile 20
[MapGenAI] Applied state to tile 20
[MapGenAI] HandleResponse 원문: {
  "action": "generate",
  "description": "기존 해자의 형태와 내부 섬, 유적 배치는 유지하고 해자의 채움 재료를 깊은 용암(LavaDeep)으로 변경했습니다.",
  "params": {
    "shape_ops": [
      {
        "op": "update",
        "id": "water_moat",
        "changes": {
          "fill": "LavaDeep"
        }
      }
    ]
  }
}
[MapGenAI] 파싱된 action: generate
[MapGenAI] Applied state to tile 20
[MapGenAI] Applied state to tile 20
[MapGenAI] Applied state to tile 20
[MapGenAI] Applied state to tile 20
[MapGenAI] Applied state to tile 33
[MapGenAI] Applied state to tile 33
[MapGenAI] HandleResponse 원문: {"action":"generate","description":"도넛 모양 산맥 안쪽 빈 공간의 70%를 기름진 토양으로 채웁니다.","params":{"shape_ops":[{"op":"add","shape":{"coverage":0.7,"fill":"SoilRich","id":"inner_soil","region":"central_mountain_donut","region_part":"enclosed","type":"region_fill"}}]}}
[MapGenAI] 파싱된 action: generate
[MapGenAI] Applied state to tile 33
[MapGenAI] Applied state to tile 33
[MapGenAI] Applied state to tile 33
[MapGenAI] Applied state to tile 33
[MapGenAI] Applied state to tile 36
[MapGenAI] Applied state to tile 36
[MapGenAI] HandleResponse 원문: {"action":"generate","description":"도넛 산 안쪽 비옥한 토양의 비율을 50%로 조정했습니다.","params":{"shape_ops":[{"op":"update","id":"soil_fraction","changes":{"coverage":0.5}}]}}
[MapGenAI] 파싱된 action: generate
[MapGenAI] Applied state to tile 36
[MapGenAI] Applied state to tile 36
[MapGenAI] Applied state to tile 36
[MapGenAI] Applied state to tile 36
[MapGenAI] Applied state to tile 68
[MapGenAI] Applied state to tile 68
[MapGenAI] HandleResponse 원문: {"action":"generate","description":"도넛 산맥 내부 구멍에 비옥한 토양을 정확히 70% 비율로 채우도록 수정했습니다.","params":{"shape_ops":[{"op":"remove","id":"inner_fertile_soil"},{"op":"add","shape":{"id":"inner_soil_fill","type":"region_fill","region":"central_mountain_donut","region_part":"enclosed","coverage":0.7,"fill":"SoilRich"}}]}}
[MapGenAI] 파싱된 action: generate
[MapGenAI] Applied state to tile 68
[MapGenAI] Applied state to tile 68
[MapGenAI] Applied state to tile 68
[MapGenAI] Applied state to tile 68
[MapGenAI] Applied state to tile 115
[MapGenAI] Applied state to tile 115
[MapGenAI] HandleResponse 원문: {
  "action": "generate",
  "description": "가운데 섬(island)의 안쪽 가장자리에서 2~5칸 떨어진 위치에 9x7 크기의 폐허 3개를 최소 8칸 간격으로 배치하도록 설정했습니다.",
  "params": {
    "structure_ops": [
      {
        "op": "add",
        "structure": {
          "id": "island_ruins",
          "kind": "ruin",
          "region": "island",
          "width": 9,
          "height": 7,
          "count": 3,
          "spacing": 8,
          "relation": {
            "target": "region_edge",
            "side": "any",
            "min_distance": 2,
            "max_distance": 5
          }
        }
      }
    ]
  }
}
[MapGenAI] 파싱된 action: generate
[MapGenAI] Applied state to tile 115
[MapGenAI] Applied state to tile 115
[MapGenAI] Applied state to tile 115
[MapGenAI] Applied state to tile 115
[MapGenAI] 식생 밀도 적용: 0.00
[MapGenAI] 동물 밀도 적용: 0.00
[MapGenAI] 간헐천 수 적용: 0개, range=0.00~0.00 (원본=0.70~1.00)
[MapGenAI] 폐허 밀도 적용: 0.00 (보정=0.00), range=0.0~0.0
[MapGenAI] 위험 밀도 적용: 0.00 (보정=0.00), range=0.0~0.0
[MapGenAI] Applied state to tile 120
[MapGenAI] Applied state to tile 120
[MapGenAI] HandleResponse 원문: {
  "action": "generate",
  "description": "호수 북쪽 물가(거리 2~8칸)에 상호 간격 10칸 이상 떨어진 9x7 크기의 폐허 2개를 배치합니다.",
  "params": {
    "structure_ops": [
      {
        "op": "add",
        "structure": {
          "id": "ruins_north_lake",
          "kind": "ruin",
          "width": 9,
          "height": 7,
          "count": 2,
          "spacing": 10,
          "relation": {
            "target": "water",
            "side": "north",
            "min_distance": 2,
            "max_distance": 8
          }
        }
      }
    ]
  }
}
[MapGenAI] 파싱된 action: generate
[MapGenAI] Applied state to tile 120
[MapGenAI] Applied state to tile 120
[MapGenAI] Applied state to tile 120
[MapGenAI] Applied state to tile 120
[MapGenAI] 식생 밀도 적용: 0.00
[MapGenAI] 동물 밀도 적용: 0.00
[MapGenAI] 간헐천 수 적용: 0개, range=0.00~0.00 (원본=0.70~1.00)
[MapGenAI] 폐허 밀도 적용: 0.00 (보정=0.00), range=0.0~0.0
[MapGenAI] 위험 밀도 적용: 0.00 (보정=0.00), range=0.0~0.0
[MapGenAI] Applied state to tile 122
[MapGenAI] Applied state to tile 122
[MapGenAI] HandleResponse 원문: {"action":"generate","description":"중앙 산의 서쪽 기슭(산 바위로부터 2~10칸 거리)에 최소 10칸 간격을 둔 9x7 폐허 2개를 배치했습니다. 기존 지형과 설정은 그대로 유지됩니다.","params":{"structure_ops":[{"op":"add","structure":{"count":2,"height":7,"id":"mountain_west_ruins","kind":"ruin","relation":{"max_distance":10,"min_distance":2,"side":"west","target":"mountain"},"spacing":10,"width":9}}]}}
[MapGenAI] 파싱된 action: generate
[MapGenAI] Applied state to tile 122
[MapGenAI] Applied state to tile 122
[MapGenAI] Applied state to tile 122
[MapGenAI] Applied state to tile 122
[MapGenAI] 식생 밀도 적용: 0.00
[MapGenAI] 동물 밀도 적용: 0.00
[MapGenAI] 간헐천 수 적용: 0개, range=0.00~0.00 (원본=0.70~1.00)
[MapGenAI] 폐허 밀도 적용: 0.00 (보정=0.00), range=0.0~0.0
[MapGenAI] 위험 밀도 적용: 0.00 (보정=0.00), range=0.0~0.0
[MapGenAI] Applied state to tile 123
[MapGenAI] Applied state to tile 123
[MapGenAI] HandleResponse 원문: {"action":"generate","description":"도넛 산 중앙 내부에서 남쪽 가장자리까지 폭 8칸 이상의 마른 통로를 생성합니다.","params":{"shape_ops":[{"op":"add","shape":{"fill":"Soil","id":"south_exit","points":[[0.5,0.5],[0.5,0.0]],"type":"passage","width":8}}]}}
[MapGenAI] 파싱된 action: generate
[MapGenAI] Applied state to tile 123
[MapGenAI] Applied state to tile 123
[MapGenAI] Applied state to tile 123
[MapGenAI] Applied state to tile 123
[MapGenAI] Applied state to tile 161
[MapGenAI] Applied state to tile 161
[MapGenAI] HandleResponse 원문: {"action":"generate","description":"기존 산을 관통하는 최소 8칸 폭의 흙바닥 굽은 통로를 생성합니다.","params":{"shape_ops":[{"op":"add","shape":{"fill":"Soil","id":"curved_canyon","points":[[0.0,0.5],[0.35,0.7],[0.65,0.3],[1.0,0.5]],"type":"passage","width":8}}]}}
[MapGenAI] 파싱된 action: generate
[MapGenAI] Applied state to tile 161
[MapGenAI] Applied state to tile 161
[MapGenAI] Applied state to tile 161
[MapGenAI] Applied state to tile 161
Unloading 1 unused Assets to reduce memory usage. Loaded Objects now: 75639.
Total: 324.599100 ms (FindLiveObjects: 3.461900 ms CreateObjectMapping: 2.149000 ms MarkObjects: 318.898200 ms  DeleteObjects: 0.089600 ms)

Memory Statistics:
[ALLOC_TEMP_TLS] TLS Allocator
  StackAllocators : 
    [ALLOC_TEMP_MAIN]
      Peak usage frame count: [0-1.0 KB]: 613 frames, [1.0 KB-2.0 KB]: 1 frames, [2.0 KB-4.0 KB]: 1 frames, [16.0 KB-32.0 KB]: 1 frames, [32.0 KB-64.0 KB]: 1 frames, [128.0 KB-256.0 KB]: 1 frames, [2.0 MB-4.0 MB]: 3 frames
      Initial Block Size 4.0 MB
      Current Block Size 7.9 MB
      Peak Allocated Bytes 7.9 MB
      Overflow Count 7
    [ALLOC_TEMP_Loading.AsyncRead]
      Initial Block Size 64.0 KB
      Current Block Size 120.0 KB
      Peak Allocated Bytes 117.2 KB
      Overflow Count 0
    [ALLOC_TEMP_Loading.PreloadManager]
      Initial Block Size 256.0 KB
      Current Block Size 256.0 KB
      Peak Allocated Bytes 3.8 KB
      Overflow Count 8
    [ALLOC_TEMP_Background Job.Worker 8]
      Initial Block Size 32.0 KB
      Current Block Size 32.0 KB
      Peak Allocated Bytes 54 B
      Overflow Count 0
    [ALLOC_TEMP_Job.Worker 6]
      Initial Block Size 256.0 KB
      Current Block Size 256.0 KB
      Peak Allocated Bytes 0 B
      Overflow Count 0
    [ALLOC_TEMP_Job.Worker 0]
      Initial Block Size 256.0 KB
      Current Block Size 256.0 KB
      Peak Allocated Bytes 0 B
      Overflow Count 0
    [ALLOC_TEMP_Background Job.Worker 10]
      Initial Block Size 32.0 KB
      Current Block Size 32.0 KB
      Peak Allocated Bytes 54 B
      Overflow Count 0
    [ALLOC_TEMP_Background Job.Worker 9]
      Initial Block Size 32.0 KB
      Current Block Size 32.0 KB
      Peak Allocated Bytes 54 B
      Overflow Count 0
    [ALLOC_TEMP_Job.Worker 5]
      Initial Block Size 256.0 KB
      Current Block Size 256.0 KB
      Peak Allocated Bytes 0 B
      Overflow Count 0
    [ALLOC_TEMP_Background Job.Worker 14]
      Initial Block Size 32.0 KB
      Current Block Size 32.0 KB
      Peak Allocated Bytes 54 B
      Overflow Count 0
    [ALLOC_TEMP_Background Job.Worker 6]
      Initial Block Size 32.0 KB
      Current Block Size 32.0 KB
      Peak Allocated Bytes 54 B
      Overflow Count 0
    [ALLOC_TEMP_Job.Worker 4]
      Initial Block Size 256.0 KB
      Current Block Size 256.0 KB
      Peak Allocated Bytes 0 B
      Overflow Count 0
    [ALLOC_TEMP_Job.Worker 14]
      Initial Block Size 256.0 KB
      Current Block Size 256.0 KB
      Peak Allocated Bytes 54 B
      Overflow Count 0
    [ALLOC_TEMP_Job.Worker 3]
      Initial Block Size 256.0 KB
      Current Block Size 256.0 KB
      Peak Allocated Bytes 0 B
      Overflow Count 0
    [ALLOC_TEMP_Job.Worker 13]
      Initial Block Size 256.0 KB
      Current Block Size 256.0 KB
      Peak Allocated Bytes 54 B
      Overflow Count 0
    [ALLOC_TEMP_Background Job.Worker 12]
      Initial Block Size 32.0 KB
      Current Block Size 32.0 KB
      Peak Allocated Bytes 54 B
      Overflow Count 0
    [ALLOC_TEMP_EnlightenWorker] x 8
      Initial Block Size 64.0 KB
      Current Block Size 64.0 KB
      Peak Allocated Bytes 54 B
      Overflow Count 0
    [ALLOC_TEMP_Background Job.Worker 15]
      Initial Block Size 32.0 KB
      Current Block Size 32.0 KB
      Peak Allocated Bytes 54 B
      Overflow Count 0
    [ALLOC_TEMP_Background Job.Worker 1]
      Initial Block Size 32.0 KB
      Current Block Size 32.0 KB
      Peak Allocated Bytes 54 B
      Overflow Count 0
    [ALLOC_TEMP_Background Job.Worker 2]
      Initial Block Size 32.0 KB
      Current Block Size 32.0 KB
      Peak Allocated Bytes 54 B
      Overflow Count 0
    [ALLOC_TEMP_Background Job.Worker 7]
      Initial Block Size 32.0 KB
      Current Block Size 32.0 KB
      Peak Allocated Bytes 54 B
      Overflow Count 0
    [ALLOC_TEMP_AssetGarbageCollectorHelper] x 15
      Initial Block Size 64.0 KB
      Current Block Size 64.0 KB
      Peak Allocated Bytes 138 B
      Overflow Count 0
    [ALLOC_TEMP_Background Job.Worker 5]
      Initial Block Size 32.0 KB
      Current Block Size 32.0 KB
      Peak Allocated Bytes 54 B
      Overflow Count 0
    [ALLOC_TEMP_Job.Worker 9]
      Initial Block Size 256.0 KB
      Current Block Size 256.0 KB
      Peak Allocated Bytes 0 B
      Overflow Count 0
    [ALLOC_TEMP_Background Job.Worker 13]
      Initial Block Size 32.0 KB
      Current Block Size 32.0 KB
      Peak Allocated Bytes 54 B
      Overflow Count 0
    [ALLOC_TEMP_Job.Worker 8]
      Initial Block Size 256.0 KB
      Current Block Size 256.0 KB
      Peak Allocated Bytes 0 B
      Overflow Count 0
    [ALLOC_TEMP_Job.Worker 7]
      Initial Block Size 256.0 KB
      Current Block Size 256.0 KB
      Peak Allocated Bytes 0 B
      Overflow Count 0
    [ALLOC_TEMP_Job.Worker 1]
      Initial Block Size 256.0 KB
      Current Block Size 256.0 KB
      Peak Allocated Bytes 507 B
      Overflow Count 0
    [ALLOC_TEMP_Job.Worker 2]
      Initial Block Size 256.0 KB
      Current Block Size 256.0 KB
      Peak Allocated Bytes 480 B
      Overflow Count 0
    [ALLOC_TEMP_Background Job.Worker 3]
      Initial Block Size 32.0 KB
      Current Block Size 32.0 KB
      Peak Allocated Bytes 54 B
      Overflow Count 0
    [ALLOC_TEMP_Background Job.Worker 11]
      Initial Block Size 32.0 KB
      Current Block Size 32.0 KB
      Peak Allocated Bytes 54 B
      Overflow Count 0
    [ALLOC_TEMP_Job.Worker 10]
      Initial Block Size 256.0 KB
      Current Block Size 256.0 KB
      Peak Allocated Bytes 54 B
      Overflow Count 0
    [ALLOC_TEMP_Background Job.Worker 0]
      Initial Block Size 32.0 KB
      Current Block Size 32.0 KB
      Peak Allocated Bytes 54 B
      Overflow Count 0
    [ALLOC_TEMP_Job.Worker 11]
      Initial Block Size 256.0 KB
      Current Block Size 256.0 KB
      Peak Allocated Bytes 54 B
      Overflow Count 0
    [ALLOC_TEMP_Job.Worker 12]
      Initial Block Size 256.0 KB
      Current Block Size 256.0 KB
      Peak Allocated Bytes 54 B
      Overflow Count 0
    [ALLOC_TEMP_Background Job.Worker 4]
      Initial Block Size 32.0 KB
      Current Block Size 32.0 KB
      Peak Allocated Bytes 54 B
      Overflow Count 0
    [ALLOC_TEMP_BatchDeleteObjects]
      Initial Block Size 64.0 KB
      Current Block Size 64.0 KB
      Peak Allocated Bytes 54 B
      Overflow Count 0
[ALLOC_DEFAULT] Dual Thread Allocator
  Peak main deferred allocation count 41779
    [ALLOC_BUCKET]
      Large Block size 4.0 MB
      Used Block count 1
      Peak Allocated bytes 4.0 MB
      Failed Allocations. Bucket layout:
        16B: 4 Subsections = 4096 buckets. Failed count: 26373
        32B: 33 Subsections = 16896 buckets. Failed count: 40718
        48B: 48 Subsections = 16384 buckets. Failed count: 81308
        64B: 39 Subsections = 9984 buckets. Failed count: 32454
        80B: 85 Subsections = 17408 buckets. Failed count: 22092
        96B: 31 Subsections = 5290 buckets. Failed count: 41216
        112B: 10 Subsections = 1462 buckets. Failed count: 9803
        128B: 6 Subsections = 768 buckets. Failed count: 8052
    [ALLOC_DEFAULT_MAIN]
      Peak usage frame count: [16.0 MB-32.0 MB]: 371 frames, [128.0 MB-256.0 MB]: 249 frames, [1.00 GB-2.00 GB]: 1 frames
      Requested Block Size 16.0 MB
      Peak Block count 109
      Peak Allocated memory 1.68 GB
      Peak Large allocation bytes 11.3 MB
    [ALLOC_DEFAULT_THREAD]
      Peak usage frame count: [4.0 MB-8.0 MB]: 1 frames, [8.0 MB-16.0 MB]: 396 frames, [16.0 MB-32.0 MB]: 4 frames, [32.0 MB-64.0 MB]: 219 frames, [128.0 MB-256.0 MB]: 1 frames
      Requested Block Size 16.0 MB
      Peak Block count 13
      Peak Allocated memory 196.3 MB
      Peak Large allocation bytes 0 B
[ALLOC_TEMP_JOB_1_FRAME]
  Initial Block Size 2.0 MB
  Used Block Count 0
  Overflow Count (too large) 0
  Overflow Count (full) 0
[ALLOC_TEMP_JOB_2_FRAMES]
  Initial Block Size 2.0 MB
  Used Block Count 0
  Overflow Count (too large) 0
  Overflow Count (full) 0
[ALLOC_TEMP_JOB_4_FRAMES (JobTemp)]
  Initial Block Size 2.0 MB
  Used Block Count 1
  Overflow Count (too large) 0
  Overflow Count (full) 0
[ALLOC_TEMP_JOB_ASYNC (Background)]
  Initial Block Size 1.0 MB
  Used Block Count 1
  Overflow Count (too large) 0
  Overflow Count (full) 0
[ALLOC_GFX] Dual Thread Allocator
  Peak main deferred allocation count 0
    [ALLOC_BUCKET]
      Large Block size 4.0 MB
      Used Block count 1
      Peak Allocated bytes 4.0 MB
      Failed Allocations. Bucket layout:
        16B: 4 Subsections = 4096 buckets. Failed count: 26373
        32B: 33 Subsections = 16896 buckets. Failed count: 40718
        48B: 48 Subsections = 16384 buckets. Failed count: 81308
        64B: 39 Subsections = 9984 buckets. Failed count: 32454
        80B: 85 Subsections = 17408 buckets. Failed count: 22092
        96B: 31 Subsections = 5290 buckets. Failed count: 41216
        112B: 10 Subsections = 1462 buckets. Failed count: 9803
        128B: 6 Subsections = 768 buckets. Failed count: 8052
    [ALLOC_GFX_MAIN]
      Peak usage frame count: [64.0 KB-128.0 KB]: 1 frames, [2.0 MB-4.0 MB]: 618 frames, [128.0 MB-256.0 MB]: 1 frames, [256.0 MB-0.50 GB]: 1 frames
      Requested Block Size 16.0 MB
      Peak Block count 25
      Peak Allocated memory 391.9 MB
      Peak Large allocation bytes 213.1 MB
    [ALLOC_GFX_THREAD]
      Peak usage frame count: [0-1.0 KB]: 620 frames, [1.0 KB-2.0 KB]: 1 frames
      Requested Block Size 16.0 MB
      Peak Block count 1
      Peak Allocated memory 1.2 KB
      Peak Large allocation bytes 0 B
[ALLOC_CACHEOBJECTS] Dual Thread Allocator
  Peak main deferred allocation count 101
    [ALLOC_BUCKET]
      Large Block size 4.0 MB
      Used Block count 1
      Peak Allocated bytes 4.0 MB
      Failed Allocations. Bucket layout:
        16B: 4 Subsections = 4096 buckets. Failed count: 26373
        32B: 33 Subsections = 16896 buckets. Failed count: 40718
        48B: 48 Subsections = 16384 buckets. Failed count: 81308
        64B: 39 Subsections = 9984 buckets. Failed count: 32454
        80B: 85 Subsections = 17408 buckets. Failed count: 22092
        96B: 31 Subsections = 5290 buckets. Failed count: 41216
        112B: 10 Subsections = 1462 buckets. Failed count: 9803
        128B: 6 Subsections = 768 buckets. Failed count: 8052
    [ALLOC_CACHEOBJECTS_MAIN]
      Peak usage frame count: [4.0 MB-8.0 MB]: 371 frames, [8.0 MB-16.0 MB]: 250 frames
      Requested Block Size 4.0 MB
      Peak Block count 5
      Peak Allocated memory 15.8 MB
      Peak Large allocation bytes 0 B
    [ALLOC_CACHEOBJECTS_THREAD]
      Peak usage frame count: [4.0 KB-8.0 KB]: 581 frames, [32.0 KB-64.0 KB]: 1 frames, [64.0 KB-128.0 KB]: 37 frames, [256.0 KB-0.5 MB]: 1 frames, [0.5 MB-1.0 MB]: 1 frames
      Requested Block Size 4.0 MB
      Peak Block count 1
      Peak Allocated memory 0.6 MB
      Peak Large allocation bytes 0 B
[ALLOC_TYPETREE] Dual Thread Allocator
  Peak main deferred allocation count 0
    [ALLOC_BUCKET]
      Large Block size 4.0 MB
      Used Block count 1
      Peak Allocated bytes 4.0 MB
      Failed Allocations. Bucket layout:
        16B: 4 Subsections = 4096 buckets. Failed count: 26373
        32B: 33 Subsections = 16896 buckets. Failed count: 40718
        48B: 48 Subsections = 16384 buckets. Failed count: 81308
        64B: 39 Subsections = 9984 buckets. Failed count: 32454
        80B: 85 Subsections = 17408 buckets. Failed count: 22092
        96B: 31 Subsections = 5290 buckets. Failed count: 41216
        112B: 10 Subsections = 1462 buckets. Failed count: 9803
        128B: 6 Subsections = 768 buckets. Failed count: 8052
    [ALLOC_TYPETREE_MAIN]
      Peak usage frame count: [4.0 KB-8.0 KB]: 1 frames, [8.0 KB-16.0 KB]: 370 frames, [32.0 KB-64.0 KB]: 250 frames
      Requested Block Size 2.0 MB
      Peak Block count 1
      Peak Allocated memory 50.0 KB
      Peak Large allocation bytes 0 B
    [ALLOC_TYPETREE_THREAD]
      Peak usage frame count: [0-1.0 KB]: 621 frames
      Requested Block Size 2.0 MB
      Peak Block count 0
      Peak Allocated memory 0 B
      Peak Large allocation bytes 0 B
