Mono path[0] = 'G:/SteamLibrary/steamapps/common/RimWorld/RimWorldWin64_Data/Managed'
Mono config path = 'G:/SteamLibrary/steamapps/common/RimWorld/MonoBleedingEdge/etc'
[PhysX] Initialized MultithreadedTaskDispatcher with 16 workers.
Initialize engine version: 2022.3.35f1 (011206c7a712)
[Subsystems] Discovering subsystems at path G:/SteamLibrary/steamapps/common/RimWorld/RimWorldWin64_Data/UnitySubsystems
GfxDevice: creating device client; threaded=0; jobified=0
Direct3D:
    Version:  Direct3D 11.0 [level 11.1]
    Renderer: NVIDIA GeForce RTX 4070 Ti SUPER (ID=0x2705)
    Vendor:   NVIDIA
    VRAM:     16061 MB
    Driver:   32.0.15.9186
Begin MonoManager ReloadAssembly
- Loaded All Assemblies, in  0.074 seconds
- Finished resetting the current domain, in  0.001 seconds
[PhysX] Initialized MultithreadedTaskDispatcher with 16 workers.
UnloadTime: 0.489000 ms
Command line arguments: -batchmode -screen-fullscreen 0 -screen-width 960 -screen-height 640 -savedatafolder=C:\Users\choco\AppData\Local\mapgen-ai-probe\profile-20260914-013904 -mapgenAIProbe=F:\Projects\Rimworld\active\mapgen_ai\docs\analysis\2026-09-14-manual-fixes\native-r1 -logFile F:\Projects\Rimworld\active\mapgen_ai\docs\analysis\2026-09-14-manual-fixes\native-r1\Player.log -mapgenAIManualFailures=F:\Projects\Rimworld\active\mapgen_ai\docs\analysis\2026-09-14-manual-fixes\user-evidence -mapgenAIManualResponses=F:\Projects\Rimworld\active\mapgen_ai\docs\analysis\2026-09-14-manual-fixes\provider-r1
RimWorld 1.6.4871 rev591
Save data folder overridden to C:\Users\choco\AppData\Local\mapgen-ai-probe\profile-20260914-013904
Mod Draconis Koelime Fix dependency (Draconis.Koelime) needs to have <downloadUrl> and/or <steamWorkshopUrl> specified.
Mod Draconis Koelime Fix dependency (brrainz.harmony) needs to have <downloadUrl> and/or <steamWorkshopUrl> specified.
Mod World Domination dependency (vanillaexpanded.outposts) needs to have <downloadUrl> and/or <steamWorkshopUrl> specified.
Mod World Domination dependency (oskarpotocki.vanillafactionsexpanded.core) needs to have <downloadUrl> and/or <steamWorkshopUrl> specified.
Mod World Domination dependency (brrainz.harmony) needs to have <downloadUrl> and/or <steamWorkshopUrl> specified.
Mod Paniel: The Hidden Protocol dependency (kalospacer.AhnDemi.PanieltheAutomata) needs to have <downloadUrl> and/or <steamWorkshopUrl> specified.
Mod Yuran Furshaved Continue has a dependency (RooAndGloomy.YuranRaceMod) with empty display name.
Mod Yuran Furshaved Continue dependency (RooAndGloomy.YuranRaceMod) needs to have <downloadUrl> and/or <steamWorkshopUrl> specified.
Mod Roren Facial Animation dependency (Po210.RorenRaceModOfficial) needs to have <downloadUrl> and/or <steamWorkshopUrl> specified.
Mod Ratkin Gene Expanded dependency (EoralMilk.PawnTextureOffsetAdjuster) needs to have <downloadUrl> and/or <steamWorkshopUrl> specified.
Mod Taste of Vanilla - The Alpha Mythology dependency (sarg.magicalmenagerie) needs to have <downloadUrl> and/or <steamWorkshopUrl> specified.
Tried loading mod with the same packageId multiple times: Owlchemist.MidSaverSaver. Ignoring the duplicates.
G:\SteamLibrary\steamapps\workshop\content\294100\2921585989
G:\SteamLibrary\steamapps\workshop\content\294100\3261311100
Fallback handler could not load library G:/SteamLibrary/steamapps/common/RimWorld/RimWorldWin64_Data/MonoBleedingEdge/data-00000261B94ACC50.dll
Fallback handler could not load library G:/SteamLibrary/steamapps/common/RimWorld/RimWorldWin64_Data/MonoBleedingEdge/data-00000261B9707BA0.dll
Fallback handler could not load library G:/SteamLibrary/steamapps/common/RimWorld/RimWorldWin64_Data/MonoBleedingEdge/data-00000261B9A10010.dll
[TrueTerrainColors v1.12.26] Extracted true colors from 384 terrain defs in 0.05 seconds.
Unloading 5 Unused Serialized files (Serialized files now loaded: 5)
[MapGenAI] 저장된 이미지 지형이 손상되어 복구했습니다. 확인 후 다시 적용하세요. / Invalid saved image terrain was repaired; review before applying.
[MapGenAI] 저장된 이미지 지형이 손상되어 복구했습니다. 확인 후 다시 적용하세요. / Invalid saved image terrain was repaired; review before applying.
Unloading 99 unused Assets to reduce memory usage. Loaded Objects now: 26487.
Total: 154.771700 ms (FindLiveObjects: 1.079800 ms CreateObjectMapping: 0.315200 ms MarkObjects: 153.068000 ms  DeleteObjects: 0.308300 ms)

Unloading 3 Unused Serialized files (Serialized files now loaded: 5)
[PhysX] Initialized MultithreadedTaskDispatcher with 16 workers.
UnloadTime: 1.547500 ms
Unloading 3 unused Assets to reduce memory usage. Loaded Objects now: 26666.
Total: 143.211500 ms (FindLiveObjects: 0.990800 ms CreateObjectMapping: 0.273900 ms MarkObjects: 141.904000 ms  DeleteObjects: 0.042500 ms)

Initializing new game with mods:
  - brrainz.harmony
  - Ludeon.RimWorld
  - Ludeon.RimWorld.Royalty
  - Ludeon.RimWorld.Ideology
  - Ludeon.RimWorld.Biotech
  - Ludeon.RimWorld.Anomaly
  - Ludeon.RimWorld.Odyssey
  - m00nl1ght.MapPreview
  - choco.mapgenai.probe.20260914013904
Unloading 1 Unused Serialized files (Serialized files now loaded: 5)
[ManualFailureProbe] isolated flat inland fixture tiles available
[MapGenAI] Applied state to tile 2
[MapGenAI] Applied state to tile 2
[MapGenAI] Applied state to tile 2
[MapGenAI] Applied state to tile 2
[MapGenAI] HandleResponse 원문: {"action":"generate","description":"왼쪽 산맥 중앙을 동서로 관통하는 폭 8%의 마른 흙길 협곡 통로를 추가했습니다. 기존 호수와 오른쪽 위 산맥은 그대로 유지됩니다.","params":{"shape_ops":[{"op":"add","shape":{"id":"west_pass","type":"composite","shapes":[{"id":"pass_rect","prim":"rect","center":[0.25,0.5],"w":0.5,"h":0.08}],"compose":[{"op":"add","s":"pass_rect","fill":"soil","e":0.05,"f":0.01}]}}]}}
[MapGenAI] 파싱된 action: generate
[MapGenAI] Applied state to tile 2
[ManualFailureProbe] d04-1: actual dialog applies the first response
[MapGenAI] Applied state to tile 2
[ManualFailureProbe] d04-1: actual Undo restores all prior terrain and structures
[MapGenAI] Applied state to tile 2
[MapGenAI] Applied state to tile 2
[MapGenAI] HandleResponse 원문: {"action":"generate","description":"왼쪽 산맥의 중앙을 가로지르는 너비 8%의 동서 방향 마른 협곡 통로를 추가했습니다. 기존 호수와 오른쪽 위 산맥은 그대로 유지됩니다.","params":{"shape_ops":[{"op":"add","shape":{"id":"west_pass","type":"composite","shapes":[{"id":"pass_rect","prim":"rect","center":[0.25,0.5],"w":0.55,"h":0.08}],"compose":[{"op":"add","s":"pass_rect","fill":"soil","e":0.05,"f":0.01}]}}]}}
[MapGenAI] 파싱된 action: generate
[MapGenAI] Applied state to tile 2
[ManualFailureProbe] d04-2: actual dialog applies the first response
[MapGenAI] Applied state to tile 2
[ManualFailureProbe] d04-2: actual Undo restores all prior terrain and structures
[MapGenAI] Applied state to tile 2
[MapGenAI] Applied state to tile 2
[MapGenAI] HandleResponse 원문: {
  "action": "generate",
  "description": "왼쪽 산맥 중앙(z=0.5)을 동서로 관통하는 너비 8%의 평탄한 마른 통로를 추가했습니다.",
  "params": {
    "shape_ops": [
      {
        "op": "add",
        "shape": {
          "id": "west_canyon_pass",
          "type": "composite",
          "shapes": [
            {
              "id": "cut_pass",
              "prim": "rect",
              "center": [0.2, 0.5],
              "w": 0.45,
              "h": 0.08
            }
          ],
          "compose": [
            {
              "op": "add",
              "s": "cut_pass",
              "fill": "soil",
              "e": 0.05,
              "f": 0.01
            }
          ]
        }
      }
    ]
  }
}
[MapGenAI] 파싱된 action: generate
[MapGenAI] Applied state to tile 2
[ManualFailureProbe] d04-3: actual dialog applies the first response
[MapGenAI] Applied state to tile 2
[ManualFailureProbe] d04-3: actual Undo restores all prior terrain and structures
[MapGenAI] Applied state to tile 2
[MapGenAI] Applied state to tile 2
[MapGenAI] HandleResponse 원문: {
  "action": "generate",
  "description": "기존 해자의 형태와 내부 섬, 유적 배치는 유지하고 해자의 채움 재료를 깊은 용암(LavaDeep)으로 변경했습니다.",
  "params": {
    "shape_ops": [
      {
        "op": "update",
        "id": "water_moat",
        "changes": {
          "fill": "LavaDeep"
        }
      }
    ]
  }
}
[MapGenAI] 파싱된 action: generate
[MapGenAI] Applied state to tile 2
[ManualFailureProbe] f03-1: actual dialog applies the first response
[MapGenAI] Applied state to tile 2
[ManualFailureProbe] f03-1: actual Undo restores all prior terrain and structures
[MapGenAI] Applied state to tile 2
[MapGenAI] Applied state to tile 2
[MapGenAI] HandleResponse 원문: {
  "action": "generate",
  "description": "기존 해자의 형태와 중앙 섬, 폐허 배치를 그대로 유지하고 해자의 물을 실제 깊은 용암(LavaDeep)으로 변경했습니다.",
  "params": {
    "shape_ops": [
      {
        "op": "update",
        "id": "water_moat",
        "changes": {
          "fill": "LavaDeep"
        }
      }
    ]
  }
}
[MapGenAI] 파싱된 action: generate
[MapGenAI] Applied state to tile 2
[ManualFailureProbe] f03-2: actual dialog applies the first response
[MapGenAI] Applied state to tile 2
[ManualFailureProbe] f03-2: actual Undo restores all prior terrain and structures
[MapGenAI] Applied state to tile 2
[MapGenAI] Applied state to tile 2
[MapGenAI] HandleResponse 원문: {"action":"generate","description":"중앙 섬과 폐허 배치는 그대로 유지하고, 해자의 채움 재료를 물에서 깊은 용암(LavaDeep)으로 변경했습니다.","params":{"shape_ops":[{"op":"update","id":"water_moat","changes":{"fill":"LavaDeep"}}]}}
[MapGenAI] 파싱된 action: generate
[MapGenAI] Applied state to tile 2
[ManualFailureProbe] f03-3: actual dialog applies the first response
[MapGenAI] Applied state to tile 2
[ManualFailureProbe] f03-3: actual Undo restores all prior terrain and structures
[MapGenAI] Applied state to tile 2
[MapGenAI] Applied state to tile 2
[MapGenAI] HandleResponse 원문: {
  "action": "generate",
  "description": "중앙 섬과 폐허의 형태를 유지한 채, 둘러싼 해자의 물을 깊은 용암(LavaDeep)으로 변경했습니다.",
  "params": {
    "shape_ops": [
      {
        "op": "update",
        "id": "moat",
        "changes": {
          "fill": "LavaDeep"
        }
      }
    ]
  }
}
[MapGenAI] 파싱된 action: generate
[MapGenAI] Applied state to tile 2
[ManualFailureProbe] f03-original-1: actual dialog applies the first response
[MapGenAI] Applied state to tile 2
[ManualFailureProbe] f03-original-1: actual Undo restores all prior terrain and structures
[MapGenAI] Applied state to tile 2
[MapGenAI] Applied state to tile 2
[MapGenAI] HandleResponse 원문: {
  "action": "generate",
  "description": "해자의 기존 모양, 중앙 섬, 폐허 배치를 그대로 유지하고 해자의 채움 재료를 깊은 용암(LavaDeep)으로 변경했습니다.",
  "params": {
    "shape_ops": [
      {
        "op": "update",
        "id": "moat",
        "changes": {
          "fill": "LavaDeep"
        }
      }
    ]
  }
}
[MapGenAI] 파싱된 action: generate
[MapGenAI] Applied state to tile 2
[ManualFailureProbe] f03-original-2: actual dialog applies the first response
[MapGenAI] Applied state to tile 2
[ManualFailureProbe] f03-original-2: actual Undo restores all prior terrain and structures
[MapGenAI] Applied state to tile 2
[MapGenAI] Applied state to tile 2
[MapGenAI] HandleResponse 원문: {
  "action": "generate",
  "description": "해자의 물을 깊은 용암(LavaDeep)으로 변경하고 기존 섬 형태와 폐허 배치는 그대로 유지했습니다.",
  "params": {
    "shape_ops": [
      {
        "op": "update",
        "id": "moat",
        "changes": {
          "fill": "LavaDeep"
        }
      }
    ]
  }
}
[MapGenAI] 파싱된 action: generate
[MapGenAI] Applied state to tile 2
[ManualFailureProbe] f03-original-3: actual dialog applies the first response
[MapGenAI] Applied state to tile 2
[ManualFailureProbe] f03-original-3: actual Undo restores all prior terrain and structures
[MapGenAI] Applied state to tile 2
[MapGenAI] Applied state to tile 2
[ManualFailureProbe] d03-baseline: original mountain blocks east-west crossing
[ManualFailureProbe] d03-baseline: southeast lake and northeast mountain survive
[ManualFailureProbe] d03-baseline: all requested ruins generated without failure
[ManualFailureProbe] d03-baseline: recorded ruin walls exist on the map
[ManualFailureProbe] d03-baseline: generation preserves saved plan and disposes scope
[MapGenAI] Applied state to tile 12
[ManualFailureProbe] d04-recorded-water: captured negative/no-fill response reproduces the lake bug
[ManualFailureProbe] d04-recorded-water: southeast lake and northeast mountain survive
[ManualFailureProbe] d04-recorded-water: all requested ruins generated without failure
[ManualFailureProbe] d04-recorded-water: recorded ruin walls exist on the map
[ManualFailureProbe] d04-recorded-water: generation preserves saved plan and disposes scope
[MapGenAI] Applied state to tile 21
[ManualFailureProbe] f03-recorded-lava: actual LavaDeep throughout moat interior, zero water, dry central island
[ManualFailureProbe] f03-recorded-lava: all requested ruins generated without failure
[ManualFailureProbe] f03-recorded-lava: recorded ruin walls exist on the map
[ManualFailureProbe] f03-recorded-lava: generation preserves saved plan and disposes scope
[MapGenAI] Applied state to tile 55
[ManualFailureProbe] d04-1: dry walkable east-west crossing without water or mountain rocks
[ManualFailureProbe] d04-1: southeast lake and northeast mountain survive
[ManualFailureProbe] d04-1: all requested ruins generated without failure
[ManualFailureProbe] d04-1: recorded ruin walls exist on the map
[ManualFailureProbe] d04-1: generation preserves saved plan and disposes scope
[MapGenAI] Applied state to tile 70
[ManualFailureProbe] d04-2: dry walkable east-west crossing without water or mountain rocks
[ManualFailureProbe] d04-2: southeast lake and northeast mountain survive
[ManualFailureProbe] d04-2: all requested ruins generated without failure
[ManualFailureProbe] d04-2: recorded ruin walls exist on the map
[ManualFailureProbe] d04-2: generation preserves saved plan and disposes scope
[MapGenAI] Applied state to tile 78
[ManualFailureProbe] d04-3: dry walkable east-west crossing without water or mountain rocks
[ManualFailureProbe] d04-3: southeast lake and northeast mountain survive
[ManualFailureProbe] d04-3: all requested ruins generated without failure
[ManualFailureProbe] d04-3: recorded ruin walls exist on the map
[ManualFailureProbe] d04-3: generation preserves saved plan and disposes scope
[MapGenAI] Applied state to tile 80
[ManualFailureProbe] f03-1: actual LavaDeep throughout moat interior, zero water, dry central island
[ManualFailureProbe] f03-1: all requested ruins generated without failure
[ManualFailureProbe] f03-1: recorded ruin walls exist on the map
[ManualFailureProbe] f03-1: generation preserves saved plan and disposes scope
[MapGenAI] Applied state to tile 119
[ManualFailureProbe] f03-2: actual LavaDeep throughout moat interior, zero water, dry central island
[ManualFailureProbe] f03-2: all requested ruins generated without failure
[ManualFailureProbe] f03-2: recorded ruin walls exist on the map
[ManualFailureProbe] f03-2: generation preserves saved plan and disposes scope
[MapGenAI] Applied state to tile 126
[ManualFailureProbe] f03-3: actual LavaDeep throughout moat interior, zero water, dry central island
[ManualFailureProbe] f03-3: all requested ruins generated without failure
[ManualFailureProbe] f03-3: recorded ruin walls exist on the map
[ManualFailureProbe] f03-3: generation preserves saved plan and disposes scope
[MapGenAI] Applied state to tile 158
[ManualFailureProbe] f03-original-1: actual LavaDeep throughout moat interior, zero water, dry central island
[ManualFailureProbe] f03-original-1: all requested ruins generated without failure
[ManualFailureProbe] f03-original-1: recorded ruin walls exist on the map
[ManualFailureProbe] f03-original-1: generation preserves saved plan and disposes scope
[MapGenAI] Applied state to tile 184
[ManualFailureProbe] f03-original-2: actual LavaDeep throughout moat interior, zero water, dry central island
[ManualFailureProbe] f03-original-2: all requested ruins generated without failure
[ManualFailureProbe] f03-original-2: recorded ruin walls exist on the map
[ManualFailureProbe] f03-original-2: generation preserves saved plan and disposes scope
[MapGenAI] Applied state to tile 236
[ManualFailureProbe] f03-original-3: actual LavaDeep throughout moat interior, zero water, dry central island
[ManualFailureProbe] f03-original-3: all requested ruins generated without failure
[ManualFailureProbe] f03-original-3: recorded ruin walls exist on the map
[ManualFailureProbe] f03-original-3: generation preserves saved plan and disposes scope
[ManualFailureProbe] image generation remains paused
[ManualFailureProbe] d04-1: real Scribe preserves corrected state
[ManualFailureProbe] f03-1: real Scribe preserves corrected state
[MapGenAI] Applied state to tile 381
[ManualFailureProbe] d04-1: real background preview produced observable map cells
[ManualFailureProbe] d04-1: dry walkable east-west crossing without water or mountain rocks
Unloading 1 unused Assets to reduce memory usage. Loaded Objects now: 94476.
Total: 385.516000 ms (FindLiveObjects: 4.104400 ms CreateObjectMapping: 2.747600 ms MarkObjects: 378.541600 ms  DeleteObjects: 0.122000 ms)

Memory Statistics:
[ALLOC_TEMP_TLS] TLS Allocator
  StackAllocators : 
    [ALLOC_TEMP_MAIN]
      Peak usage frame count: [0-1.0 KB]: 546 frames, [1.0 KB-2.0 KB]: 1 frames, [2.0 KB-4.0 KB]: 1 frames, [16.0 KB-32.0 KB]: 1 frames, [32.0 KB-64.0 KB]: 1 frames, [128.0 KB-256.0 KB]: 1 frames, [2.0 MB-4.0 MB]: 3 frames
      Initial Block Size 4.0 MB
      Current Block Size 7.9 MB
      Peak Allocated Bytes 7.9 MB
      Overflow Count 3
    [ALLOC_TEMP_Loading.AsyncRead]
      Initial Block Size 64.0 KB
      Current Block Size 120.0 KB
      Peak Allocated Bytes 117.2 KB
      Overflow Count 0
    [ALLOC_TEMP_Loading.PreloadManager]
      Initial Block Size 256.0 KB
      Current Block Size 256.0 KB
      Peak Allocated Bytes 3.8 KB
      Overflow Count 8
    [ALLOC_TEMP_Background Job.Worker 8]
      Initial Block Size 32.0 KB
      Current Block Size 32.0 KB
      Peak Allocated Bytes 54 B
      Overflow Count 0
    [ALLOC_TEMP_Job.Worker 6]
      Initial Block Size 256.0 KB
      Current Block Size 256.0 KB
      Peak Allocated Bytes 0 B
      Overflow Count 0
    [ALLOC_TEMP_Job.Worker 0]
      Initial Block Size 256.0 KB
      Current Block Size 256.0 KB
      Peak Allocated Bytes 0 B
      Overflow Count 0
    [ALLOC_TEMP_Background Job.Worker 10]
      Initial Block Size 32.0 KB
      Current Block Size 32.0 KB
      Peak Allocated Bytes 54 B
      Overflow Count 0
    [ALLOC_TEMP_Background Job.Worker 9]
      Initial Block Size 32.0 KB
      Current Block Size 32.0 KB
      Peak Allocated Bytes 54 B
      Overflow Count 0
    [ALLOC_TEMP_Job.Worker 5]
      Initial Block Size 256.0 KB
      Current Block Size 256.0 KB
      Peak Allocated Bytes 0 B
      Overflow Count 0
    [ALLOC_TEMP_Background Job.Worker 14]
      Initial Block Size 32.0 KB
      Current Block Size 32.0 KB
      Peak Allocated Bytes 54 B
      Overflow Count 0
    [ALLOC_TEMP_Background Job.Worker 6]
      Initial Block Size 32.0 KB
      Current Block Size 32.0 KB
      Peak Allocated Bytes 54 B
      Overflow Count 0
    [ALLOC_TEMP_Job.Worker 4]
      Initial Block Size 256.0 KB
      Current Block Size 256.0 KB
      Peak Allocated Bytes 0 B
      Overflow Count 0
    [ALLOC_TEMP_Job.Worker 14]
      Initial Block Size 256.0 KB
      Current Block Size 256.0 KB
      Peak Allocated Bytes 54 B
      Overflow Count 0
    [ALLOC_TEMP_Job.Worker 3]
      Initial Block Size 256.0 KB
      Current Block Size 256.0 KB
      Peak Allocated Bytes 0 B
      Overflow Count 0
    [ALLOC_TEMP_Job.Worker 13]
      Initial Block Size 256.0 KB
      Current Block Size 256.0 KB
      Peak Allocated Bytes 54 B
      Overflow Count 0
    [ALLOC_TEMP_Background Job.Worker 12]
      Initial Block Size 32.0 KB
      Current Block Size 32.0 KB
      Peak Allocated Bytes 54 B
      Overflow Count 0
    [ALLOC_TEMP_EnlightenWorker] x 8
      Initial Block Size 64.0 KB
      Current Block Size 64.0 KB
      Peak Allocated Bytes 54 B
      Overflow Count 0
    [ALLOC_TEMP_Background Job.Worker 15]
      Initial Block Size 32.0 KB
      Current Block Size 32.0 KB
      Peak Allocated Bytes 54 B
      Overflow Count 0
    [ALLOC_TEMP_Background Job.Worker 1]
      Initial Block Size 32.0 KB
      Current Block Size 32.0 KB
      Peak Allocated Bytes 54 B
      Overflow Count 0
    [ALLOC_TEMP_Background Job.Worker 2]
      Initial Block Size 32.0 KB
      Current Block Size 32.0 KB
      Peak Allocated Bytes 54 B
      Overflow Count 0
    [ALLOC_TEMP_Background Job.Worker 7]
      Initial Block Size 32.0 KB
      Current Block Size 32.0 KB
      Peak Allocated Bytes 54 B
      Overflow Count 0
    [ALLOC_TEMP_AssetGarbageCollectorHelper] x 15
      Initial Block Size 64.0 KB
      Current Block Size 64.0 KB
      Peak Allocated Bytes 138 B
      Overflow Count 0
    [ALLOC_TEMP_Background Job.Worker 5]
      Initial Block Size 32.0 KB
      Current Block Size 32.0 KB
      Peak Allocated Bytes 54 B
      Overflow Count 0
    [ALLOC_TEMP_Job.Worker 9]
      Initial Block Size 256.0 KB
      Current Block Size 256.0 KB
      Peak Allocated Bytes 0 B
      Overflow Count 0
    [ALLOC_TEMP_Background Job.Worker 13]
      Initial Block Size 32.0 KB
      Current Block Size 32.0 KB
      Peak Allocated Bytes 54 B
      Overflow Count 0
    [ALLOC_TEMP_Job.Worker 8]
      Initial Block Size 256.0 KB
      Current Block Size 256.0 KB
      Peak Allocated Bytes 0 B
      Overflow Count 0
    [ALLOC_TEMP_Job.Worker 7]
      Initial Block Size 256.0 KB
      Current Block Size 256.0 KB
      Peak Allocated Bytes 0 B
      Overflow Count 0
    [ALLOC_TEMP_Job.Worker 1]
      Initial Block Size 256.0 KB
      Current Block Size 256.0 KB
      Peak Allocated Bytes 507 B
      Overflow Count 0
    [ALLOC_TEMP_Job.Worker 2]
      Initial Block Size 256.0 KB
      Current Block Size 256.0 KB
      Peak Allocated Bytes 480 B
      Overflow Count 0
    [ALLOC_TEMP_Background Job.Worker 3]
      Initial Block Size 32.0 KB
      Current Block Size 32.0 KB
      Peak Allocated Bytes 54 B
      Overflow Count 0
    [ALLOC_TEMP_Background Job.Worker 11]
      Initial Block Size 32.0 KB
      Current Block Size 32.0 KB
      Peak Allocated Bytes 54 B
      Overflow Count 0
    [ALLOC_TEMP_Job.Worker 10]
      Initial Block Size 256.0 KB
      Current Block Size 256.0 KB
      Peak Allocated Bytes 54 B
      Overflow Count 0
    [ALLOC_TEMP_Background Job.Worker 0]
      Initial Block Size 32.0 KB
      Current Block Size 32.0 KB
      Peak Allocated Bytes 54 B
      Overflow Count 0
    [ALLOC_TEMP_Job.Worker 11]
      Initial Block Size 256.0 KB
      Current Block Size 256.0 KB
      Peak Allocated Bytes 54 B
      Overflow Count 0
    [ALLOC_TEMP_Job.Worker 12]
      Initial Block Size 256.0 KB
      Current Block Size 256.0 KB
      Peak Allocated Bytes 54 B
      Overflow Count 0
    [ALLOC_TEMP_Background Job.Worker 4]
      Initial Block Size 32.0 KB
      Current Block Size 32.0 KB
      Peak Allocated Bytes 54 B
      Overflow Count 0
    [ALLOC_TEMP_BatchDeleteObjects]
      Initial Block Size 64.0 KB
      Current Block Size 64.0 KB
      Peak Allocated Bytes 54 B
      Overflow Count 0
[ALLOC_DEFAULT] Dual Thread Allocator
  Peak main deferred allocation count 31953
    [ALLOC_BUCKET]
      Large Block size 4.0 MB
      Used Block count 1
      Peak Allocated bytes 4.0 MB
      Failed Allocations. Bucket layout:
        16B: 4 Subsections = 4096 buckets. Failed count: 26413
        32B: 33 Subsections = 16896 buckets. Failed count: 40931
        48B: 48 Subsections = 16384 buckets. Failed count: 82148
        64B: 39 Subsections = 9984 buckets. Failed count: 33073
        80B: 85 Subsections = 17408 buckets. Failed count: 22153
        96B: 31 Subsections = 5290 buckets. Failed count: 41216
        112B: 10 Subsections = 1462 buckets. Failed count: 9923
        128B: 6 Subsections = 768 buckets. Failed count: 8053
    [ALLOC_DEFAULT_MAIN]
      Peak usage frame count: [16.0 MB-32.0 MB]: 326 frames, [128.0 MB-256.0 MB]: 227 frames, [4.00 GB-8.00 GB]: 1 frames
      Requested Block Size 16.0 MB
      Peak Block count 310
      Peak Allocated memory 4.83 GB
      Peak Large allocation bytes 11.3 MB
    [ALLOC_DEFAULT_THREAD]
      Peak usage frame count: [4.0 MB-8.0 MB]: 1 frames, [8.0 MB-16.0 MB]: 350 frames, [16.0 MB-32.0 MB]: 3 frames, [32.0 MB-64.0 MB]: 199 frames, [128.0 MB-256.0 MB]: 1 frames
      Requested Block Size 16.0 MB
      Peak Block count 16
      Peak Allocated memory 235.0 MB
      Peak Large allocation bytes 0 B
[ALLOC_TEMP_JOB_1_FRAME]
  Initial Block Size 2.0 MB
  Used Block Count 0
  Overflow Count (too large) 0
  Overflow Count (full) 0
[ALLOC_TEMP_JOB_2_FRAMES]
  Initial Block Size 2.0 MB
  Used Block Count 0
  Overflow Count (too large) 0
  Overflow Count (full) 0
[ALLOC_TEMP_JOB_4_FRAMES (JobTemp)]
  Initial Block Size 2.0 MB
  Used Block Count 1
  Overflow Count (too large) 0
  Overflow Count (full) 0
[ALLOC_TEMP_JOB_ASYNC (Background)]
  Initial Block Size 1.0 MB
  Used Block Count 1
  Overflow Count (too large) 0
  Overflow Count (full) 0
[ALLOC_GFX] Dual Thread Allocator
  Peak main deferred allocation count 0
    [ALLOC_BUCKET]
      Large Block size 4.0 MB
      Used Block count 1
      Peak Allocated bytes 4.0 MB
      Failed Allocations. Bucket layout:
        16B: 4 Subsections = 4096 buckets. Failed count: 26413
        32B: 33 Subsections = 16896 buckets. Failed count: 40931
        48B: 48 Subsections = 16384 buckets. Failed count: 82148
        64B: 39 Subsections = 9984 buckets. Failed count: 33073
        80B: 85 Subsections = 17408 buckets. Failed count: 22153
        96B: 31 Subsections = 5290 buckets. Failed count: 41216
        112B: 10 Subsections = 1462 buckets. Failed count: 9923
        128B: 6 Subsections = 768 buckets. Failed count: 8053
    [ALLOC_GFX_MAIN]
      Peak usage frame count: [64.0 KB-128.0 KB]: 1 frames, [2.0 MB-4.0 MB]: 551 frames, [128.0 MB-256.0 MB]: 1 frames, [256.0 MB-0.50 GB]: 1 frames
      Requested Block Size 16.0 MB
      Peak Block count 32
      Peak Allocated memory 504.2 MB
      Peak Large allocation bytes 213.1 MB
    [ALLOC_GFX_THREAD]
      Peak usage frame count: [0-1.0 KB]: 553 frames, [1.0 KB-2.0 KB]: 1 frames
      Requested Block Size 16.0 MB
      Peak Block count 1
      Peak Allocated memory 1.2 KB
      Peak Large allocation bytes 0 B
[ALLOC_CACHEOBJECTS] Dual Thread Allocator
  Peak main deferred allocation count 101
    [ALLOC_BUCKET]
      Large Block size 4.0 MB
      Used Block count 1
      Peak Allocated bytes 4.0 MB
      Failed Allocations. Bucket layout:
        16B: 4 Subsections = 4096 buckets. Failed count: 26413
        32B: 33 Subsections = 16896 buckets. Failed count: 40931
        48B: 48 Subsections = 16384 buckets. Failed count: 82148
        64B: 39 Subsections = 9984 buckets. Failed count: 33073
        80B: 85 Subsections = 17408 buckets. Failed count: 22153
        96B: 31 Subsections = 5290 buckets. Failed count: 41216
        112B: 10 Subsections = 1462 buckets. Failed count: 9923
        128B: 6 Subsections = 768 buckets. Failed count: 8053
    [ALLOC_CACHEOBJECTS_MAIN]
      Peak usage frame count: [4.0 MB-8.0 MB]: 326 frames, [8.0 MB-16.0 MB]: 228 frames
      Requested Block Size 4.0 MB
      Peak Block count 5
      Peak Allocated memory 15.8 MB
      Peak Large allocation bytes 0 B
    [ALLOC_CACHEOBJECTS_THREAD]
      Peak usage frame count: [4.0 KB-8.0 KB]: 528 frames, [32.0 KB-64.0 KB]: 1 frames, [64.0 KB-128.0 KB]: 23 frames, [256.0 KB-0.5 MB]: 1 frames, [0.5 MB-1.0 MB]: 1 frames
      Requested Block Size 4.0 MB
      Peak Block count 1
      Peak Allocated memory 0.6 MB
      Peak Large allocation bytes 0 B
[ALLOC_TYPETREE] Dual Thread Allocator
  Peak main deferred allocation count 0
    [ALLOC_BUCKET]
      Large Block size 4.0 MB
      Used Block count 1
      Peak Allocated bytes 4.0 MB
      Failed Allocations. Bucket layout:
        16B: 4 Subsections = 4096 buckets. Failed count: 26413
        32B: 33 Subsections = 16896 buckets. Failed count: 40931
        48B: 48 Subsections = 16384 buckets. Failed count: 82148
        64B: 39 Subsections = 9984 buckets. Failed count: 33073
        80B: 85 Subsections = 17408 buckets. Failed count: 22153
        96B: 31 Subsections = 5290 buckets. Failed count: 41216
        112B: 10 Subsections = 1462 buckets. Failed count: 9923
        128B: 6 Subsections = 768 buckets. Failed count: 8053
    [ALLOC_TYPETREE_MAIN]
      Peak usage frame count: [4.0 KB-8.0 KB]: 1 frames, [8.0 KB-16.0 KB]: 325 frames, [32.0 KB-64.0 KB]: 228 frames
      Requested Block Size 2.0 MB
      Peak Block count 1
      Peak Allocated memory 50.0 KB
      Peak Large allocation bytes 0 B
    [ALLOC_TYPETREE_THREAD]
      Peak usage frame count: [0-1.0 KB]: 554 frames
      Requested Block Size 2.0 MB
      Peak Block count 0
      Peak Allocated memory 0 B
      Peak Large allocation bytes 0 B
