Mono path[0] = 'G:/SteamLibrary/steamapps/common/RimWorld/RimWorldWin64_Data/Managed'
Mono config path = 'G:/SteamLibrary/steamapps/common/RimWorld/MonoBleedingEdge/etc'
[PhysX] Initialized MultithreadedTaskDispatcher with 16 workers.
Initialize engine version: 2022.3.35f1 (011206c7a712)
[Subsystems] Discovering subsystems at path G:/SteamLibrary/steamapps/common/RimWorld/RimWorldWin64_Data/UnitySubsystems
GfxDevice: creating device client; threaded=0; jobified=0
Direct3D:
    Version:  Direct3D 11.0 [level 11.1]
    Renderer: NVIDIA GeForce RTX 4070 Ti SUPER (ID=0x2705)
    Vendor:   NVIDIA
    VRAM:     16061 MB
    Driver:   32.0.15.9186
Begin MonoManager ReloadAssembly
- Loaded All Assemblies, in  0.074 seconds
- Finished resetting the current domain, in  0.001 seconds
[PhysX] Initialized MultithreadedTaskDispatcher with 16 workers.
UnloadTime: 0.474300 ms
Command line arguments: -batchmode -screen-fullscreen 0 -screen-width 960 -screen-height 640 -savedatafolder=C:\Users\choco\AppData\Local\mapgen-ai-probe\profile-20260914-235829 -mapgenAIProbe=F:\Projects\Rimworld\active\mapgen_ai\docs\analysis\2026-09-14-edit-preflight\native-verified -logFile F:\Projects\Rimworld\active\mapgen_ai\docs\analysis\2026-09-14-edit-preflight\native-verified\Player.log -mapgenAIEditPreflight=F:\Projects\Rimworld\active\mapgen_ai\docs\analysis\2026-09-14-edit-preflight\user-evidence -mapgenAIEditReplies=F:\Projects\Rimworld\active\mapgen_ai\docs\analysis\2026-09-14-edit-preflight\provider-r1
RimWorld 1.6.4871 rev591
Save data folder overridden to C:\Users\choco\AppData\Local\mapgen-ai-probe\profile-20260914-235829
Mod Draconis Koelime Fix dependency (Draconis.Koelime) needs to have <downloadUrl> and/or <steamWorkshopUrl> specified.
Mod Draconis Koelime Fix dependency (brrainz.harmony) needs to have <downloadUrl> and/or <steamWorkshopUrl> specified.
Mod World Domination dependency (vanillaexpanded.outposts) needs to have <downloadUrl> and/or <steamWorkshopUrl> specified.
Mod World Domination dependency (oskarpotocki.vanillafactionsexpanded.core) needs to have <downloadUrl> and/or <steamWorkshopUrl> specified.
Mod World Domination dependency (brrainz.harmony) needs to have <downloadUrl> and/or <steamWorkshopUrl> specified.
Mod Paniel: The Hidden Protocol dependency (kalospacer.AhnDemi.PanieltheAutomata) needs to have <downloadUrl> and/or <steamWorkshopUrl> specified.
Mod Yuran Furshaved Continue has a dependency (RooAndGloomy.YuranRaceMod) with empty display name.
Mod Yuran Furshaved Continue dependency (RooAndGloomy.YuranRaceMod) needs to have <downloadUrl> and/or <steamWorkshopUrl> specified.
Mod Roren Facial Animation dependency (Po210.RorenRaceModOfficial) needs to have <downloadUrl> and/or <steamWorkshopUrl> specified.
Mod Ratkin Gene Expanded dependency (EoralMilk.PawnTextureOffsetAdjuster) needs to have <downloadUrl> and/or <steamWorkshopUrl> specified.
Mod Taste of Vanilla - The Alpha Mythology dependency (sarg.magicalmenagerie) needs to have <downloadUrl> and/or <steamWorkshopUrl> specified.
Tried loading mod with the same packageId multiple times: Owlchemist.MidSaverSaver. Ignoring the duplicates.
G:\SteamLibrary\steamapps\workshop\content\294100\2921585989
G:\SteamLibrary\steamapps\workshop\content\294100\3261311100
Fallback handler could not load library G:/SteamLibrary/steamapps/common/RimWorld/RimWorldWin64_Data/MonoBleedingEdge/data-000001B3A20E3850.dll
Fallback handler could not load library G:/SteamLibrary/steamapps/common/RimWorld/RimWorldWin64_Data/MonoBleedingEdge/data-000001B3A268DE50.dll
Fallback handler could not load library G:/SteamLibrary/steamapps/common/RimWorld/RimWorldWin64_Data/MonoBleedingEdge/data-000001B3A336C010.dll
Translation data for language Korean has 3 errors. Generate translation report for more info.
[TrueTerrainColors v1.12.26] Extracted true colors from 441 terrain defs in 0.04 seconds.
Unloading 5 Unused Serialized files (Serialized files now loaded: 5)
MVCF successfully applied 0 patches
[MapGenAI] 저장된 이미지 지형이 손상되어 복구했습니다. 확인 후 다시 적용하세요. / Invalid saved image terrain was repaired; review before applying.
[MapGenAI] 저장된 이미지 지형이 손상되어 복구했습니다. 확인 후 다시 적용하세요. / Invalid saved image terrain was repaired; review before applying.
Unloading 99 unused Assets to reduce memory usage. Loaded Objects now: 27458.
Total: 183.876200 ms (FindLiveObjects: 1.098500 ms CreateObjectMapping: 0.357400 ms MarkObjects: 182.100000 ms  DeleteObjects: 0.319900 ms)

Unloading 3 Unused Serialized files (Serialized files now loaded: 5)
[PhysX] Initialized MultithreadedTaskDispatcher with 16 workers.
UnloadTime: 1.716000 ms
Unloading 3 unused Assets to reduce memory usage. Loaded Objects now: 27637.
Total: 163.341700 ms (FindLiveObjects: 1.275800 ms CreateObjectMapping: 0.318200 ms MarkObjects: 161.704700 ms  DeleteObjects: 0.042600 ms)

Initializing new game with mods:
  - brrainz.harmony
  - Ludeon.RimWorld
  - Ludeon.RimWorld.Royalty
  - Ludeon.RimWorld.Ideology
  - Ludeon.RimWorld.Biotech
  - Ludeon.RimWorld.Anomaly
  - Ludeon.RimWorld.Odyssey
  - OskarPotocki.VanillaFactionsExpanded.Core
  - VanillaExpanded.VExplorationE
  - m00nl1ght.MapPreview
  - choco.mapgenai.probe.20260914235829
GenStep_AncientRuins did not find any valid rects to generate ruins in for bounds (16,16,83,83).
Unloading 1 Unused Serialized files (Serialized files now loaded: 5)
[MapGenAI] Applied state to tile 89; 실제 타일 특징 / Tile features: +[HotSprings] −[]
[MapGenAI] Applied state to tile 89
[MapGenAI] HandleResponse 원문: {"action":"generate","description":"기존 온천을 유지하고 화창함 날씨 특징을 추가합니다.","params":{"mutators":["SunnyMutator"]}}
[MapGenAI] 파싱된 action: generate
[MapGenAI] Applied state to tile 89; 실제 타일 특징 / Tile features: +[SunnyMutator] −[]
[MapGenAI] Applied state to tile 89; 실제 타일 특징 / Tile features: +[] −[SunnyMutator]
[MapGenAI] Applied state to tile 89
[MapGenAI] Applied state to tile 89
[MapGenAI] HandleResponse 원문: {"action":"ask","message":"어떤 방식으로 진행할까요?\n\n1. 지형 편집으로 맵 중앙에 오아시스 형태의 물과 주변 모래 지형 직접 추가 (기존 온천 유지)\n2. 기존 특징인 온천(HotSprings)을 연못(Pond) 특징으로 교체\n\n원하시는 방식을 알려주세요!"}
[MapGenAI] 파싱된 action: ask
[MapGenAI] Applied state to tile 89
[MapGenAI] Applied state to tile 89
[MapGenAI] HandleResponse 원문: {"action":"ask","message":"기존에 적용되어 있는 온천(HotSprings)과 새로 추가하려는 연못(Pond)은 호수(Lake) 카테고리가 겹쳐 함께 배치할 수 없습니다. 기존 온천을 제거하고 연못으로 교체하시겠습니까, 아니면 온천을 유지한 채 지형 편집(물 웅덩이/모래)만 추가하시겠습니까?"}
[MapGenAI] 파싱된 action: ask
[MapGenAI] Applied state to tile 89
[MapGenAI] Applied state to tile 89
[MapGenAI] HandleResponse 원문: {"action":"ask","message":"오아시스(Oasis)는 사막 또는 고열사막 바이옴에서만 추가할 수 있어 현재 건조관목림 타일에는 적용할 수 없습니다. 대신 직접 지형 편집을 통해 사막 분위기의 물웅덩이(호수)와 모래 지형을 추가해 드릴까요?"}
[MapGenAI] 파싱된 action: ask
[MapGenAI] Applied state to tile 89
[MapGenAI] Applied state to tile 89
[MapGenAI] HandleResponse 원문: {"action":"ask","message":"'연못(Pond)' 특징은 기존의 '온천(HotSprings)'과 같은 호수 계열(Lake) 특징이어서 동시에 가질 수 없으며 온천을 교체해야만 추가할 수 있습니다.\n\n온천 특징을 그대로 유지하면서 물 웅덩이를 원하신다면, 특징(mutator) 대신 지형 편집(shape_ops)을 통해 원하는 위치에 연못 형태의 호수를 직접 배치해 드릴 수 있습니다. 온천을 연못으로 교체하시겠습니까, 아니면 온천을 유지한 채 인공 연못 지형을 추가해 드릴까요?"}
[MapGenAI] 파싱된 action: ask
[MapGenAI] Applied state to tile 89
[MapGenAI] Applied state to tile 89
[MapGenAI] HandleResponse 원문: {"action":"generate","description":"온천을 제거하고 연못 특징을 추가합니다.","params":{"remove_mutators":["HotSprings"],"mutators":["Pond"]}}
[MapGenAI] 파싱된 action: generate
[MapGenAI] Applied state to tile 89; 실제 타일 특징 / Tile features: +[Pond] −[HotSprings]
[MapGenAI] Applied state to tile 89; 실제 타일 특징 / Tile features: +[HotSprings] −[Pond]
[MapGenAI] Applied state to tile 89
[MapGenAI] Applied state to tile 89
Unloading 1 unused Assets to reduce memory usage. Loaded Objects now: 28719.
Total: 172.309400 ms (FindLiveObjects: 1.535900 ms CreateObjectMapping: 0.356100 ms MarkObjects: 170.362100 ms  DeleteObjects: 0.055100 ms)

[MapGenAI] HandleResponse 원문: {"action":"generate","description":"중앙에 연못 특징과 오아시스 형태의 물 웅덩이 및 모래 지형 생성","params":{"mutators":["Pond"],"shape_ops":[{"op":"add","shape":{"id":"oasis_water","type":"bump","position":"center","size":"small","strength":"negative_strong","fill":"water"}},{"op":"add","shape":{"id":"oasis_sand","type":"ring","position":"center","size":0.22,"strength":"weak","fill":"sand"}}]}}
[MapGenAI] 파싱된 action: generate
[MapGenAI] Edit preflight rejected; requesting one explanation without applying: 함께 사용할 수 없는 지형 특징입니다: 온천 (HotSprings), 연못 (Pond). 기존 특징을 유지하거나, 없애고 교체할 특징을 선택해 주세요. / These features conflict; choose what to keep or replace.
[MapGenAI] HandleResponse 원문: {"action":"ask","message":"온천과 연못은 함께 추가할 수 없습니다. 온천은 유지하고 물·모래 도형만 추가할까요?"}
[MapGenAI] 파싱된 action: ask
[MapGenAI] Applied state to tile 89
[MapGenAI] Applied state to tile 89
[MapGenAI] HandleResponse 원문: {"action":"generate","description":"중앙에 연못 특징과 오아시스 형태의 물 웅덩이 및 모래 지형 생성","params":{"mutators":["Pond"],"shape_ops":[{"op":"add","shape":{"id":"oasis_water","type":"bump","position":"center","size":"small","strength":"negative_strong","fill":"water"}},{"op":"add","shape":{"id":"oasis_sand","type":"ring","position":"center","size":0.22,"strength":"weak","fill":"sand"}}]}}
[MapGenAI] 파싱된 action: generate
[MapGenAI] Edit preflight rejected; requesting one explanation without applying: 함께 사용할 수 없는 지형 특징입니다: 온천 (HotSprings), 연못 (Pond). 기존 특징을 유지하거나, 없애고 교체할 특징을 선택해 주세요. / These features conflict; choose what to keep or replace.
[MapGenAI] HandleResponse 원문: {"action":"generate","params":{"mutators":["Pond"],"remove_mutators":["HotSprings"]}}
[MapGenAI] 파싱된 action: generate
[MapGenAI] Response rejected: 충돌 안내 대신 다른 변경 명령을 받아 적용하지 않았습니다. 유지할 특징이나 교체할 특징을 명시해 주세요.
[MapGenAI] Applied state to tile 89
[MapGenAI] Applied state to tile 89
[MapGenAI] HandleResponse 원문: {"action":"generate","description":"중앙에 연못 특징과 오아시스 형태의 물 웅덩이 및 모래 지형 생성","params":{"mutators":["Pond"],"shape_ops":[{"op":"add","shape":{"id":"oasis_water","type":"bump","position":"center","size":"small","strength":"negative_strong","fill":"water"}},{"op":"add","shape":{"id":"oasis_sand","type":"ring","position":"center","size":0.22,"strength":"weak","fill":"sand"}}]}}
[MapGenAI] 파싱된 action: generate
[MapGenAI] Edit preflight rejected; requesting one explanation without applying: 함께 사용할 수 없는 지형 특징입니다: 온천 (HotSprings), 연못 (Pond). 기존 특징을 유지하거나, 없애고 교체할 특징을 선택해 주세요. / These features conflict; choose what to keep or replace.
[MapGenAI] Applied state to tile 89
[MapGenAI] Applied state to tile 89
[MapGenAI] HandleResponse 원문: {"action":"generate","params":{"mutators":["Pond"],"remove_mutators":["HotSprings"]}}
[MapGenAI] 파싱된 action: generate
[MapGenAI] Applied state to tile 89; 실제 타일 특징 / Tile features: +[Pond] −[HotSprings]
[MapGenAI] Applied state to tile 89; 실제 타일 특징 / Tile features: +[HotSprings] −[Pond]
[MapGenAI] Applied state to tile 89
Memory Statistics:
[ALLOC_TEMP_TLS] TLS Allocator
  StackAllocators : 
    [ALLOC_TEMP_MAIN]
      Peak usage frame count: [0-1.0 KB]: 668 frames, [1.0 KB-2.0 KB]: 3 frames, [2.0 KB-4.0 KB]: 3 frames, [32.0 KB-64.0 KB]: 1 frames, [128.0 KB-256.0 KB]: 1 frames, [2.0 MB-4.0 MB]: 3 frames, [4.0 MB-8.0 MB]: 1 frames
      Initial Block Size 4.0 MB
      Current Block Size 4.0 MB
      Peak Allocated Bytes 4.0 MB
      Overflow Count 1
    [ALLOC_TEMP_Loading.AsyncRead]
      Initial Block Size 64.0 KB
      Current Block Size 120.0 KB
      Peak Allocated Bytes 117.2 KB
      Overflow Count 0
    [ALLOC_TEMP_Loading.PreloadManager]
      Initial Block Size 256.0 KB
      Current Block Size 256.0 KB
      Peak Allocated Bytes 3.8 KB
      Overflow Count 8
    [ALLOC_TEMP_Background Job.Worker 8]
      Initial Block Size 32.0 KB
      Current Block Size 32.0 KB
      Peak Allocated Bytes 54 B
      Overflow Count 0
    [ALLOC_TEMP_Job.Worker 6]
      Initial Block Size 256.0 KB
      Current Block Size 256.0 KB
      Peak Allocated Bytes 0 B
      Overflow Count 0
    [ALLOC_TEMP_Job.Worker 0]
      Initial Block Size 256.0 KB
      Current Block Size 256.0 KB
      Peak Allocated Bytes 0 B
      Overflow Count 0
    [ALLOC_TEMP_Background Job.Worker 10]
      Initial Block Size 32.0 KB
      Current Block Size 32.0 KB
      Peak Allocated Bytes 54 B
      Overflow Count 0
    [ALLOC_TEMP_Background Job.Worker 9]
      Initial Block Size 32.0 KB
      Current Block Size 32.0 KB
      Peak Allocated Bytes 54 B
      Overflow Count 0
    [ALLOC_TEMP_Job.Worker 5]
      Initial Block Size 256.0 KB
      Current Block Size 256.0 KB
      Peak Allocated Bytes 0 B
      Overflow Count 0
    [ALLOC_TEMP_Background Job.Worker 14]
      Initial Block Size 32.0 KB
      Current Block Size 32.0 KB
      Peak Allocated Bytes 54 B
      Overflow Count 0
    [ALLOC_TEMP_Background Job.Worker 6]
      Initial Block Size 32.0 KB
      Current Block Size 32.0 KB
      Peak Allocated Bytes 54 B
      Overflow Count 0
    [ALLOC_TEMP_Job.Worker 4]
      Initial Block Size 256.0 KB
      Current Block Size 256.0 KB
      Peak Allocated Bytes 0 B
      Overflow Count 0
    [ALLOC_TEMP_Job.Worker 14]
      Initial Block Size 256.0 KB
      Current Block Size 256.0 KB
      Peak Allocated Bytes 54 B
      Overflow Count 0
    [ALLOC_TEMP_Job.Worker 3]
      Initial Block Size 256.0 KB
      Current Block Size 256.0 KB
      Peak Allocated Bytes 0 B
      Overflow Count 0
    [ALLOC_TEMP_Job.Worker 13]
      Initial Block Size 256.0 KB
      Current Block Size 256.0 KB
      Peak Allocated Bytes 54 B
      Overflow Count 0
    [ALLOC_TEMP_Background Job.Worker 12]
      Initial Block Size 32.0 KB
      Current Block Size 32.0 KB
      Peak Allocated Bytes 54 B
      Overflow Count 0
    [ALLOC_TEMP_EnlightenWorker] x 8
      Initial Block Size 64.0 KB
      Current Block Size 64.0 KB
      Peak Allocated Bytes 54 B
      Overflow Count 0
    [ALLOC_TEMP_Background Job.Worker 15]
      Initial Block Size 32.0 KB
      Current Block Size 32.0 KB
      Peak Allocated Bytes 54 B
      Overflow Count 0
    [ALLOC_TEMP_Background Job.Worker 1]
      Initial Block Size 32.0 KB
      Current Block Size 32.0 KB
      Peak Allocated Bytes 54 B
      Overflow Count 0
    [ALLOC_TEMP_Background Job.Worker 2]
      Initial Block Size 32.0 KB
      Current Block Size 32.0 KB
      Peak Allocated Bytes 54 B
      Overflow Count 0
    [ALLOC_TEMP_Background Job.Worker 7]
      Initial Block Size 32.0 KB
      Current Block Size 32.0 KB
      Peak Allocated Bytes 54 B
      Overflow Count 0
    [ALLOC_TEMP_AssetGarbageCollectorHelper] x 15
      Initial Block Size 64.0 KB
      Current Block Size 64.0 KB
      Peak Allocated Bytes 138 B
      Overflow Count 0
    [ALLOC_TEMP_Background Job.Worker 5]
      Initial Block Size 32.0 KB
      Current Block Size 32.0 KB
      Peak Allocated Bytes 54 B
      Overflow Count 0
    [ALLOC_TEMP_Job.Worker 9]
      Initial Block Size 256.0 KB
      Current Block Size 256.0 KB
      Peak Allocated Bytes 0 B
      Overflow Count 0
    [ALLOC_TEMP_Background Job.Worker 13]
      Initial Block Size 32.0 KB
      Current Block Size 32.0 KB
      Peak Allocated Bytes 54 B
      Overflow Count 0
    [ALLOC_TEMP_Job.Worker 8]
      Initial Block Size 256.0 KB
      Current Block Size 256.0 KB
      Peak Allocated Bytes 0 B
      Overflow Count 0
    [ALLOC_TEMP_Job.Worker 7]
      Initial Block Size 256.0 KB
      Current Block Size 256.0 KB
      Peak Allocated Bytes 0 B
      Overflow Count 0
    [ALLOC_TEMP_Job.Worker 1]
      Initial Block Size 256.0 KB
      Current Block Size 256.0 KB
      Peak Allocated Bytes 507 B
      Overflow Count 0
    [ALLOC_TEMP_Job.Worker 2]
      Initial Block Size 256.0 KB
      Current Block Size 256.0 KB
      Peak Allocated Bytes 480 B
      Overflow Count 0
    [ALLOC_TEMP_Background Job.Worker 3]
      Initial Block Size 32.0 KB
      Current Block Size 32.0 KB
      Peak Allocated Bytes 54 B
      Overflow Count 0
    [ALLOC_TEMP_Background Job.Worker 11]
      Initial Block Size 32.0 KB
      Current Block Size 32.0 KB
      Peak Allocated Bytes 54 B
      Overflow Count 0
    [ALLOC_TEMP_Job.Worker 10]
      Initial Block Size 256.0 KB
      Current Block Size 256.0 KB
      Peak Allocated Bytes 54 B
      Overflow Count 0
    [ALLOC_TEMP_Background Job.Worker 0]
      Initial Block Size 32.0 KB
      Current Block Size 32.0 KB
      Peak Allocated Bytes 54 B
      Overflow Count 0
    [ALLOC_TEMP_Job.Worker 11]
      Initial Block Size 256.0 KB
      Current Block Size 256.0 KB
      Peak Allocated Bytes 54 B
      Overflow Count 0
    [ALLOC_TEMP_Job.Worker 12]
      Initial Block Size 256.0 KB
      Current Block Size 256.0 KB
      Peak Allocated Bytes 54 B
      Overflow Count 0
    [ALLOC_TEMP_Background Job.Worker 4]
      Initial Block Size 32.0 KB
      Current Block Size 32.0 KB
      Peak Allocated Bytes 54 B
      Overflow Count 0
    [ALLOC_TEMP_BatchDeleteObjects]
      Initial Block Size 64.0 KB
      Current Block Size 64.0 KB
      Peak Allocated Bytes 54 B
      Overflow Count 0
[ALLOC_DEFAULT] Dual Thread Allocator
  Peak main deferred allocation count 29883
    [ALLOC_BUCKET]
      Large Block size 4.0 MB
      Used Block count 1
      Peak Allocated bytes 4.0 MB
      Failed Allocations. Bucket layout:
        16B: 4 Subsections = 4096 buckets. Failed count: 27748
        32B: 33 Subsections = 16896 buckets. Failed count: 49803
        48B: 48 Subsections = 16384 buckets. Failed count: 95525
        64B: 39 Subsections = 9984 buckets. Failed count: 35569
        80B: 85 Subsections = 17408 buckets. Failed count: 23851
        96B: 31 Subsections = 5290 buckets. Failed count: 41660
        112B: 10 Subsections = 1462 buckets. Failed count: 10306
        128B: 6 Subsections = 768 buckets. Failed count: 10006
    [ALLOC_DEFAULT_MAIN]
      Peak usage frame count: [16.0 MB-32.0 MB]: 408 frames, [128.0 MB-256.0 MB]: 272 frames
      Requested Block Size 16.0 MB
      Peak Block count 12
      Peak Allocated memory 180.5 MB
      Peak Large allocation bytes 11.3 MB
    [ALLOC_DEFAULT_THREAD]
      Peak usage frame count: [4.0 MB-8.0 MB]: 1 frames, [8.0 MB-16.0 MB]: 433 frames, [16.0 MB-32.0 MB]: 4 frames, [32.0 MB-64.0 MB]: 242 frames
      Requested Block Size 16.0 MB
      Peak Block count 3
      Peak Allocated memory 45.6 MB
      Peak Large allocation bytes 0 B
[ALLOC_TEMP_JOB_1_FRAME]
  Initial Block Size 2.0 MB
  Used Block Count 0
  Overflow Count (too large) 0
  Overflow Count (full) 0
[ALLOC_TEMP_JOB_2_FRAMES]
  Initial Block Size 2.0 MB
  Used Block Count 0
  Overflow Count (too large) 0
  Overflow Count (full) 0
[ALLOC_TEMP_JOB_4_FRAMES (JobTemp)]
  Initial Block Size 2.0 MB
  Used Block Count 1
  Overflow Count (too large) 0
  Overflow Count (full) 0
[ALLOC_TEMP_JOB_ASYNC (Background)]
  Initial Block Size 1.0 MB
  Used Block Count 1
  Overflow Count (too large) 0
  Overflow Count (full) 0
[ALLOC_GFX] Dual Thread Allocator
  Peak main deferred allocation count 0
    [ALLOC_BUCKET]
      Large Block size 4.0 MB
      Used Block count 1
      Peak Allocated bytes 4.0 MB
      Failed Allocations. Bucket layout:
        16B: 4 Subsections = 4096 buckets. Failed count: 27748
        32B: 33 Subsections = 16896 buckets. Failed count: 49803
        48B: 48 Subsections = 16384 buckets. Failed count: 95525
        64B: 39 Subsections = 9984 buckets. Failed count: 35569
        80B: 85 Subsections = 17408 buckets. Failed count: 23851
        96B: 31 Subsections = 5290 buckets. Failed count: 41660
        112B: 10 Subsections = 1462 buckets. Failed count: 10306
        128B: 6 Subsections = 768 buckets. Failed count: 10006
    [ALLOC_GFX_MAIN]
      Peak usage frame count: [64.0 KB-128.0 KB]: 1 frames, [2.0 MB-4.0 MB]: 670 frames, [8.0 MB-16.0 MB]: 8 frames, [128.0 MB-256.0 MB]: 1 frames
      Requested Block Size 16.0 MB
      Peak Block count 2
      Peak Allocated memory 216.8 MB
      Peak Large allocation bytes 213.1 MB
    [ALLOC_GFX_THREAD]
      Peak usage frame count: [0-1.0 KB]: 679 frames, [1.0 KB-2.0 KB]: 1 frames
      Requested Block Size 16.0 MB
      Peak Block count 1
      Peak Allocated memory 1.2 KB
      Peak Large allocation bytes 0 B
[ALLOC_CACHEOBJECTS] Dual Thread Allocator
  Peak main deferred allocation count 101
    [ALLOC_BUCKET]
      Large Block size 4.0 MB
      Used Block count 1
      Peak Allocated bytes 4.0 MB
      Failed Allocations. Bucket layout:
        16B: 4 Subsections = 4096 buckets. Failed count: 27748
        32B: 33 Subsections = 16896 buckets. Failed count: 49803
        48B: 48 Subsections = 16384 buckets. Failed count: 95525
        64B: 39 Subsections = 9984 buckets. Failed count: 35569
        80B: 85 Subsections = 17408 buckets. Failed count: 23851
        96B: 31 Subsections = 5290 buckets. Failed count: 41660
        112B: 10 Subsections = 1462 buckets. Failed count: 10306
        128B: 6 Subsections = 768 buckets. Failed count: 10006
    [ALLOC_CACHEOBJECTS_MAIN]
      Peak usage frame count: [4.0 MB-8.0 MB]: 408 frames, [8.0 MB-16.0 MB]: 265 frames, [16.0 MB-32.0 MB]: 7 frames
      Requested Block Size 4.0 MB
      Peak Block count 5
      Peak Allocated memory 16.2 MB
      Peak Large allocation bytes 0 B
    [ALLOC_CACHEOBJECTS_THREAD]
      Peak usage frame count: [4.0 KB-8.0 KB]: 636 frames, [16.0 KB-32.0 KB]: 1 frames, [32.0 KB-64.0 KB]: 1 frames, [64.0 KB-128.0 KB]: 40 frames, [256.0 KB-0.5 MB]: 1 frames, [0.5 MB-1.0 MB]: 1 frames
      Requested Block Size 4.0 MB
      Peak Block count 1
      Peak Allocated memory 0.6 MB
      Peak Large allocation bytes 0 B
[ALLOC_TYPETREE] Dual Thread Allocator
  Peak main deferred allocation count 0
    [ALLOC_BUCKET]
      Large Block size 4.0 MB
      Used Block count 1
      Peak Allocated bytes 4.0 MB
      Failed Allocations. Bucket layout:
        16B: 4 Subsections = 4096 buckets. Failed count: 27748
        32B: 33 Subsections = 16896 buckets. Failed count: 49803
        48B: 48 Subsections = 16384 buckets. Failed count: 95525
        64B: 39 Subsections = 9984 buckets. Failed count: 35569
        80B: 85 Subsections = 17408 buckets. Failed count: 23851
        96B: 31 Subsections = 5290 buckets. Failed count: 41660
        112B: 10 Subsections = 1462 buckets. Failed count: 10306
        128B: 6 Subsections = 768 buckets. Failed count: 10006
    [ALLOC_TYPETREE_MAIN]
      Peak usage frame count: [4.0 KB-8.0 KB]: 1 frames, [8.0 KB-16.0 KB]: 407 frames, [32.0 KB-64.0 KB]: 272 frames
      Requested Block Size 2.0 MB
      Peak Block count 1
      Peak Allocated memory 50.0 KB
      Peak Large allocation bytes 0 B
    [ALLOC_TYPETREE_THREAD]
      Peak usage frame count: [0-1.0 KB]: 680 frames
      Requested Block Size 2.0 MB
      Peak Block count 0
      Peak Allocated memory 0 B
      Peak Large allocation bytes 0 B
