Mono path[0] = 'G:/SteamLibrary/steamapps/common/RimWorld/RimWorldWin64_Data/Managed'
Mono config path = 'G:/SteamLibrary/steamapps/common/RimWorld/MonoBleedingEdge/etc'
[PhysX] Initialized MultithreadedTaskDispatcher with 16 workers.
Initialize engine version: 2022.3.35f1 (011206c7a712)
[Subsystems] Discovering subsystems at path G:/SteamLibrary/steamapps/common/RimWorld/RimWorldWin64_Data/UnitySubsystems
GfxDevice: creating device client; threaded=0; jobified=0
Direct3D:
    Version:  Direct3D 11.0 [level 11.1]
    Renderer: NVIDIA GeForce RTX 4070 Ti SUPER (ID=0x2705)
    Vendor:   NVIDIA
    VRAM:     16061 MB
    Driver:   32.0.15.9186
Begin MonoManager ReloadAssembly
- Loaded All Assemblies, in  0.076 seconds
- Finished resetting the current domain, in  0.001 seconds
[PhysX] Initialized MultithreadedTaskDispatcher with 16 workers.
UnloadTime: 0.467500 ms
Command line arguments: -batchmode -screen-fullscreen 0 -screen-width 960 -screen-height 640 -savedatafolder=C:\Users\choco\AppData\Local\mapgen-ai-probe\profile-20260913-224338 -mapgenAIProbe=F:\Projects\Rimworld\active\mapgen_ai\docs\analysis\2026-09-13-feature-policy\native-release-vle -logFile F:\Projects\Rimworld\active\mapgen_ai\docs\analysis\2026-09-13-feature-policy\native-release-vle\Player.log -mapgenAIFeaturePolicy=true -mapgenAIFeatureResponses=F:\Projects\Rimworld\active\mapgen_ai\docs\analysis\2026-09-13-feature-policy\provider-r1
RimWorld 1.6.4871 rev591
Save data folder overridden to C:\Users\choco\AppData\Local\mapgen-ai-probe\profile-20260913-224338
Mod Draconis Koelime Fix dependency (Draconis.Koelime) needs to have <downloadUrl> and/or <steamWorkshopUrl> specified.
Mod Draconis Koelime Fix dependency (brrainz.harmony) needs to have <downloadUrl> and/or <steamWorkshopUrl> specified.
Mod World Domination dependency (vanillaexpanded.outposts) needs to have <downloadUrl> and/or <steamWorkshopUrl> specified.
Mod World Domination dependency (oskarpotocki.vanillafactionsexpanded.core) needs to have <downloadUrl> and/or <steamWorkshopUrl> specified.
Mod World Domination dependency (brrainz.harmony) needs to have <downloadUrl> and/or <steamWorkshopUrl> specified.
Mod Paniel: The Hidden Protocol dependency (kalospacer.AhnDemi.PanieltheAutomata) needs to have <downloadUrl> and/or <steamWorkshopUrl> specified.
Mod Yuran Furshaved Continue has a dependency (RooAndGloomy.YuranRaceMod) with empty display name.
Mod Yuran Furshaved Continue dependency (RooAndGloomy.YuranRaceMod) needs to have <downloadUrl> and/or <steamWorkshopUrl> specified.
Mod Roren Facial Animation dependency (Po210.RorenRaceModOfficial) needs to have <downloadUrl> and/or <steamWorkshopUrl> specified.
Mod Ratkin Gene Expanded dependency (EoralMilk.PawnTextureOffsetAdjuster) needs to have <downloadUrl> and/or <steamWorkshopUrl> specified.
Mod Taste of Vanilla - The Alpha Mythology dependency (sarg.magicalmenagerie) needs to have <downloadUrl> and/or <steamWorkshopUrl> specified.
Tried loading mod with the same packageId multiple times: Owlchemist.MidSaverSaver. Ignoring the duplicates.
G:\SteamLibrary\steamapps\workshop\content\294100\2921585989
G:\SteamLibrary\steamapps\workshop\content\294100\3261311100
Fallback handler could not load library G:/SteamLibrary/steamapps/common/RimWorld/RimWorldWin64_Data/MonoBleedingEdge/data-000002091FF2E5E0.dll
Fallback handler could not load library G:/SteamLibrary/steamapps/common/RimWorld/RimWorldWin64_Data/MonoBleedingEdge/data-000002092012DA40.dll
Fallback handler could not load library G:/SteamLibrary/steamapps/common/RimWorld/RimWorldWin64_Data/MonoBleedingEdge/data-0000020921317C50.dll
Translation data for language Korean has 3 errors. Generate translation report for more info.
[TrueTerrainColors v1.12.26] Extracted true colors from 441 terrain defs in 0.03 seconds.
Unloading 5 Unused Serialized files (Serialized files now loaded: 5)
MVCF successfully applied 0 patches
[MapGenAI] 저장된 이미지 지형이 손상되어 복구했습니다. 확인 후 다시 적용하세요. / Invalid saved image terrain was repaired; review before applying.
[MapGenAI] 저장된 이미지 지형이 손상되어 복구했습니다. 확인 후 다시 적용하세요. / Invalid saved image terrain was repaired; review before applying.
Unloading 99 unused Assets to reduce memory usage. Loaded Objects now: 27458.
Total: 159.317300 ms (FindLiveObjects: 1.144700 ms CreateObjectMapping: 0.396700 ms MarkObjects: 157.466300 ms  DeleteObjects: 0.309200 ms)

Unloading 3 Unused Serialized files (Serialized files now loaded: 5)
[PhysX] Initialized MultithreadedTaskDispatcher with 16 workers.
UnloadTime: 1.864600 ms
Unloading 3 unused Assets to reduce memory usage. Loaded Objects now: 27637.
Total: 160.210900 ms (FindLiveObjects: 1.162800 ms CreateObjectMapping: 0.340400 ms MarkObjects: 158.660600 ms  DeleteObjects: 0.047000 ms)

Initializing new game with mods:
  - brrainz.harmony
  - Ludeon.RimWorld
  - Ludeon.RimWorld.Royalty
  - Ludeon.RimWorld.Ideology
  - Ludeon.RimWorld.Biotech
  - Ludeon.RimWorld.Anomaly
  - Ludeon.RimWorld.Odyssey
  - OskarPotocki.VanillaFactionsExpanded.Core
  - VanillaExpanded.VExplorationE
  - m00nl1ght.MapPreview
  - choco.mapgenai.probe.20260913224338
Unloading 1 Unused Serialized files (Serialized files now loaded: 5)
[MapGenAI] HandleResponse 원문: {"action":"generate","params":{"mutators":["Coast"],"animal_density":1.6}}
[MapGenAI] 파싱된 action: generate
[MapGenAI] Response rejected: Coast: 내륙에는 해안을 만들 수 없습니다 / Requires an existing ocean or lake shore
[MapGenAI] 이전 개발판의 강·해안 제거 설정을 해제하고 월드 연결을 복원했습니다 / Restored world connections suppressed by an older dev build.
[MapGenAI] HandleResponse 원문: {"action":"ask","message":"현재 선택된 타일은 내륙 지역이므로 바다와 연결된 해안(Coast)을 생성할 수 없습니다. 해안 타일 특성은 월드 맵에서 실제 바다나 호수와 인접한 타일에서만 지원됩니다. 대신 맵 내부에 큰 호수(Lake)나 연못(Pond) 등을 배치하는 방식은 가능한데, 호수를 추가해 드릴까요?"}
[MapGenAI] 파싱된 action: ask
[MapGenAI] HandleResponse 원문: {"action":"generate","description":"호수 특징 추가","params":{"mutators":["Lake"]}}
[MapGenAI] 파싱된 action: generate
[MapGenAI] Applied state to tile 0; 실제 타일 특징 / Tile features: +[Lake] −[]
[MapGenAI] HandleResponse 원문: {"action":"ask","message":"'오아시스(Oasis)' 특징은 사막이나 고열사막 바이옴에서만 생성이 가능하여, 현재 온대림 바이옴에는 추가할 수 없습니다. 대신 온대림에서 사용 가능한 호수(Lake), 연못(Pond), 또는 모래밭(Sandy) 특징을 추가해 드릴까요?"}
[MapGenAI] 파싱된 action: ask
[MapGenAI] HandleResponse 원문: {"action":"ask","message":"삼각주(RiverDelta)는 내륙 강뿐만 아니라 바다나 호수와 맞닿은 해안 하구가 함께 있는 타일에서만 생성할 수 있습니다. 현재 타일은 내륙 타일이라 삼각주를 적용할 수 없습니다. 대신 강 섬(RiverIsland), 습지대(Wetland), 또는 강폭 확장(VEE_LargeRiverBanks) 등을 적용하거나 지형 도형으로 물줄기를 갈라지게 만들어 드릴까요?"}
[MapGenAI] 파싱된 action: ask
[MapGenAI] HandleResponse 원문: {"action":"generate","description":"사막에 오아시스 지형 특징을 추가합니다.","params":{"mutators":["Oasis"]}}
[MapGenAI] 파싱된 action: generate
[MapGenAI] Applied state to tile 72; 실제 타일 특징 / Tile features: +[Oasis] −[]
[MapGenAI] HandleResponse 원문: {"action":"ask","message":"월드맵 타일 자체에 강 연결이 있는 경우, 게임 규칙상 정착지 맵에서 강을 완전히 제거할 수는 없습니다. 대신 강 변형 특징(삼각주 등)을 제거하여 일반 강으로 유지하거나, 강의 위치나 방향을 조절하는 것은 가능합니다. 다른 방식으로 조절해 드릴까요?"}
[MapGenAI] 파싱된 action: ask
[MapGenAI] HandleResponse 원문: {"action":"ask","message":"현재 타일은 월드 지도상 바다와 접해 있는 해안 타일이기 때문에, 기본 해안 연결 자체를 완전히 제거할 수는 없습니다. 해안의 방향(`coast_direction`)을 조정하거나, 반도·만 등의 특수한 해안 형태를 변경하는 것은 가능합니다. 다른 방향으로 지형을 수정해 드릴까요?"}
[MapGenAI] 파싱된 action: ask
[MapGenAI] HandleResponse 원문: {"action":"ask","message":"현재 모드에서는 지형 채우기(fill)에 용암(lava)을 직접 지정하는 기능을 지원하지 않습니다. (지원되는 지형 채움: water, sand, soil, rich_soil, marsh, mud, ice)\n\n또한 현재 바이옴(초원)에서는 용암 동굴(LavaCaves) 등의 용암 관련 특징 외에 순수 용암 호수 생성이 제한되어 있습니다. 물 대신 다른 지형(예: 진흙, 습지, 모래 등)으로 채우거나 다른 형태로 변경해 드릴까요?"}
[MapGenAI] 파싱된 action: ask
[MapGenAI] HandleResponse 원문: {"action":"ask","message":"죄송하지만 현재 모드에서는 고대 유적이나 구조물을 특정 좌표나 영역(호수 안 섬 등)에 직접 지정하여 배치하는 기능을 지원하지 않습니다.\n\n구조물은 게임 생성 알고리즘에 따라 전체 밀도(ruin_density 또는 danger_density)로만 조절할 수 있습니다. 특정 위치에 배치해 드리지 못해 죄송합니다. 대신 호수나 섬의 형태·지형 수정이 필요하시다면 말씀해 주세요!"}
[MapGenAI] 파싱된 action: ask
[MapGenAI] Applied state to tile 3652; 실제 타일 특징 / Tile features: +[RiverDelta] −[River]
[MapGenAI] HandleResponse 원문: {"action":"generate","description":"삼각주 특징을 제거하고 기본 강과 해안 지형을 유지합니다.","params":{"remove_mutators":["RiverDelta"]}}
[MapGenAI] 파싱된 action: generate
[MapGenAI] Applied state to tile 3652; 실제 타일 특징 / Tile features: +[River] −[RiverDelta]
[MapGenAI] Applied state to tile 3652; 실제 타일 특징 / Tile features: +[RiverDelta] −[River]
[MapGenAI] Applied state to tile 3652
[MapGenAI] Applied state to tile 3652
[MapGenAI Probe] System.InvalidOperationException: full generation RiverDelta has river terrain and flow
[Ref 27F7370C] Duplicate stacktrace, see ref for original
Unloading 1 unused Assets to reduce memory usage. Loaded Objects now: 34471.
Total: 190.787500 ms (FindLiveObjects: 1.550300 ms CreateObjectMapping: 0.376900 ms MarkObjects: 188.791200 ms  DeleteObjects: 0.068500 ms)

Memory Statistics:
[ALLOC_TEMP_TLS] TLS Allocator
  StackAllocators : 
    [ALLOC_TEMP_MAIN]
      Peak usage frame count: [0-1.0 KB]: 700 frames, [1.0 KB-2.0 KB]: 1 frames, [2.0 KB-4.0 KB]: 1 frames, [16.0 KB-32.0 KB]: 1 frames, [32.0 KB-64.0 KB]: 1 frames, [128.0 KB-256.0 KB]: 1 frames, [2.0 MB-4.0 MB]: 3 frames
      Initial Block Size 4.0 MB
      Current Block Size 4.5 MB
      Peak Allocated Bytes 4.5 MB
      Overflow Count 1
    [ALLOC_TEMP_Loading.AsyncRead]
      Initial Block Size 64.0 KB
      Current Block Size 120.0 KB
      Peak Allocated Bytes 117.2 KB
      Overflow Count 0
    [ALLOC_TEMP_Loading.PreloadManager]
      Initial Block Size 256.0 KB
      Current Block Size 256.0 KB
      Peak Allocated Bytes 3.8 KB
      Overflow Count 8
    [ALLOC_TEMP_Background Job.Worker 8]
      Initial Block Size 32.0 KB
      Current Block Size 32.0 KB
      Peak Allocated Bytes 54 B
      Overflow Count 0
    [ALLOC_TEMP_Job.Worker 6]
      Initial Block Size 256.0 KB
      Current Block Size 256.0 KB
      Peak Allocated Bytes 0 B
      Overflow Count 0
    [ALLOC_TEMP_Job.Worker 0]
      Initial Block Size 256.0 KB
      Current Block Size 256.0 KB
      Peak Allocated Bytes 0 B
      Overflow Count 0
    [ALLOC_TEMP_Background Job.Worker 10]
      Initial Block Size 32.0 KB
      Current Block Size 32.0 KB
      Peak Allocated Bytes 54 B
      Overflow Count 0
    [ALLOC_TEMP_Background Job.Worker 9]
      Initial Block Size 32.0 KB
      Current Block Size 32.0 KB
      Peak Allocated Bytes 54 B
      Overflow Count 0
    [ALLOC_TEMP_Job.Worker 5]
      Initial Block Size 256.0 KB
      Current Block Size 256.0 KB
      Peak Allocated Bytes 0 B
      Overflow Count 0
    [ALLOC_TEMP_Background Job.Worker 14]
      Initial Block Size 32.0 KB
      Current Block Size 32.0 KB
      Peak Allocated Bytes 54 B
      Overflow Count 0
    [ALLOC_TEMP_Background Job.Worker 6]
      Initial Block Size 32.0 KB
      Current Block Size 32.0 KB
      Peak Allocated Bytes 54 B
      Overflow Count 0
    [ALLOC_TEMP_Job.Worker 4]
      Initial Block Size 256.0 KB
      Current Block Size 256.0 KB
      Peak Allocated Bytes 112 B
      Overflow Count 0
    [ALLOC_TEMP_Job.Worker 14]
      Initial Block Size 256.0 KB
      Current Block Size 256.0 KB
      Peak Allocated Bytes 54 B
      Overflow Count 0
    [ALLOC_TEMP_Job.Worker 3]
      Initial Block Size 256.0 KB
      Current Block Size 256.0 KB
      Peak Allocated Bytes 160 B
      Overflow Count 0
    [ALLOC_TEMP_Job.Worker 13]
      Initial Block Size 256.0 KB
      Current Block Size 256.0 KB
      Peak Allocated Bytes 54 B
      Overflow Count 0
    [ALLOC_TEMP_Background Job.Worker 12]
      Initial Block Size 32.0 KB
      Current Block Size 32.0 KB
      Peak Allocated Bytes 54 B
      Overflow Count 0
    [ALLOC_TEMP_EnlightenWorker] x 8
      Initial Block Size 64.0 KB
      Current Block Size 64.0 KB
      Peak Allocated Bytes 54 B
      Overflow Count 0
    [ALLOC_TEMP_Background Job.Worker 15]
      Initial Block Size 32.0 KB
      Current Block Size 32.0 KB
      Peak Allocated Bytes 54 B
      Overflow Count 0
    [ALLOC_TEMP_Background Job.Worker 1]
      Initial Block Size 32.0 KB
      Current Block Size 32.0 KB
      Peak Allocated Bytes 54 B
      Overflow Count 0
    [ALLOC_TEMP_Background Job.Worker 2]
      Initial Block Size 32.0 KB
      Current Block Size 32.0 KB
      Peak Allocated Bytes 54 B
      Overflow Count 0
    [ALLOC_TEMP_Background Job.Worker 7]
      Initial Block Size 32.0 KB
      Current Block Size 32.0 KB
      Peak Allocated Bytes 54 B
      Overflow Count 0
    [ALLOC_TEMP_AssetGarbageCollectorHelper] x 15
      Initial Block Size 64.0 KB
      Current Block Size 64.0 KB
      Peak Allocated Bytes 138 B
      Overflow Count 0
    [ALLOC_TEMP_Background Job.Worker 5]
      Initial Block Size 32.0 KB
      Current Block Size 32.0 KB
      Peak Allocated Bytes 54 B
      Overflow Count 0
    [ALLOC_TEMP_Job.Worker 9]
      Initial Block Size 256.0 KB
      Current Block Size 256.0 KB
      Peak Allocated Bytes 0 B
      Overflow Count 0
    [ALLOC_TEMP_Background Job.Worker 13]
      Initial Block Size 32.0 KB
      Current Block Size 32.0 KB
      Peak Allocated Bytes 54 B
      Overflow Count 0
    [ALLOC_TEMP_Job.Worker 8]
      Initial Block Size 256.0 KB
      Current Block Size 256.0 KB
      Peak Allocated Bytes 0 B
      Overflow Count 0
    [ALLOC_TEMP_Job.Worker 7]
      Initial Block Size 256.0 KB
      Current Block Size 256.0 KB
      Peak Allocated Bytes 0 B
      Overflow Count 0
    [ALLOC_TEMP_Job.Worker 1]
      Initial Block Size 256.0 KB
      Current Block Size 256.0 KB
      Peak Allocated Bytes 507 B
      Overflow Count 0
    [ALLOC_TEMP_Job.Worker 2]
      Initial Block Size 256.0 KB
      Current Block Size 256.0 KB
      Peak Allocated Bytes 480 B
      Overflow Count 0
    [ALLOC_TEMP_Background Job.Worker 3]
      Initial Block Size 32.0 KB
      Current Block Size 32.0 KB
      Peak Allocated Bytes 54 B
      Overflow Count 0
    [ALLOC_TEMP_Background Job.Worker 11]
      Initial Block Size 32.0 KB
      Current Block Size 32.0 KB
      Peak Allocated Bytes 54 B
      Overflow Count 0
    [ALLOC_TEMP_Job.Worker 10]
      Initial Block Size 256.0 KB
      Current Block Size 256.0 KB
      Peak Allocated Bytes 54 B
      Overflow Count 0
    [ALLOC_TEMP_Background Job.Worker 0]
      Initial Block Size 32.0 KB
      Current Block Size 32.0 KB
      Peak Allocated Bytes 54 B
      Overflow Count 0
    [ALLOC_TEMP_Job.Worker 11]
      Initial Block Size 256.0 KB
      Current Block Size 256.0 KB
      Peak Allocated Bytes 54 B
      Overflow Count 0
    [ALLOC_TEMP_Job.Worker 12]
      Initial Block Size 256.0 KB
      Current Block Size 256.0 KB
      Peak Allocated Bytes 54 B
      Overflow Count 0
    [ALLOC_TEMP_Background Job.Worker 4]
      Initial Block Size 32.0 KB
      Current Block Size 32.0 KB
      Peak Allocated Bytes 54 B
      Overflow Count 0
    [ALLOC_TEMP_BatchDeleteObjects]
      Initial Block Size 64.0 KB
      Current Block Size 64.0 KB
      Peak Allocated Bytes 54 B
      Overflow Count 0
[ALLOC_DEFAULT] Dual Thread Allocator
  Peak main deferred allocation count 41779
    [ALLOC_BUCKET]
      Large Block size 4.0 MB
      Used Block count 1
      Peak Allocated bytes 4.0 MB
      Failed Allocations. Bucket layout:
        16B: 4 Subsections = 4096 buckets. Failed count: 26471
        32B: 33 Subsections = 16896 buckets. Failed count: 48105
        48B: 48 Subsections = 16384 buckets. Failed count: 91650
        64B: 39 Subsections = 9984 buckets. Failed count: 34452
        80B: 85 Subsections = 17408 buckets. Failed count: 23280
        96B: 31 Subsections = 5290 buckets. Failed count: 41342
        112B: 10 Subsections = 1462 buckets. Failed count: 10049
        128B: 6 Subsections = 768 buckets. Failed count: 9659
    [ALLOC_DEFAULT_MAIN]
      Peak usage frame count: [16.0 MB-32.0 MB]: 422 frames, [128.0 MB-256.0 MB]: 286 frames
      Requested Block Size 16.0 MB
      Peak Block count 13
      Peak Allocated memory 207.8 MB
      Peak Large allocation bytes 11.3 MB
    [ALLOC_DEFAULT_THREAD]
      Peak usage frame count: [4.0 MB-8.0 MB]: 1 frames, [8.0 MB-16.0 MB]: 446 frames, [16.0 MB-32.0 MB]: 4 frames, [32.0 MB-64.0 MB]: 256 frames, [64.0 MB-128.0 MB]: 1 frames
      Requested Block Size 16.0 MB
      Peak Block count 5
      Peak Allocated memory 69.9 MB
      Peak Large allocation bytes 0 B
[ALLOC_TEMP_JOB_1_FRAME]
  Initial Block Size 2.0 MB
  Used Block Count 0
  Overflow Count (too large) 0
  Overflow Count (full) 0
[ALLOC_TEMP_JOB_2_FRAMES]
  Initial Block Size 2.0 MB
  Used Block Count 0
  Overflow Count (too large) 0
  Overflow Count (full) 0
[ALLOC_TEMP_JOB_4_FRAMES (JobTemp)]
  Initial Block Size 2.0 MB
  Used Block Count 1
  Overflow Count (too large) 0
  Overflow Count (full) 0
[ALLOC_TEMP_JOB_ASYNC (Background)]
  Initial Block Size 1.0 MB
  Used Block Count 1
  Overflow Count (too large) 0
  Overflow Count (full) 0
[ALLOC_GFX] Dual Thread Allocator
  Peak main deferred allocation count 0
    [ALLOC_BUCKET]
      Large Block size 4.0 MB
      Used Block count 1
      Peak Allocated bytes 4.0 MB
      Failed Allocations. Bucket layout:
        16B: 4 Subsections = 4096 buckets. Failed count: 26471
        32B: 33 Subsections = 16896 buckets. Failed count: 48105
        48B: 48 Subsections = 16384 buckets. Failed count: 91650
        64B: 39 Subsections = 9984 buckets. Failed count: 34452
        80B: 85 Subsections = 17408 buckets. Failed count: 23280
        96B: 31 Subsections = 5290 buckets. Failed count: 41342
        112B: 10 Subsections = 1462 buckets. Failed count: 10049
        128B: 6 Subsections = 768 buckets. Failed count: 9659
    [ALLOC_GFX_MAIN]
      Peak usage frame count: [64.0 KB-128.0 KB]: 1 frames, [2.0 MB-4.0 MB]: 705 frames, [64.0 MB-128.0 MB]: 1 frames, [128.0 MB-256.0 MB]: 1 frames
      Requested Block Size 16.0 MB
      Peak Block count 5
      Peak Allocated memory 216.8 MB
      Peak Large allocation bytes 213.1 MB
    [ALLOC_GFX_THREAD]
      Peak usage frame count: [0-1.0 KB]: 707 frames, [1.0 KB-2.0 KB]: 1 frames
      Requested Block Size 16.0 MB
      Peak Block count 1
      Peak Allocated memory 1.2 KB
      Peak Large allocation bytes 0 B
[ALLOC_CACHEOBJECTS] Dual Thread Allocator
  Peak main deferred allocation count 101
    [ALLOC_BUCKET]
      Large Block size 4.0 MB
      Used Block count 1
      Peak Allocated bytes 4.0 MB
      Failed Allocations. Bucket layout:
        16B: 4 Subsections = 4096 buckets. Failed count: 26471
        32B: 33 Subsections = 16896 buckets. Failed count: 48105
        48B: 48 Subsections = 16384 buckets. Failed count: 91650
        64B: 39 Subsections = 9984 buckets. Failed count: 34452
        80B: 85 Subsections = 17408 buckets. Failed count: 23280
        96B: 31 Subsections = 5290 buckets. Failed count: 41342
        112B: 10 Subsections = 1462 buckets. Failed count: 10049
        128B: 6 Subsections = 768 buckets. Failed count: 9659
    [ALLOC_CACHEOBJECTS_MAIN]
      Peak usage frame count: [4.0 MB-8.0 MB]: 422 frames, [8.0 MB-16.0 MB]: 286 frames
      Requested Block Size 4.0 MB
      Peak Block count 5
      Peak Allocated memory 15.8 MB
      Peak Large allocation bytes 0 B
    [ALLOC_CACHEOBJECTS_THREAD]
      Peak usage frame count: [4.0 KB-8.0 KB]: 660 frames, [32.0 KB-64.0 KB]: 1 frames, [64.0 KB-128.0 KB]: 45 frames, [256.0 KB-0.5 MB]: 1 frames, [0.5 MB-1.0 MB]: 1 frames
      Requested Block Size 4.0 MB
      Peak Block count 1
      Peak Allocated memory 0.6 MB
      Peak Large allocation bytes 0 B
[ALLOC_TYPETREE] Dual Thread Allocator
  Peak main deferred allocation count 0
    [ALLOC_BUCKET]
      Large Block size 4.0 MB
      Used Block count 1
      Peak Allocated bytes 4.0 MB
      Failed Allocations. Bucket layout:
        16B: 4 Subsections = 4096 buckets. Failed count: 26471
        32B: 33 Subsections = 16896 buckets. Failed count: 48105
        48B: 48 Subsections = 16384 buckets. Failed count: 91650
        64B: 39 Subsections = 9984 buckets. Failed count: 34452
        80B: 85 Subsections = 17408 buckets. Failed count: 23280
        96B: 31 Subsections = 5290 buckets. Failed count: 41342
        112B: 10 Subsections = 1462 buckets. Failed count: 10049
        128B: 6 Subsections = 768 buckets. Failed count: 9659
    [ALLOC_TYPETREE_MAIN]
      Peak usage frame count: [4.0 KB-8.0 KB]: 1 frames, [8.0 KB-16.0 KB]: 421 frames, [32.0 KB-64.0 KB]: 286 frames
      Requested Block Size 2.0 MB
      Peak Block count 1
      Peak Allocated memory 50.0 KB
      Peak Large allocation bytes 0 B
    [ALLOC_TYPETREE_THREAD]
      Peak usage frame count: [0-1.0 KB]: 708 frames
      Requested Block Size 2.0 MB
      Peak Block count 0
      Peak Allocated memory 0 B
      Peak Large allocation bytes 0 B
