Mono path[0] = 'G:/SteamLibrary/steamapps/common/RimWorld/RimWorldWin64_Data/Managed'
Mono config path = 'G:/SteamLibrary/steamapps/common/RimWorld/MonoBleedingEdge/etc'
[PhysX] Initialized MultithreadedTaskDispatcher with 16 workers.
Initialize engine version: 2022.3.35f1 (011206c7a712)
[Subsystems] Discovering subsystems at path G:/SteamLibrary/steamapps/common/RimWorld/RimWorldWin64_Data/UnitySubsystems
GfxDevice: creating device client; threaded=0; jobified=0
Direct3D:
    Version:  Direct3D 11.0 [level 11.1]
    Renderer: NVIDIA GeForce RTX 4070 Ti SUPER (ID=0x2705)
    Vendor:   NVIDIA
    VRAM:     16061 MB
    Driver:   32.0.15.9186
Begin MonoManager ReloadAssembly
- Loaded All Assemblies, in  0.090 seconds
- Finished resetting the current domain, in  0.001 seconds
[PhysX] Initialized MultithreadedTaskDispatcher with 16 workers.
UnloadTime: 0.462400 ms
Command line arguments: -batchmode -screen-fullscreen 0 -screen-width 960 -screen-height 640 -savedatafolder=C:\Users\choco\AppData\Local\mapgen-ai-probe\profile-20260919-182022-761 -mapgenAIProbe=F:\Projects\Rimworld\active\mapgen_ai\docs\analysis\2026-09-19-landscape-recommendations\selection-verified-en -logFile F:\Projects\Rimworld\active\mapgen_ai\docs\analysis\2026-09-19-landscape-recommendations\selection-verified-en\Player.log -mapgenAIRecommendations=F:\Projects\Rimworld\active\mapgen_ai\docs\analysis\2026-09-15-recommendations\user-evidence -mapgenAIRecommendationReplies=F:\Projects\Rimworld\active\mapgen_ai\docs\analysis\2026-09-19-landscape-recommendations\provider-final-en
RimWorld 1.6.4871 rev591
Save data folder overridden to C:\Users\choco\AppData\Local\mapgen-ai-probe\profile-20260919-182022-761
Mod Draconis Koelime Fix dependency (Draconis.Koelime) needs to have <downloadUrl> and/or <steamWorkshopUrl> specified.
Mod Draconis Koelime Fix dependency (brrainz.harmony) needs to have <downloadUrl> and/or <steamWorkshopUrl> specified.
Mod World Domination dependency (vanillaexpanded.outposts) needs to have <downloadUrl> and/or <steamWorkshopUrl> specified.
Mod World Domination dependency (oskarpotocki.vanillafactionsexpanded.core) needs to have <downloadUrl> and/or <steamWorkshopUrl> specified.
Mod World Domination dependency (brrainz.harmony) needs to have <downloadUrl> and/or <steamWorkshopUrl> specified.
Mod Paniel: The Hidden Protocol dependency (kalospacer.AhnDemi.PanieltheAutomata) needs to have <downloadUrl> and/or <steamWorkshopUrl> specified.
Mod Yuran Furshaved Continue has a dependency (RooAndGloomy.YuranRaceMod) with empty display name.
Mod Yuran Furshaved Continue dependency (RooAndGloomy.YuranRaceMod) needs to have <downloadUrl> and/or <steamWorkshopUrl> specified.
Mod Roren Facial Animation dependency (Po210.RorenRaceModOfficial) needs to have <downloadUrl> and/or <steamWorkshopUrl> specified.
Mod Ratkin Gene Expanded dependency (EoralMilk.PawnTextureOffsetAdjuster) needs to have <downloadUrl> and/or <steamWorkshopUrl> specified.
Mod Taste of Vanilla - The Alpha Mythology dependency (sarg.magicalmenagerie) needs to have <downloadUrl> and/or <steamWorkshopUrl> specified.
Tried loading mod with the same packageId multiple times: Owlchemist.MidSaverSaver. Ignoring the duplicates.
G:\SteamLibrary\steamapps\workshop\content\294100\2921585989
G:\SteamLibrary\steamapps\workshop\content\294100\3261311100
Fallback handler could not load library G:/SteamLibrary/steamapps/common/RimWorld/RimWorldWin64_Data/MonoBleedingEdge/data-000002B9A6D69F30.dll
Fallback handler could not load library G:/SteamLibrary/steamapps/common/RimWorld/RimWorldWin64_Data/MonoBleedingEdge/data-000002B9AA91FE70.dll
Fallback handler could not load library G:/SteamLibrary/steamapps/common/RimWorld/RimWorldWin64_Data/MonoBleedingEdge/data-000002B9AAEF0020.dll
[TrueTerrainColors v1.12.26] Extracted true colors from 384 terrain defs in 0.06 seconds.
Unloading 5 Unused Serialized files (Serialized files now loaded: 5)
[MapGenAI] 저장된 이미지 지형이 손상되어 복구했습니다. 확인 후 다시 적용하세요. / Invalid saved image terrain was repaired; review before applying.
[MapGenAI] 저장된 이미지 지형이 손상되어 복구했습니다. 확인 후 다시 적용하세요. / Invalid saved image terrain was repaired; review before applying.
Unloading 99 unused Assets to reduce memory usage. Loaded Objects now: 26487.
Total: 139.068500 ms (FindLiveObjects: 1.138400 ms CreateObjectMapping: 0.344500 ms MarkObjects: 137.287500 ms  DeleteObjects: 0.297800 ms)

Unloading 3 Unused Serialized files (Serialized files now loaded: 5)
[PhysX] Initialized MultithreadedTaskDispatcher with 16 workers.
UnloadTime: 2.116100 ms
Unloading 2 unused Assets to reduce memory usage. Loaded Objects now: 26665.
Total: 127.908200 ms (FindLiveObjects: 1.016300 ms CreateObjectMapping: 0.275800 ms MarkObjects: 126.595500 ms  DeleteObjects: 0.020100 ms)

Initializing new game with mods:
  - brrainz.harmony
  - Ludeon.RimWorld
  - Ludeon.RimWorld.Royalty
  - Ludeon.RimWorld.Ideology
  - Ludeon.RimWorld.Biotech
  - Ludeon.RimWorld.Anomaly
  - Ludeon.RimWorld.Odyssey
  - m00nl1ght.MapPreview
  - choco.mapgenai.probe.20260919182022761
Unloading 0 Unused Serialized files (Serialized files now loaded: 5)
[MapGenAI] Applied state to tile 45; 실제 타일 특징 / Tile features: +[HotSprings] −[]
[MapGenAI] Applied state to tile 45
[MapGenAI] HandleResponse 원문: {"action":"recommend","options":[{"params":{"fertility_offset":0.5,"mutators":["HotSprings","Pond","ArcheanTrees"],"shape_ops":[{"op":"add","shape":{"id":"oasis_pond","type":"bump","position":"center","size":"small","strength":"negative_strong","fill":"water"}}]}}]}
[MapGenAI] 파싱된 action: recommend
[MapGenAI] Response rejected: 함께 사용할 수 없는 지형 특징입니다: hot springs (HotSprings), pond (Pond). 기존 특징을 유지하거나, 없애고 교체할 특징을 선택해 주세요. / These features conflict; choose what to keep or replace.
[MapGenAI] Applied state to tile 45
[MapGenAI] Applied state to tile 45
[MapGenAI] HandleResponse 원문: {"action":"ask","message":"현재 타일(건조관목림, 평지)에 어울리는 몇 가지 추천 콘셉트입니다. 마음에 드는 구성을 선택해 주세요!\n\n1. **오아시스 온천 정착지**: 맵 중앙에 자연스러운 온천과 연못을 배치하고, 주변 토양을 비옥하게 조성하여 사막 속 낙원 형성\n2. **천연 협곡 요새**: 북쪽과 남쪽에 험준한 산맥을 배치하고 중앙 골짜기를 따라 방어선을 구축하는 배산임수형 지형\n3. **고대 군사 유적지**: 곳곳에 버려진 고대 주둔지와 저장고, 광물 자원이 풍부하게 매설된 탐험 중심 지형\n\n어떤 스타일로 진행해 드릴까요? 아니면 다른 원하시는 분위기가 있으신가요?"}
[MapGenAI] 파싱된 action: ask
[MapGenAI] Response rejected: Recommendations lacked executable settings. Please request new options.
[MapGenAI] Applied state to tile 45
[MapGenAI] Applied state to tile 45
[MapGenAI] HandleResponse 원문: {"action":"recommend","options":[{"params":{"fertility_offset":0.2}},{"params":{"vegetation_density":1.3}}]}
[MapGenAI] 파싱된 action: recommend
[MapGenAI] HandleResponse 원문: {"action":"generate","params":{"fertility_offset":0.2}}
[MapGenAI] 파싱된 action: generate
[MapGenAI] Applied state to tile 45
[MapGenAI] Applied state to tile 45
[MapGenAI] HandleResponse 원문: {"action":"recommend","options":[{"params":{"fertility_offset":0.2}},{"params":{"vegetation_density":1.3}}]}
[MapGenAI] 파싱된 action: recommend
[MapGenAI] Applied state to tile 45
[MapGenAI] Applied state to tile 45
[MapGenAI] Applied state to tile 45
[MapGenAI] HandleResponse 원문: {"action":"recommend","options":[{"params":{"fertility_offset":0.2}},{"params":{"vegetation_density":1.3}}]}
[MapGenAI] 파싱된 action: recommend
[MapGenAI] Applied state to tile 45
[MapGenAI] Applied state to tile 45
[MapGenAI] Applied state to tile 45
[MapGenAI] HandleResponse 원문: {"action":"recommend","options":[{"params":{"fertility_offset":0.2}}]}
[MapGenAI] 파싱된 action: recommend
[MapGenAI] HandleResponse 원문: {"action":"generate","params":{"fertility_offset":0.2}}
[MapGenAI] 파싱된 action: generate
[MapGenAI] Applied state to tile 45
[MapGenAI] Applied state to tile 45
[MapGenAI] Applied state to tile 45
[MapGenAI] Applied state to tile 45; 실제 타일 특징 / Tile features: +[] −[HotSprings]
[MapGenAI] HandleResponse 원문: {"action":"recommend","options":[{"params":{"shape_ops":[{"op":"add","shape":{"id":"northeast_lake","type":"composite","edge_roughness":"medium","shapes":[{"center":[0.8,0.8],"h":0,"id":"lake_circle","n":0,"prim":"circle","r":0.11,"r2":0,"rot":0,"size":0,"verts":null,"w":0}],"compose":[{"a":null,"b":null,"e":0,"f":0.015,"fill":"WaterShallow","from":null,"k":0,"op":"add","outId":null,"s":"lake_circle"}]}}]}},{"params":{"shape_ops":[{"op":"add","shape":{"id":"north_pass","type":"passage","fill":"Soil","points":[[0.5,0.5],[0.5,1]],"scope":"mountains","width":8}}]}},{"params":{"mutators":["SteamGeysers_Increased"]}}]}
[MapGenAI] 파싱된 action: recommend
[MapGenAI] HandleResponse 원문: {"action":"generate","params":{"shape_ops":[{"op":"add","shape":{"id":"northeast_lake","type":"composite","edge_roughness":"medium","shapes":[{"center":[0.8,0.8],"h":0,"id":"lake_circle","n":0,"prim":"circle","r":0.11,"r2":0,"rot":0,"size":0,"verts":null,"w":0}],"compose":[{"a":null,"b":null,"e":0,"f":0.015,"fill":"WaterShallow","from":null,"k":0,"op":"add","outId":null,"s":"lake_circle"}]}}]}}
[MapGenAI] 파싱된 action: generate
[MapGenAI] Applied state to tile 45
[MapGenAI] Applied state to tile 45
[MapGenAI] HandleResponse 원문: {"action":"recommend","options":[{"params":{"shape_ops":[{"op":"add","shape":{"id":"northeast_lake","type":"composite","edge_roughness":"medium","shapes":[{"center":[0.8,0.8],"h":0,"id":"lake_circle","n":0,"prim":"circle","r":0.11,"r2":0,"rot":0,"size":0,"verts":null,"w":0}],"compose":[{"a":null,"b":null,"e":0,"f":0.015,"fill":"WaterShallow","from":null,"k":0,"op":"add","outId":null,"s":"lake_circle"}]}}]}},{"params":{"shape_ops":[{"op":"add","shape":{"id":"north_pass","type":"passage","fill":"Soil","points":[[0.5,0.5],[0.5,1]],"scope":"mountains","width":8}}]}},{"params":{"mutators":["SteamGeysers_Increased"]}}]}
[MapGenAI] 파싱된 action: recommend
[MapGenAI] HandleResponse 원문: {"action":"generate","params":{"shape_ops":[{"op":"add","shape":{"id":"north_pass","type":"passage","fill":"Soil","points":[[0.5,0.5],[0.5,1]],"scope":"mountains","width":8}}]}}
[MapGenAI] 파싱된 action: generate
[MapGenAI] Applied state to tile 45
[MapGenAI] Applied state to tile 45
[MapGenAI] HandleResponse 원문: {"action":"recommend","options":[{"params":{"shape_ops":[{"op":"add","shape":{"id":"northeast_lake","type":"composite","edge_roughness":"medium","shapes":[{"center":[0.8,0.8],"h":0,"id":"lake_circle","n":0,"prim":"circle","r":0.11,"r2":0,"rot":0,"size":0,"verts":null,"w":0}],"compose":[{"a":null,"b":null,"e":0,"f":0.015,"fill":"WaterShallow","from":null,"k":0,"op":"add","outId":null,"s":"lake_circle"}]}}]}},{"params":{"shape_ops":[{"op":"add","shape":{"id":"north_pass","type":"passage","fill":"Soil","points":[[0.5,0.5],[0.5,1]],"scope":"mountains","width":8}}]}},{"params":{"mutators":["SteamGeysers_Increased"]}}]}
[MapGenAI] 파싱된 action: recommend
[MapGenAI] HandleResponse 원문: {"action":"generate","params":{"mutators":["SteamGeysers_Increased"]}}
[MapGenAI] 파싱된 action: generate
[MapGenAI] Applied state to tile 45; 실제 타일 특징 / Tile features: +[SteamGeysers_Increased] −[]
[MapGenAI] Applied state to tile 45; 실제 타일 특징 / Tile features: +[] −[SteamGeysers_Increased]
[MapGenAI] Applied state to tile 45
[MapGenAI] Applied state to tile 45
[MapGenAI] HandleResponse 원문: {"action":"recommend","options":[{"params":{"elevation_shapes":[{"type":"composite","edge_roughness":"medium","shapes":[{"id":"basin_floor","prim":"circle","center":[0.5,0.5],"r":0.24}],"compose":[{"op":"add","s":"basin_floor","fill":"Soil","e":0.05,"f":0.01}]},{"type":"composite","edge_roughness":"medium","shapes":[{"id":"outer_m","prim":"circle","center":[0.5,0.5],"r":0.36},{"id":"inner_m","prim":"circle","center":[0.5,0.5],"r":0.21}],"compose":[{"op":"sub","a":"inner_m","from":"outer_m","out":"basin_ring"},{"op":"add","s":"basin_ring","e":0.9,"f":0.02}]},{"type":"passage","points":[[0.5,0.5],[0.5,0]],"width":8,"scope":"mountains","fill":"Soil"}]}},{"params":{"elevation_shapes":[{"type":"ridge","direction":"left","strength":"strong","fade":"medium","noise_amount":"medium"},{"type":"bump","position":[0.65,0.45],"size":"small","strength":"negative_strong","fill":"water"}],"fertility_offset":0.2}},{"params":{"elevation_shapes":[{"type":"composite","shapes":[{"id":"mtn_block","prim":"rect","center":[0.5,0.5],"w":0.75,"h":0.55}],"compose":[{"op":"add","s":"mtn_block","e":0.9,"f":0.02}]},{"type":"passage","points":[[0.1,0.5],[0.35,0.55],[0.65,0.45],[0.9,0.5]],"width":10,"scope":"mountains","fill":"Soil"}]}}]}
[MapGenAI] 파싱된 action: recommend
[MapGenAI] HandleResponse 원문: {"action":"generate","params":{"elevation_shapes":[{"type":"composite","edge_roughness":"medium","shapes":[{"id":"basin_floor","prim":"circle","center":[0.5,0.5],"r":0.24}],"compose":[{"op":"add","s":"basin_floor","fill":"Soil","e":0.05,"f":0.01}]},{"type":"composite","edge_roughness":"medium","shapes":[{"id":"outer_m","prim":"circle","center":[0.5,0.5],"r":0.36},{"id":"inner_m","prim":"circle","center":[0.5,0.5],"r":0.21}],"compose":[{"op":"sub","a":"inner_m","from":"outer_m","out":"basin_ring"},{"op":"add","s":"basin_ring","e":0.9,"f":0.02}]},{"type":"passage","points":[[0.5,0.5],[0.5,0]],"width":8,"scope":"mountains","fill":"Soil"}]}}
[MapGenAI] 파싱된 action: generate
[MapGenAI] Applied state to tile 45
[MapGenAI] Applied state to tile 45
[MapGenAI] HandleResponse 원문: {"action":"recommend","options":[{"params":{"elevation_shapes":[{"type":"composite","edge_roughness":"medium","shapes":[{"id":"basin_floor","prim":"circle","center":[0.5,0.5],"r":0.24}],"compose":[{"op":"add","s":"basin_floor","fill":"Soil","e":0.05,"f":0.01}]},{"type":"composite","edge_roughness":"medium","shapes":[{"id":"outer_m","prim":"circle","center":[0.5,0.5],"r":0.36},{"id":"inner_m","prim":"circle","center":[0.5,0.5],"r":0.21}],"compose":[{"op":"sub","a":"inner_m","from":"outer_m","out":"basin_ring"},{"op":"add","s":"basin_ring","e":0.9,"f":0.02}]},{"type":"passage","points":[[0.5,0.5],[0.5,0]],"width":8,"scope":"mountains","fill":"Soil"}]}},{"params":{"elevation_shapes":[{"type":"ridge","direction":"left","strength":"strong","fade":"medium","noise_amount":"medium"},{"type":"bump","position":[0.65,0.45],"size":"small","strength":"negative_strong","fill":"water"}],"fertility_offset":0.2}},{"params":{"elevation_shapes":[{"type":"composite","shapes":[{"id":"mtn_block","prim":"rect","center":[0.5,0.5],"w":0.75,"h":0.55}],"compose":[{"op":"add","s":"mtn_block","e":0.9,"f":0.02}]},{"type":"passage","points":[[0.1,0.5],[0.35,0.55],[0.65,0.45],[0.9,0.5]],"width":10,"scope":"mountains","fill":"Soil"}]}}]}
[MapGenAI] 파싱된 action: recommend
[MapGenAI] HandleResponse 원문: {"action":"generate","params":{"elevation_shapes":[{"type":"ridge","direction":"left","strength":"strong","fade":"medium","noise_amount":"medium"},{"type":"bump","position":[0.65,0.45],"size":"small","strength":"negative_strong","fill":"water"}],"fertility_offset":0.2}}
[MapGenAI] 파싱된 action: generate
[MapGenAI] Applied state to tile 45
[MapGenAI] Applied state to tile 45
[MapGenAI] HandleResponse 원문: {"action":"recommend","options":[{"params":{"elevation_shapes":[{"type":"composite","edge_roughness":"medium","shapes":[{"id":"basin_floor","prim":"circle","center":[0.5,0.5],"r":0.24}],"compose":[{"op":"add","s":"basin_floor","fill":"Soil","e":0.05,"f":0.01}]},{"type":"composite","edge_roughness":"medium","shapes":[{"id":"outer_m","prim":"circle","center":[0.5,0.5],"r":0.36},{"id":"inner_m","prim":"circle","center":[0.5,0.5],"r":0.21}],"compose":[{"op":"sub","a":"inner_m","from":"outer_m","out":"basin_ring"},{"op":"add","s":"basin_ring","e":0.9,"f":0.02}]},{"type":"passage","points":[[0.5,0.5],[0.5,0]],"width":8,"scope":"mountains","fill":"Soil"}]}},{"params":{"elevation_shapes":[{"type":"ridge","direction":"left","strength":"strong","fade":"medium","noise_amount":"medium"},{"type":"bump","position":[0.65,0.45],"size":"small","strength":"negative_strong","fill":"water"}],"fertility_offset":0.2}},{"params":{"elevation_shapes":[{"type":"composite","shapes":[{"id":"mtn_block","prim":"rect","center":[0.5,0.5],"w":0.75,"h":0.55}],"compose":[{"op":"add","s":"mtn_block","e":0.9,"f":0.02}]},{"type":"passage","points":[[0.1,0.5],[0.35,0.55],[0.65,0.45],[0.9,0.5]],"width":10,"scope":"mountains","fill":"Soil"}]}}]}
[MapGenAI] 파싱된 action: recommend
[MapGenAI] HandleResponse 원문: {"action":"generate","params":{"elevation_shapes":[{"type":"composite","shapes":[{"id":"mtn_block","prim":"rect","center":[0.5,0.5],"w":0.75,"h":0.55}],"compose":[{"op":"add","s":"mtn_block","e":0.9,"f":0.02}]},{"type":"passage","points":[[0.1,0.5],[0.35,0.55],[0.65,0.45],[0.9,0.5]],"width":10,"scope":"mountains","fill":"Soil"}]}}
[MapGenAI] 파싱된 action: generate
[MapGenAI] Applied state to tile 45
[MapGenAI] Applied state to tile 45
[MapGenAI] Applied state to tile 45
[MapGenAI] Applied state to tile 45; 실제 타일 특징 / Tile features: +[HotSprings] −[]
Unloading 1 unused Assets to reduce memory usage. Loaded Objects now: 27799.
Total: 139.236200 ms (FindLiveObjects: 1.135800 ms CreateObjectMapping: 0.287900 ms MarkObjects: 137.745900 ms  DeleteObjects: 0.066100 ms)

[MapGenAI] HandleResponse 원문: {"action":"recommend","options":[{"params":{"fertility_offset":0.5,"mutators":["HotSprings","Pond","ArcheanTrees"],"shape_ops":[{"op":"add","shape":{"id":"oasis_pond","type":"bump","position":"center","size":"small","strength":"negative_strong","fill":"water"}}]}}]}
[MapGenAI] 파싱된 action: recommend
[MapGenAI] Recommendations rejected before display: 함께 사용할 수 없는 지형 특징입니다: hot springs (HotSprings), pond (Pond). 기존 특징을 유지하거나, 없애고 교체할 특징을 선택해 주세요. / These features conflict; choose what to keep or replace.
[MapGenAI] HandleResponse 원문: {"action":"recommend","options":[{"params":{"fertility_offset":0.2}},{"params":{"vegetation_density":1.3}}]}
[MapGenAI] 파싱된 action: recommend
[MapGenAI] Applied state to tile 45
[MapGenAI] Applied state to tile 45
[MapGenAI] HandleResponse 원문: {"action":"recommend","options":[{"params":{"fertility_offset":0.5,"mutators":["HotSprings","Pond","ArcheanTrees"],"shape_ops":[{"op":"add","shape":{"id":"oasis_pond","type":"bump","position":"center","size":"small","strength":"negative_strong","fill":"water"}}]}}]}
[MapGenAI] 파싱된 action: recommend
[MapGenAI] Recommendations rejected before display: 함께 사용할 수 없는 지형 특징입니다: hot springs (HotSprings), pond (Pond). 기존 특징을 유지하거나, 없애고 교체할 특징을 선택해 주세요. / These features conflict; choose what to keep or replace.
[MapGenAI] HandleResponse 원문: {"action":"recommend","options":[{"params":{"fertility_offset":0.5,"mutators":["HotSprings","Pond","ArcheanTrees"],"shape_ops":[{"op":"add","shape":{"id":"oasis_pond","type":"bump","position":"center","size":"small","strength":"negative_strong","fill":"water"}}]}}]}
[MapGenAI] 파싱된 action: recommend
[MapGenAI] Response rejected: 함께 사용할 수 없는 지형 특징입니다: hot springs (HotSprings), pond (Pond). 기존 특징을 유지하거나, 없애고 교체할 특징을 선택해 주세요. / These features conflict; choose what to keep or replace.
[MapGenAI] Applied state to tile 45
[MapGenAI] Applied state to tile 45
[MapGenAI] Retrying malformed chat response format once; no settings applied.
[MapGenAI] HandleResponse 원문: {"action":"recommend","options":[{"params":{"fertility_offset":0.2}},{"params":{"vegetation_density":1.3}}]}
[MapGenAI] 파싱된 action: recommend
[MapGenAI] Applied state to tile 45
[MapGenAI] Applied state to tile 45
[MapGenAI] HandleResponse 원문: {"action":"recommend","options":[{"params":{"fertility_offset":0.5,"mutators":["HotSprings","Pond","ArcheanTrees"],"shape_ops":[{"op":"add","shape":{"id":"oasis_pond","type":"bump","position":"center","size":"small","strength":"negative_strong","fill":"water"}}]}}]}
[MapGenAI] 파싱된 action: recommend
[MapGenAI] Recommendations rejected before display: 함께 사용할 수 없는 지형 특징입니다: hot springs (HotSprings), pond (Pond). 기존 특징을 유지하거나, 없애고 교체할 특징을 선택해 주세요. / These features conflict; choose what to keep or replace.
[MapGenAI] Applied state to tile 45
[MapGenAI] Applied state to tile 45
[MapGenAI] HandleResponse 원문: {"action":"recommend","options":[{"params":{"fertility_offset":0.2}},{"params":{"vegetation_density":1.3}}]}
[MapGenAI] 파싱된 action: recommend
Resolution too small (0x0), resetting UI scale to 1.
[MapGenAI] Applied state to tile 45
Memory Statistics:
[ALLOC_TEMP_TLS] TLS Allocator
  StackAllocators : 
    [ALLOC_TEMP_MAIN]
      Peak usage frame count: [0-1.0 KB]: 571 frames, [1.0 KB-2.0 KB]: 2 frames, [2.0 KB-4.0 KB]: 1 frames, [4.0 KB-8.0 KB]: 1 frames, [32.0 KB-64.0 KB]: 1 frames, [128.0 KB-256.0 KB]: 1 frames, [2.0 MB-4.0 MB]: 4 frames
      Initial Block Size 4.0 MB
      Current Block Size 4.0 MB
      Peak Allocated Bytes 3.9 MB
      Overflow Count 1
    [ALLOC_TEMP_Loading.AsyncRead]
      Initial Block Size 64.0 KB
      Current Block Size 120.0 KB
      Peak Allocated Bytes 117.2 KB
      Overflow Count 0
    [ALLOC_TEMP_Loading.PreloadManager]
      Initial Block Size 256.0 KB
      Current Block Size 256.0 KB
      Peak Allocated Bytes 3.8 KB
      Overflow Count 8
    [ALLOC_TEMP_Background Job.Worker 8]
      Initial Block Size 32.0 KB
      Current Block Size 32.0 KB
      Peak Allocated Bytes 54 B
      Overflow Count 0
    [ALLOC_TEMP_Job.Worker 6]
      Initial Block Size 256.0 KB
      Current Block Size 256.0 KB
      Peak Allocated Bytes 0 B
      Overflow Count 0
    [ALLOC_TEMP_Job.Worker 0]
      Initial Block Size 256.0 KB
      Current Block Size 256.0 KB
      Peak Allocated Bytes 0 B
      Overflow Count 0
    [ALLOC_TEMP_Background Job.Worker 10]
      Initial Block Size 32.0 KB
      Current Block Size 32.0 KB
      Peak Allocated Bytes 54 B
      Overflow Count 0
    [ALLOC_TEMP_Background Job.Worker 9]
      Initial Block Size 32.0 KB
      Current Block Size 32.0 KB
      Peak Allocated Bytes 54 B
      Overflow Count 0
    [ALLOC_TEMP_Job.Worker 5]
      Initial Block Size 256.0 KB
      Current Block Size 256.0 KB
      Peak Allocated Bytes 16 B
      Overflow Count 0
    [ALLOC_TEMP_Background Job.Worker 14]
      Initial Block Size 32.0 KB
      Current Block Size 32.0 KB
      Peak Allocated Bytes 54 B
      Overflow Count 0
    [ALLOC_TEMP_Background Job.Worker 6]
      Initial Block Size 32.0 KB
      Current Block Size 32.0 KB
      Peak Allocated Bytes 54 B
      Overflow Count 0
    [ALLOC_TEMP_Job.Worker 4]
      Initial Block Size 256.0 KB
      Current Block Size 256.0 KB
      Peak Allocated Bytes 0 B
      Overflow Count 0
    [ALLOC_TEMP_Job.Worker 14]
      Initial Block Size 256.0 KB
      Current Block Size 256.0 KB
      Peak Allocated Bytes 54 B
      Overflow Count 0
    [ALLOC_TEMP_Job.Worker 3]
      Initial Block Size 256.0 KB
      Current Block Size 256.0 KB
      Peak Allocated Bytes 144 B
      Overflow Count 0
    [ALLOC_TEMP_Job.Worker 13]
      Initial Block Size 256.0 KB
      Current Block Size 256.0 KB
      Peak Allocated Bytes 54 B
      Overflow Count 0
    [ALLOC_TEMP_Background Job.Worker 12]
      Initial Block Size 32.0 KB
      Current Block Size 32.0 KB
      Peak Allocated Bytes 54 B
      Overflow Count 0
    [ALLOC_TEMP_EnlightenWorker] x 8
      Initial Block Size 64.0 KB
      Current Block Size 64.0 KB
      Peak Allocated Bytes 54 B
      Overflow Count 0
    [ALLOC_TEMP_] x 2
      Initial Block Size 64.0 KB
      Current Block Size 64.0 KB
      Peak Allocated Bytes 12.3 KB
      Overflow Count 0
    [ALLOC_TEMP_Background Job.Worker 1]
      Initial Block Size 32.0 KB
      Current Block Size 32.0 KB
      Peak Allocated Bytes 54 B
      Overflow Count 0
    [ALLOC_TEMP_Background Job.Worker 2]
      Initial Block Size 32.0 KB
      Current Block Size 32.0 KB
      Peak Allocated Bytes 54 B
      Overflow Count 0
    [ALLOC_TEMP_Background Job.Worker 7]
      Initial Block Size 32.0 KB
      Current Block Size 32.0 KB
      Peak Allocated Bytes 54 B
      Overflow Count 0
    [ALLOC_TEMP_Background Job.Worker 15]
      Initial Block Size 32.0 KB
      Current Block Size 32.0 KB
      Peak Allocated Bytes 54 B
      Overflow Count 0
    [ALLOC_TEMP_AssetGarbageCollectorHelper] x 15
      Initial Block Size 64.0 KB
      Current Block Size 64.0 KB
      Peak Allocated Bytes 138 B
      Overflow Count 0
    [ALLOC_TEMP_Background Job.Worker 5]
      Initial Block Size 32.0 KB
      Current Block Size 32.0 KB
      Peak Allocated Bytes 54 B
      Overflow Count 0
    [ALLOC_TEMP_Job.Worker 9]
      Initial Block Size 256.0 KB
      Current Block Size 256.0 KB
      Peak Allocated Bytes 0 B
      Overflow Count 0
    [ALLOC_TEMP_Background Job.Worker 13]
      Initial Block Size 32.0 KB
      Current Block Size 32.0 KB
      Peak Allocated Bytes 54 B
      Overflow Count 0
    [ALLOC_TEMP_Job.Worker 8]
      Initial Block Size 256.0 KB
      Current Block Size 256.0 KB
      Peak Allocated Bytes 0 B
      Overflow Count 0
    [ALLOC_TEMP_Job.Worker 7]
      Initial Block Size 256.0 KB
      Current Block Size 256.0 KB
      Peak Allocated Bytes 0 B
      Overflow Count 0
    [ALLOC_TEMP_Job.Worker 1]
      Initial Block Size 256.0 KB
      Current Block Size 256.0 KB
      Peak Allocated Bytes 507 B
      Overflow Count 0
    [ALLOC_TEMP_Job.Worker 2]
      Initial Block Size 256.0 KB
      Current Block Size 256.0 KB
      Peak Allocated Bytes 480 B
      Overflow Count 0
    [ALLOC_TEMP_Background Job.Worker 3]
      Initial Block Size 32.0 KB
      Current Block Size 32.0 KB
      Peak Allocated Bytes 54 B
      Overflow Count 0
    [ALLOC_TEMP_Background Job.Worker 11]
      Initial Block Size 32.0 KB
      Current Block Size 32.0 KB
      Peak Allocated Bytes 54 B
      Overflow Count 0
    [ALLOC_TEMP_Job.Worker 10]
      Initial Block Size 256.0 KB
      Current Block Size 256.0 KB
      Peak Allocated Bytes 54 B
      Overflow Count 0
    [ALLOC_TEMP_Background Job.Worker 0]
      Initial Block Size 32.0 KB
      Current Block Size 32.0 KB
      Peak Allocated Bytes 54 B
      Overflow Count 0
    [ALLOC_TEMP_Job.Worker 11]
      Initial Block Size 256.0 KB
      Current Block Size 256.0 KB
      Peak Allocated Bytes 54 B
      Overflow Count 0
    [ALLOC_TEMP_Job.Worker 12]
      Initial Block Size 256.0 KB
      Current Block Size 256.0 KB
      Peak Allocated Bytes 54 B
      Overflow Count 0
    [ALLOC_TEMP_Background Job.Worker 4]
      Initial Block Size 32.0 KB
      Current Block Size 32.0 KB
      Peak Allocated Bytes 54 B
      Overflow Count 0
    [ALLOC_TEMP_BatchDeleteObjects]
      Initial Block Size 64.0 KB
      Current Block Size 64.0 KB
      Peak Allocated Bytes 54 B
      Overflow Count 0
[ALLOC_DEFAULT] Dual Thread Allocator
  Peak main deferred allocation count 29884
    [ALLOC_BUCKET]
      Large Block size 4.0 MB
      Used Block count 1
      Peak Allocated bytes 4.0 MB
      Failed Allocations. Bucket layout:
        16B: 4 Subsections = 4096 buckets. Failed count: 27444
        32B: 33 Subsections = 16896 buckets. Failed count: 42632
        48B: 48 Subsections = 16384 buckets. Failed count: 85483
        64B: 39 Subsections = 9984 buckets. Failed count: 33843
        80B: 85 Subsections = 17408 buckets. Failed count: 22690
        96B: 31 Subsections = 5290 buckets. Failed count: 41533
        112B: 10 Subsections = 1462 buckets. Failed count: 10128
        128B: 6 Subsections = 768 buckets. Failed count: 8395
    [ALLOC_DEFAULT_MAIN]
      Peak usage frame count: [16.0 MB-32.0 MB]: 214 frames, [128.0 MB-256.0 MB]: 367 frames
      Requested Block Size 16.0 MB
      Peak Block count 12
      Peak Allocated memory 179.4 MB
      Peak Large allocation bytes 11.3 MB
    [ALLOC_DEFAULT_THREAD]
      Peak usage frame count: [4.0 MB-8.0 MB]: 1 frames, [8.0 MB-16.0 MB]: 237 frames, [16.0 MB-32.0 MB]: 3 frames, [32.0 MB-64.0 MB]: 340 frames
      Requested Block Size 16.0 MB
      Peak Block count 4
      Peak Allocated memory 47.5 MB
      Peak Large allocation bytes 0 B
[ALLOC_TEMP_JOB_1_FRAME]
  Initial Block Size 2.0 MB
  Used Block Count 0
  Overflow Count (too large) 0
  Overflow Count (full) 0
[ALLOC_TEMP_JOB_2_FRAMES]
  Initial Block Size 2.0 MB
  Used Block Count 0
  Overflow Count (too large) 0
  Overflow Count (full) 0
[ALLOC_TEMP_JOB_4_FRAMES (JobTemp)]
  Initial Block Size 2.0 MB
  Used Block Count 1
  Overflow Count (too large) 0
  Overflow Count (full) 0
[ALLOC_TEMP_JOB_ASYNC (Background)]
  Initial Block Size 1.0 MB
  Used Block Count 1
  Overflow Count (too large) 0
  Overflow Count (full) 0
[ALLOC_GFX] Dual Thread Allocator
  Peak main deferred allocation count 0
    [ALLOC_BUCKET]
      Large Block size 4.0 MB
      Used Block count 1
      Peak Allocated bytes 4.0 MB
      Failed Allocations. Bucket layout:
        16B: 4 Subsections = 4096 buckets. Failed count: 27444
        32B: 33 Subsections = 16896 buckets. Failed count: 42632
        48B: 48 Subsections = 16384 buckets. Failed count: 85483
        64B: 39 Subsections = 9984 buckets. Failed count: 33843
        80B: 85 Subsections = 17408 buckets. Failed count: 22690
        96B: 31 Subsections = 5290 buckets. Failed count: 41533
        112B: 10 Subsections = 1462 buckets. Failed count: 10128
        128B: 6 Subsections = 768 buckets. Failed count: 8395
    [ALLOC_GFX_MAIN]
      Peak usage frame count: [64.0 KB-128.0 KB]: 1 frames, [2.0 MB-4.0 MB]: 486 frames, [8.0 MB-16.0 MB]: 93 frames, [128.0 MB-256.0 MB]: 1 frames
      Requested Block Size 16.0 MB
      Peak Block count 2
      Peak Allocated memory 216.6 MB
      Peak Large allocation bytes 213.1 MB
    [ALLOC_GFX_THREAD]
      Peak usage frame count: [0-1.0 KB]: 580 frames, [1.0 KB-2.0 KB]: 1 frames
      Requested Block Size 16.0 MB
      Peak Block count 1
      Peak Allocated memory 1.2 KB
      Peak Large allocation bytes 0 B
[ALLOC_CACHEOBJECTS] Dual Thread Allocator
  Peak main deferred allocation count 101
    [ALLOC_BUCKET]
      Large Block size 4.0 MB
      Used Block count 1
      Peak Allocated bytes 4.0 MB
      Failed Allocations. Bucket layout:
        16B: 4 Subsections = 4096 buckets. Failed count: 27444
        32B: 33 Subsections = 16896 buckets. Failed count: 42632
        48B: 48 Subsections = 16384 buckets. Failed count: 85483
        64B: 39 Subsections = 9984 buckets. Failed count: 33843
        80B: 85 Subsections = 17408 buckets. Failed count: 22690
        96B: 31 Subsections = 5290 buckets. Failed count: 41533
        112B: 10 Subsections = 1462 buckets. Failed count: 10128
        128B: 6 Subsections = 768 buckets. Failed count: 8395
    [ALLOC_CACHEOBJECTS_MAIN]
      Peak usage frame count: [4.0 MB-8.0 MB]: 214 frames, [8.0 MB-16.0 MB]: 275 frames, [16.0 MB-32.0 MB]: 92 frames
      Requested Block Size 4.0 MB
      Peak Block count 5
      Peak Allocated memory 16.2 MB
      Peak Large allocation bytes 0 B
    [ALLOC_CACHEOBJECTS_THREAD]
      Peak usage frame count: [4.0 KB-8.0 KB]: 423 frames, [32.0 KB-64.0 KB]: 1 frames, [64.0 KB-128.0 KB]: 155 frames, [256.0 KB-0.5 MB]: 1 frames, [0.5 MB-1.0 MB]: 1 frames
      Requested Block Size 4.0 MB
      Peak Block count 1
      Peak Allocated memory 0.6 MB
      Peak Large allocation bytes 0 B
[ALLOC_TYPETREE] Dual Thread Allocator
  Peak main deferred allocation count 0
    [ALLOC_BUCKET]
      Large Block size 4.0 MB
      Used Block count 1
      Peak Allocated bytes 4.0 MB
      Failed Allocations. Bucket layout:
        16B: 4 Subsections = 4096 buckets. Failed count: 27444
        32B: 33 Subsections = 16896 buckets. Failed count: 42632
        48B: 48 Subsections = 16384 buckets. Failed count: 85483
        64B: 39 Subsections = 9984 buckets. Failed count: 33843
        80B: 85 Subsections = 17408 buckets. Failed count: 22690
        96B: 31 Subsections = 5290 buckets. Failed count: 41533
        112B: 10 Subsections = 1462 buckets. Failed count: 10128
        128B: 6 Subsections = 768 buckets. Failed count: 8395
    [ALLOC_TYPETREE_MAIN]
      Peak usage frame count: [4.0 KB-8.0 KB]: 1 frames, [8.0 KB-16.0 KB]: 213 frames, [32.0 KB-64.0 KB]: 367 frames
      Requested Block Size 2.0 MB
      Peak Block count 1
      Peak Allocated memory 50.0 KB
      Peak Large allocation bytes 0 B
    [ALLOC_TYPETREE_THREAD]
      Peak usage frame count: [0-1.0 KB]: 581 frames
      Requested Block Size 2.0 MB
      Peak Block count 0
      Peak Allocated memory 0 B
      Peak Large allocation bytes 0 B
