Mono path[0] = 'G:/SteamLibrary/steamapps/common/RimWorld/RimWorldWin64_Data/Managed'
Mono config path = 'G:/SteamLibrary/steamapps/common/RimWorld/MonoBleedingEdge/etc'
[PhysX] Initialized MultithreadedTaskDispatcher with 16 workers.
Initialize engine version: 2022.3.35f1 (011206c7a712)
[Subsystems] Discovering subsystems at path G:/SteamLibrary/steamapps/common/RimWorld/RimWorldWin64_Data/UnitySubsystems
GfxDevice: creating device client; threaded=0; jobified=0
Direct3D:
    Version:  Direct3D 11.0 [level 11.1]
    Renderer: NVIDIA GeForce RTX 4070 Ti SUPER (ID=0x2705)
    Vendor:   NVIDIA
    VRAM:     16061 MB
    Driver:   32.0.15.9186
Begin MonoManager ReloadAssembly
- Loaded All Assemblies, in  0.080 seconds
- Finished resetting the current domain, in  0.001 seconds
[PhysX] Initialized MultithreadedTaskDispatcher with 16 workers.
UnloadTime: 0.483400 ms
Command line arguments: -batchmode -screen-fullscreen 0 -screen-width 960 -screen-height 640 -savedatafolder=C:\Users\choco\AppData\Local\mapgen-ai-probe\profile-20260914-002937 -mapgenAIProbe=F:\Projects\Rimworld\active\mapgen_ai\docs\analysis\2026-09-14-text-expansion\spatial-native-r2 -logFile F:\Projects\Rimworld\active\mapgen_ai\docs\analysis\2026-09-14-text-expansion\spatial-native-r2\Player.log -mapgenAISpatial=true
RimWorld 1.6.4871 rev591
Save data folder overridden to C:\Users\choco\AppData\Local\mapgen-ai-probe\profile-20260914-002937
Mod Draconis Koelime Fix dependency (Draconis.Koelime) needs to have <downloadUrl> and/or <steamWorkshopUrl> specified.
Mod Draconis Koelime Fix dependency (brrainz.harmony) needs to have <downloadUrl> and/or <steamWorkshopUrl> specified.
Mod World Domination dependency (vanillaexpanded.outposts) needs to have <downloadUrl> and/or <steamWorkshopUrl> specified.
Mod World Domination dependency (oskarpotocki.vanillafactionsexpanded.core) needs to have <downloadUrl> and/or <steamWorkshopUrl> specified.
Mod World Domination dependency (brrainz.harmony) needs to have <downloadUrl> and/or <steamWorkshopUrl> specified.
Mod Paniel: The Hidden Protocol dependency (kalospacer.AhnDemi.PanieltheAutomata) needs to have <downloadUrl> and/or <steamWorkshopUrl> specified.
Mod Yuran Furshaved Continue has a dependency (RooAndGloomy.YuranRaceMod) with empty display name.
Mod Yuran Furshaved Continue dependency (RooAndGloomy.YuranRaceMod) needs to have <downloadUrl> and/or <steamWorkshopUrl> specified.
Mod Roren Facial Animation dependency (Po210.RorenRaceModOfficial) needs to have <downloadUrl> and/or <steamWorkshopUrl> specified.
Mod Ratkin Gene Expanded dependency (EoralMilk.PawnTextureOffsetAdjuster) needs to have <downloadUrl> and/or <steamWorkshopUrl> specified.
Mod Taste of Vanilla - The Alpha Mythology dependency (sarg.magicalmenagerie) needs to have <downloadUrl> and/or <steamWorkshopUrl> specified.
Tried loading mod with the same packageId multiple times: Owlchemist.MidSaverSaver. Ignoring the duplicates.
G:\SteamLibrary\steamapps\workshop\content\294100\2921585989
G:\SteamLibrary\steamapps\workshop\content\294100\3261311100
Fallback handler could not load library G:/SteamLibrary/steamapps/common/RimWorld/RimWorldWin64_Data/MonoBleedingEdge/data-0000022CAF487660.dll
Fallback handler could not load library G:/SteamLibrary/steamapps/common/RimWorld/RimWorldWin64_Data/MonoBleedingEdge/data-0000022CB307EA70.dll
Fallback handler could not load library G:/SteamLibrary/steamapps/common/RimWorld/RimWorldWin64_Data/MonoBleedingEdge/data-0000022CB3FAC020.dll
[TrueTerrainColors v1.12.26] Extracted true colors from 384 terrain defs in 0.06 seconds.
Unloading 5 Unused Serialized files (Serialized files now loaded: 5)
[MapGenAI] 저장된 이미지 지형이 손상되어 복구했습니다. 확인 후 다시 적용하세요. / Invalid saved image terrain was repaired; review before applying.
[MapGenAI] 저장된 이미지 지형이 손상되어 복구했습니다. 확인 후 다시 적용하세요. / Invalid saved image terrain was repaired; review before applying.
Unloading 99 unused Assets to reduce memory usage. Loaded Objects now: 26487.
Total: 168.372600 ms (FindLiveObjects: 1.211900 ms CreateObjectMapping: 0.351000 ms MarkObjects: 166.500300 ms  DeleteObjects: 0.309000 ms)

Unloading 3 Unused Serialized files (Serialized files now loaded: 5)
[PhysX] Initialized MultithreadedTaskDispatcher with 16 workers.
UnloadTime: 1.862000 ms
Unloading 3 unused Assets to reduce memory usage. Loaded Objects now: 26666.
Total: 152.101100 ms (FindLiveObjects: 1.066300 ms CreateObjectMapping: 0.315300 ms MarkObjects: 150.675500 ms  DeleteObjects: 0.043500 ms)

Initializing new game with mods:
  - brrainz.harmony
  - Ludeon.RimWorld
  - Ludeon.RimWorld.Royalty
  - Ludeon.RimWorld.Ideology
  - Ludeon.RimWorld.Biotech
  - Ludeon.RimWorld.Anomaly
  - Ludeon.RimWorld.Odyssey
  - m00nl1ght.MapPreview
  - choco.mapgenai.probe.20260914002937
Unloading 1 Unused Serialized files (Serialized files now loaded: 5)
[MapGenAI] Applied state to tile 141
[MapGenAI] Applied state to tile 141
[MapGenAI] 식생 밀도 적용: 0.00
[MapGenAI] 동물 밀도 적용: 0.00
[MapGenAI] 간헐천 수 적용: 0개, range=0.00~0.00 (원본=0.70~1.00)
[MapGenAI] 폐허 밀도 적용: 0.00 (보정=0.00), range=0.0~0.0
[MapGenAI] 위험 밀도 적용: 0.00 (보정=0.00), range=0.0~0.0
[SpatialProbe] river-banks: full-map count and success
[SpatialProbe] river-banks: rotated footprint dimensions
[SpatialProbe] river-banks: actual walls spawned
[SpatialProbe] river-banks: independent full-footprint distance/side/region verification
[SpatialProbe] river-banks: rotated footprint dimensions
[SpatialProbe] river-banks: actual walls spawned
[SpatialProbe] river-banks: independent full-footprint distance/side/region verification
[SpatialProbe] river-banks: rotated footprint dimensions
[SpatialProbe] river-banks: actual walls spawned
[SpatialProbe] river-banks: independent full-footprint distance/side/region verification
[SpatialProbe] river-banks: rotated footprint dimensions
[SpatialProbe] river-banks: actual walls spawned
[SpatialProbe] river-banks: independent full-footprint distance/side/region verification
[SpatialProbe] river-banks: minimum inter-structure gap
[SpatialProbe] river-banks: minimum inter-structure gap
[SpatialProbe] river-banks: minimum inter-structure gap
[SpatialProbe] river-banks: minimum inter-structure gap
[SpatialProbe] river-banks: minimum inter-structure gap
[SpatialProbe] river-banks: minimum inter-structure gap
[SpatialProbe] river-banks: state/world preserved and scope closed
[MapGenAI] Applied state to tile 2
[MapGenAI] Applied state to tile 2
[MapGenAI] 식생 밀도 적용: 0.00
[MapGenAI] 동물 밀도 적용: 0.00
[MapGenAI] 간헐천 수 적용: 0개, range=0.00~0.00 (원본=0.70~1.00)
[MapGenAI] 폐허 밀도 적용: 0.00 (보정=0.00), range=0.0~0.0
[MapGenAI] 위험 밀도 적용: 0.00 (보정=0.00), range=0.0~0.0
[SpatialProbe] foothills: full-map count and success
[SpatialProbe] foothills: rotated footprint dimensions
[SpatialProbe] foothills: actual walls spawned
[SpatialProbe] foothills: independent full-footprint distance/side/region verification
[SpatialProbe] foothills: rotated footprint dimensions
[SpatialProbe] foothills: actual walls spawned
[SpatialProbe] foothills: independent full-footprint distance/side/region verification
[SpatialProbe] foothills: minimum inter-structure gap
[SpatialProbe] foothills: state/world preserved and scope closed
[MapGenAI] Applied state to tile 4
[MapGenAI] Applied state to tile 4
[MapGenAI] 식생 밀도 적용: 0.00
[MapGenAI] 동물 밀도 적용: 0.00
[MapGenAI] 간헐천 수 적용: 0개, range=0.00~0.00 (원본=0.70~1.00)
[MapGenAI] 폐허 밀도 적용: 0.00 (보정=0.00), range=0.0~0.0
[MapGenAI] 위험 밀도 적용: 0.00 (보정=0.00), range=0.0~0.0
[SpatialProbe] island-edge: full-map count and success
[SpatialProbe] island-edge: rotated footprint dimensions
[SpatialProbe] island-edge: actual walls spawned
[SpatialProbe] island-edge: independent full-footprint distance/side/region verification
[SpatialProbe] island-edge: rotated footprint dimensions
[SpatialProbe] island-edge: actual walls spawned
[SpatialProbe] island-edge: independent full-footprint distance/side/region verification
[SpatialProbe] island-edge: rotated footprint dimensions
[SpatialProbe] island-edge: actual walls spawned
[SpatialProbe] island-edge: independent full-footprint distance/side/region verification
[SpatialProbe] island-edge: minimum inter-structure gap
[SpatialProbe] island-edge: minimum inter-structure gap
[SpatialProbe] island-edge: minimum inter-structure gap
[SpatialProbe] island-edge: state/world preserved and scope closed
[MapGenAI] Applied state to tile 21
[MapGenAI] Applied state to tile 21
[MapGenAI] 식생 밀도 적용: 0.00
[MapGenAI] 동물 밀도 적용: 0.00
[MapGenAI] 간헐천 수 적용: 0개, range=0.00~0.00 (원본=0.70~1.00)
[MapGenAI] 폐허 밀도 적용: 0.00 (보정=0.00), range=0.0~0.0
[MapGenAI] 위험 밀도 적용: 0.00 (보정=0.00), range=0.0~0.0
[SpatialProbe] water-side: full-map count and success
[SpatialProbe] water-side: rotated footprint dimensions
[SpatialProbe] water-side: actual walls spawned
[SpatialProbe] water-side: independent full-footprint distance/side/region verification
[SpatialProbe] water-side: rotated footprint dimensions
[SpatialProbe] water-side: actual walls spawned
[SpatialProbe] water-side: independent full-footprint distance/side/region verification
[SpatialProbe] water-side: minimum inter-structure gap
[SpatialProbe] water-side: state/world preserved and scope closed
[MapGenAI] Applied state to tile 22
[MapGenAI] Applied state to tile 22
[MapGenAI] 식생 밀도 적용: 0.00
[MapGenAI] 동물 밀도 적용: 0.00
[MapGenAI] 간헐천 수 적용: 0개, range=0.00~0.00 (원본=0.70~1.00)
[MapGenAI] 폐허 밀도 적용: 0.00 (보정=0.00), range=0.0~0.0
[MapGenAI] 위험 밀도 적용: 0.00 (보정=0.00), range=0.0~0.0
[MapGenAI] Authored generation: 배치 기준 지형이 없습니다 / Placement target is absent: river
[SpatialProbe] missing river rejects all positioned jobs before spawning
[SpatialProbe] missing-river: state/world preserved and scope closed
[MapGenAI] Applied state to tile 31
[MapGenAI] Applied state to tile 31
[MapGenAI] 식생 밀도 적용: 0.00
[MapGenAI] 동물 밀도 적용: 0.00
[MapGenAI] 간헐천 수 적용: 0개, range=0.00~0.00 (원본=0.70~1.00)
[MapGenAI] 폐허 밀도 적용: 0.00 (보정=0.00), range=0.0~0.0
[MapGenAI] 위험 밀도 적용: 0.00 (보정=0.00), range=0.0~0.0
[SpatialProbe] rotation-0: full-map count and success
[SpatialProbe] rotation-0: rotated footprint dimensions
[SpatialProbe] rotation-0: actual walls spawned
[SpatialProbe] rotation-0: state/world preserved and scope closed
[MapGenAI] Applied state to tile 36
[MapGenAI] Applied state to tile 36
[MapGenAI] 식생 밀도 적용: 0.00
[MapGenAI] 동물 밀도 적용: 0.00
[MapGenAI] 간헐천 수 적용: 0개, range=0.00~0.00 (원본=0.70~1.00)
[MapGenAI] 폐허 밀도 적용: 0.00 (보정=0.00), range=0.0~0.0
[MapGenAI] 위험 밀도 적용: 0.00 (보정=0.00), range=0.0~0.0
[SpatialProbe] rotation-90: full-map count and success
[SpatialProbe] rotation-90: rotated footprint dimensions
[SpatialProbe] rotation-90: actual walls spawned
[SpatialProbe] rotation-90: state/world preserved and scope closed
[MapGenAI] Applied state to tile 78
[MapGenAI] Applied state to tile 78
[MapGenAI] 식생 밀도 적용: 0.00
[MapGenAI] 동물 밀도 적용: 0.00
[MapGenAI] 간헐천 수 적용: 0개, range=0.00~0.00 (원본=0.70~1.00)
[MapGenAI] 폐허 밀도 적용: 0.00 (보정=0.00), range=0.0~0.0
[MapGenAI] 위험 밀도 적용: 0.00 (보정=0.00), range=0.0~0.0
[SpatialProbe] rotation-180: full-map count and success
[SpatialProbe] rotation-180: rotated footprint dimensions
[SpatialProbe] rotation-180: actual walls spawned
[SpatialProbe] rotation-180: state/world preserved and scope closed
[MapGenAI] Applied state to tile 121
[MapGenAI] Applied state to tile 121
[MapGenAI] 식생 밀도 적용: 0.00
[MapGenAI] 동물 밀도 적용: 0.00
[MapGenAI] 간헐천 수 적용: 0개, range=0.00~0.00 (원본=0.70~1.00)
[MapGenAI] 폐허 밀도 적용: 0.00 (보정=0.00), range=0.0~0.0
[MapGenAI] 위험 밀도 적용: 0.00 (보정=0.00), range=0.0~0.0
[SpatialProbe] rotation-270: full-map count and success
[SpatialProbe] rotation-270: rotated footprint dimensions
[SpatialProbe] rotation-270: actual walls spawned
[SpatialProbe] rotation-270: state/world preserved and scope closed
[SpatialProbe] actual ruin wall pattern rotates 90 degrees
[SpatialProbe] actual ruin wall pattern rotates 180 degrees
[SpatialProbe] actual ruin wall pattern rotates 270 degrees
[SpatialProbe] real Scribe relation/spacing/rotation roundtrip
[MapGenAI] Applied state to tile 133
[MapGenAI] 식생 밀도 적용: 0.00
[MapGenAI] 동물 밀도 적용: 0.00
[MapGenAI] 간헐천 수 적용: 0개, range=0.00~0.00 (원본=0.70~1.00)
[MapGenAI] 폐허 밀도 적용: 0.00 (보정=0.00), range=0.0~0.0
[MapGenAI] 위험 밀도 적용: 0.00 (보정=0.00), range=0.0~0.0
[SpatialProbe] real background preview enforces island-edge relation and retains plans only
[SpatialProbe] preview full footprint stays inside island
[SpatialProbe] preview full footprint stays inside island
[SpatialProbe] preview full footprint stays inside island
Unloading 1 unused Assets to reduce memory usage. Loaded Objects now: 62252.
Total: 206.837700 ms (FindLiveObjects: 3.899100 ms CreateObjectMapping: 2.522500 ms MarkObjects: 200.330700 ms  DeleteObjects: 0.084900 ms)

Memory Statistics:
[ALLOC_TEMP_TLS] TLS Allocator
  StackAllocators : 
    [ALLOC_TEMP_MAIN]
      Peak usage frame count: [0-1.0 KB]: 608 frames, [1.0 KB-2.0 KB]: 1 frames, [2.0 KB-4.0 KB]: 1 frames, [8.0 KB-16.0 KB]: 1 frames, [32.0 KB-64.0 KB]: 1 frames, [128.0 KB-256.0 KB]: 1 frames, [2.0 MB-4.0 MB]: 3 frames
      Initial Block Size 4.0 MB
      Current Block Size 8.0 MB
      Peak Allocated Bytes 8.0 MB
      Overflow Count 3
    [ALLOC_TEMP_Loading.AsyncRead]
      Initial Block Size 64.0 KB
      Current Block Size 120.0 KB
      Peak Allocated Bytes 117.2 KB
      Overflow Count 0
    [ALLOC_TEMP_Loading.PreloadManager]
      Initial Block Size 256.0 KB
      Current Block Size 256.0 KB
      Peak Allocated Bytes 3.8 KB
      Overflow Count 8
    [ALLOC_TEMP_Background Job.Worker 8]
      Initial Block Size 32.0 KB
      Current Block Size 32.0 KB
      Peak Allocated Bytes 54 B
      Overflow Count 0
    [ALLOC_TEMP_Job.Worker 6]
      Initial Block Size 256.0 KB
      Current Block Size 256.0 KB
      Peak Allocated Bytes 0 B
      Overflow Count 0
    [ALLOC_TEMP_Job.Worker 0]
      Initial Block Size 256.0 KB
      Current Block Size 256.0 KB
      Peak Allocated Bytes 0 B
      Overflow Count 0
    [ALLOC_TEMP_Background Job.Worker 10]
      Initial Block Size 32.0 KB
      Current Block Size 32.0 KB
      Peak Allocated Bytes 54 B
      Overflow Count 0
    [ALLOC_TEMP_Background Job.Worker 9]
      Initial Block Size 32.0 KB
      Current Block Size 32.0 KB
      Peak Allocated Bytes 54 B
      Overflow Count 0
    [ALLOC_TEMP_Job.Worker 5]
      Initial Block Size 256.0 KB
      Current Block Size 256.0 KB
      Peak Allocated Bytes 0 B
      Overflow Count 0
    [ALLOC_TEMP_Background Job.Worker 14]
      Initial Block Size 32.0 KB
      Current Block Size 32.0 KB
      Peak Allocated Bytes 54 B
      Overflow Count 0
    [ALLOC_TEMP_Background Job.Worker 6]
      Initial Block Size 32.0 KB
      Current Block Size 32.0 KB
      Peak Allocated Bytes 54 B
      Overflow Count 0
    [ALLOC_TEMP_Job.Worker 4]
      Initial Block Size 256.0 KB
      Current Block Size 256.0 KB
      Peak Allocated Bytes 16 B
      Overflow Count 0
    [ALLOC_TEMP_Job.Worker 14]
      Initial Block Size 256.0 KB
      Current Block Size 256.0 KB
      Peak Allocated Bytes 54 B
      Overflow Count 0
    [ALLOC_TEMP_Job.Worker 3]
      Initial Block Size 256.0 KB
      Current Block Size 256.0 KB
      Peak Allocated Bytes 112 B
      Overflow Count 0
    [ALLOC_TEMP_Job.Worker 13]
      Initial Block Size 256.0 KB
      Current Block Size 256.0 KB
      Peak Allocated Bytes 54 B
      Overflow Count 0
    [ALLOC_TEMP_Background Job.Worker 12]
      Initial Block Size 32.0 KB
      Current Block Size 32.0 KB
      Peak Allocated Bytes 54 B
      Overflow Count 0
    [ALLOC_TEMP_EnlightenWorker] x 8
      Initial Block Size 64.0 KB
      Current Block Size 64.0 KB
      Peak Allocated Bytes 54 B
      Overflow Count 0
    [ALLOC_TEMP_Background Job.Worker 15]
      Initial Block Size 32.0 KB
      Current Block Size 32.0 KB
      Peak Allocated Bytes 54 B
      Overflow Count 0
    [ALLOC_TEMP_Background Job.Worker 1]
      Initial Block Size 32.0 KB
      Current Block Size 32.0 KB
      Peak Allocated Bytes 54 B
      Overflow Count 0
    [ALLOC_TEMP_Background Job.Worker 2]
      Initial Block Size 32.0 KB
      Current Block Size 32.0 KB
      Peak Allocated Bytes 54 B
      Overflow Count 0
    [ALLOC_TEMP_Background Job.Worker 7]
      Initial Block Size 32.0 KB
      Current Block Size 32.0 KB
      Peak Allocated Bytes 54 B
      Overflow Count 0
    [ALLOC_TEMP_AssetGarbageCollectorHelper] x 15
      Initial Block Size 64.0 KB
      Current Block Size 64.0 KB
      Peak Allocated Bytes 138 B
      Overflow Count 0
    [ALLOC_TEMP_Background Job.Worker 5]
      Initial Block Size 32.0 KB
      Current Block Size 32.0 KB
      Peak Allocated Bytes 54 B
      Overflow Count 0
    [ALLOC_TEMP_Job.Worker 9]
      Initial Block Size 256.0 KB
      Current Block Size 256.0 KB
      Peak Allocated Bytes 0 B
      Overflow Count 0
    [ALLOC_TEMP_Background Job.Worker 13]
      Initial Block Size 32.0 KB
      Current Block Size 32.0 KB
      Peak Allocated Bytes 54 B
      Overflow Count 0
    [ALLOC_TEMP_Job.Worker 8]
      Initial Block Size 256.0 KB
      Current Block Size 256.0 KB
      Peak Allocated Bytes 0 B
      Overflow Count 0
    [ALLOC_TEMP_Job.Worker 7]
      Initial Block Size 256.0 KB
      Current Block Size 256.0 KB
      Peak Allocated Bytes 0 B
      Overflow Count 0
    [ALLOC_TEMP_Job.Worker 1]
      Initial Block Size 256.0 KB
      Current Block Size 256.0 KB
      Peak Allocated Bytes 507 B
      Overflow Count 0
    [ALLOC_TEMP_Job.Worker 2]
      Initial Block Size 256.0 KB
      Current Block Size 256.0 KB
      Peak Allocated Bytes 312 B
      Overflow Count 0
    [ALLOC_TEMP_Background Job.Worker 3]
      Initial Block Size 32.0 KB
      Current Block Size 32.0 KB
      Peak Allocated Bytes 54 B
      Overflow Count 0
    [ALLOC_TEMP_Background Job.Worker 11]
      Initial Block Size 32.0 KB
      Current Block Size 32.0 KB
      Peak Allocated Bytes 54 B
      Overflow Count 0
    [ALLOC_TEMP_Job.Worker 10]
      Initial Block Size 256.0 KB
      Current Block Size 256.0 KB
      Peak Allocated Bytes 54 B
      Overflow Count 0
    [ALLOC_TEMP_Background Job.Worker 0]
      Initial Block Size 32.0 KB
      Current Block Size 32.0 KB
      Peak Allocated Bytes 54 B
      Overflow Count 0
    [ALLOC_TEMP_Job.Worker 11]
      Initial Block Size 256.0 KB
      Current Block Size 256.0 KB
      Peak Allocated Bytes 54 B
      Overflow Count 0
    [ALLOC_TEMP_Job.Worker 12]
      Initial Block Size 256.0 KB
      Current Block Size 256.0 KB
      Peak Allocated Bytes 54 B
      Overflow Count 0
    [ALLOC_TEMP_Background Job.Worker 4]
      Initial Block Size 32.0 KB
      Current Block Size 32.0 KB
      Peak Allocated Bytes 54 B
      Overflow Count 0
    [ALLOC_TEMP_BatchDeleteObjects]
      Initial Block Size 64.0 KB
      Current Block Size 64.0 KB
      Peak Allocated Bytes 54 B
      Overflow Count 0
[ALLOC_DEFAULT] Dual Thread Allocator
  Peak main deferred allocation count 41779
    [ALLOC_BUCKET]
      Large Block size 4.0 MB
      Used Block count 1
      Peak Allocated bytes 4.0 MB
      Failed Allocations. Bucket layout:
        16B: 4 Subsections = 4096 buckets. Failed count: 26361
        32B: 33 Subsections = 16896 buckets. Failed count: 40809
        48B: 48 Subsections = 16384 buckets. Failed count: 81308
        64B: 39 Subsections = 9984 buckets. Failed count: 32617
        80B: 85 Subsections = 17408 buckets. Failed count: 22094
        96B: 31 Subsections = 5290 buckets. Failed count: 41216
        112B: 10 Subsections = 1462 buckets. Failed count: 9837
        128B: 6 Subsections = 768 buckets. Failed count: 8052
    [ALLOC_DEFAULT_MAIN]
      Peak usage frame count: [16.0 MB-32.0 MB]: 344 frames, [128.0 MB-256.0 MB]: 271 frames, [1.00 GB-2.00 GB]: 1 frames
      Requested Block Size 16.0 MB
      Peak Block count 67
      Peak Allocated memory 1.04 GB
      Peak Large allocation bytes 11.3 MB
    [ALLOC_DEFAULT_THREAD]
      Peak usage frame count: [4.0 MB-8.0 MB]: 1 frames, [8.0 MB-16.0 MB]: 368 frames, [16.0 MB-32.0 MB]: 4 frames, [32.0 MB-64.0 MB]: 242 frames, [128.0 MB-256.0 MB]: 1 frames
      Requested Block Size 16.0 MB
      Peak Block count 12
      Peak Allocated memory 174.7 MB
      Peak Large allocation bytes 0 B
[ALLOC_TEMP_JOB_1_FRAME]
  Initial Block Size 2.0 MB
  Used Block Count 0
  Overflow Count (too large) 0
  Overflow Count (full) 0
[ALLOC_TEMP_JOB_2_FRAMES]
  Initial Block Size 2.0 MB
  Used Block Count 0
  Overflow Count (too large) 0
  Overflow Count (full) 0
[ALLOC_TEMP_JOB_4_FRAMES (JobTemp)]
  Initial Block Size 2.0 MB
  Used Block Count 1
  Overflow Count (too large) 0
  Overflow Count (full) 0
[ALLOC_TEMP_JOB_ASYNC (Background)]
  Initial Block Size 1.0 MB
  Used Block Count 1
  Overflow Count (too large) 0
  Overflow Count (full) 0
[ALLOC_GFX] Dual Thread Allocator
  Peak main deferred allocation count 0
    [ALLOC_BUCKET]
      Large Block size 4.0 MB
      Used Block count 1
      Peak Allocated bytes 4.0 MB
      Failed Allocations. Bucket layout:
        16B: 4 Subsections = 4096 buckets. Failed count: 26361
        32B: 33 Subsections = 16896 buckets. Failed count: 40809
        48B: 48 Subsections = 16384 buckets. Failed count: 81308
        64B: 39 Subsections = 9984 buckets. Failed count: 32617
        80B: 85 Subsections = 17408 buckets. Failed count: 22094
        96B: 31 Subsections = 5290 buckets. Failed count: 41216
        112B: 10 Subsections = 1462 buckets. Failed count: 9837
        128B: 6 Subsections = 768 buckets. Failed count: 8052
    [ALLOC_GFX_MAIN]
      Peak usage frame count: [64.0 KB-128.0 KB]: 1 frames, [2.0 MB-4.0 MB]: 613 frames, [128.0 MB-256.0 MB]: 1 frames, [256.0 MB-0.50 GB]: 1 frames
      Requested Block Size 16.0 MB
      Peak Block count 19
      Peak Allocated memory 286.7 MB
      Peak Large allocation bytes 213.1 MB
    [ALLOC_GFX_THREAD]
      Peak usage frame count: [0-1.0 KB]: 615 frames, [1.0 KB-2.0 KB]: 1 frames
      Requested Block Size 16.0 MB
      Peak Block count 1
      Peak Allocated memory 1.2 KB
      Peak Large allocation bytes 0 B
[ALLOC_CACHEOBJECTS] Dual Thread Allocator
  Peak main deferred allocation count 101
    [ALLOC_BUCKET]
      Large Block size 4.0 MB
      Used Block count 1
      Peak Allocated bytes 4.0 MB
      Failed Allocations. Bucket layout:
        16B: 4 Subsections = 4096 buckets. Failed count: 26361
        32B: 33 Subsections = 16896 buckets. Failed count: 40809
        48B: 48 Subsections = 16384 buckets. Failed count: 81308
        64B: 39 Subsections = 9984 buckets. Failed count: 32617
        80B: 85 Subsections = 17408 buckets. Failed count: 22094
        96B: 31 Subsections = 5290 buckets. Failed count: 41216
        112B: 10 Subsections = 1462 buckets. Failed count: 9837
        128B: 6 Subsections = 768 buckets. Failed count: 8052
    [ALLOC_CACHEOBJECTS_MAIN]
      Peak usage frame count: [4.0 MB-8.0 MB]: 344 frames, [8.0 MB-16.0 MB]: 272 frames
      Requested Block Size 4.0 MB
      Peak Block count 5
      Peak Allocated memory 15.8 MB
      Peak Large allocation bytes 0 B
    [ALLOC_CACHEOBJECTS_THREAD]
      Peak usage frame count: [4.0 KB-8.0 KB]: 566 frames, [32.0 KB-64.0 KB]: 1 frames, [64.0 KB-128.0 KB]: 47 frames, [256.0 KB-0.5 MB]: 1 frames, [0.5 MB-1.0 MB]: 1 frames
      Requested Block Size 4.0 MB
      Peak Block count 1
      Peak Allocated memory 0.6 MB
      Peak Large allocation bytes 0 B
[ALLOC_TYPETREE] Dual Thread Allocator
  Peak main deferred allocation count 0
    [ALLOC_BUCKET]
      Large Block size 4.0 MB
      Used Block count 1
      Peak Allocated bytes 4.0 MB
      Failed Allocations. Bucket layout:
        16B: 4 Subsections = 4096 buckets. Failed count: 26361
        32B: 33 Subsections = 16896 buckets. Failed count: 40809
        48B: 48 Subsections = 16384 buckets. Failed count: 81308
        64B: 39 Subsections = 9984 buckets. Failed count: 32617
        80B: 85 Subsections = 17408 buckets. Failed count: 22094
        96B: 31 Subsections = 5290 buckets. Failed count: 41216
        112B: 10 Subsections = 1462 buckets. Failed count: 9837
        128B: 6 Subsections = 768 buckets. Failed count: 8052
    [ALLOC_TYPETREE_MAIN]
      Peak usage frame count: [4.0 KB-8.0 KB]: 1 frames, [8.0 KB-16.0 KB]: 343 frames, [32.0 KB-64.0 KB]: 272 frames
      Requested Block Size 2.0 MB
      Peak Block count 1
      Peak Allocated memory 50.0 KB
      Peak Large allocation bytes 0 B
    [ALLOC_TYPETREE_THREAD]
      Peak usage frame count: [0-1.0 KB]: 616 frames
      Requested Block Size 2.0 MB
      Peak Block count 0
      Peak Allocated memory 0 B
      Peak Large allocation bytes 0 B
