Mono path[0] = 'G:/SteamLibrary/steamapps/common/RimWorld/RimWorldWin64_Data/Managed'
Mono config path = 'G:/SteamLibrary/steamapps/common/RimWorld/MonoBleedingEdge/etc'
[PhysX] Initialized MultithreadedTaskDispatcher with 16 workers.
Initialize engine version: 2022.3.35f1 (011206c7a712)
[Subsystems] Discovering subsystems at path G:/SteamLibrary/steamapps/common/RimWorld/RimWorldWin64_Data/UnitySubsystems
GfxDevice: creating device client; threaded=1; jobified=0
Direct3D:
    Version:  Direct3D 11.0 [level 11.1]
    Renderer: NVIDIA GeForce RTX 4070 Ti SUPER (ID=0x2705)
    Vendor:   NVIDIA
    VRAM:     16061 MB
    Driver:   32.0.15.9186
Begin MonoManager ReloadAssembly
- Loaded All Assemblies, in  0.107 seconds
- Finished resetting the current domain, in  0.001 seconds
<RI> Initializing input.
<RI> Input initialized.
<RI> Initialized touch support.
[PhysX] Initialized MultithreadedTaskDispatcher with 16 workers.
UnloadTime: 0.611100 ms
Command line arguments: -screen-fullscreen 0 -screen-width 960 -screen-height 640 -savedatafolder=C:\Users\choco\AppData\Local\mapgen-ai-probe\profile-20260923-002815-144 -mapgenAIProbe=F:\Projects\Rimworld\active\mapgen_ai\docs\analysis\2026-09-23-chat-memory\maps-baseline-r2 -logFile F:\Projects\Rimworld\active\mapgen_ai\docs\analysis\2026-09-23-chat-memory\maps-baseline-r2\Player.log -mapgenAIProbeRender=true -mapgenAILandformSuite=F:\Projects\Rimworld\active\mapgen_ai\docs\analysis\2026-09-23-chat-memory\suite-input\cases.json -mapgenAILandformSample=0 -mapgenAILandformReplies=F:\Projects\Rimworld\active\mapgen_ai\docs\analysis\2026-09-23-chat-memory\suite-input
RimWorld 1.6.4871 rev591
Save data folder overridden to C:\Users\choco\AppData\Local\mapgen-ai-probe\profile-20260923-002815-144
Direct3D: detected that using refresh rate causes time drift. Will stop trusting refresh rate until the game window is moved.
Direct3D: detected that vsync is broken (it does not limit frame rate properly). Delta time will now be calculated using cpu-side time stampling until the game window is moved.
Mod Compendium Probe (test fixture) dependency (rucy74.compendium) needs to have <downloadUrl> and/or <steamWorkshopUrl> specified.
Mod Draconis Koelime Fix dependency (Draconis.Koelime) needs to have <downloadUrl> and/or <steamWorkshopUrl> specified.
Mod Draconis Koelime Fix dependency (brrainz.harmony) needs to have <downloadUrl> and/or <steamWorkshopUrl> specified.
Mod World Domination dependency (vanillaexpanded.outposts) needs to have <downloadUrl> and/or <steamWorkshopUrl> specified.
Mod World Domination dependency (oskarpotocki.vanillafactionsexpanded.core) needs to have <downloadUrl> and/or <steamWorkshopUrl> specified.
Mod World Domination dependency (brrainz.harmony) needs to have <downloadUrl> and/or <steamWorkshopUrl> specified.
Mod Paniel: The Hidden Protocol dependency (kalospacer.AhnDemi.PanieltheAutomata) needs to have <downloadUrl> and/or <steamWorkshopUrl> specified.
Mod Yuran Furshaved Continue has a dependency (RooAndGloomy.YuranRaceMod) with empty display name.
Mod Yuran Furshaved Continue dependency (RooAndGloomy.YuranRaceMod) needs to have <downloadUrl> and/or <steamWorkshopUrl> specified.
Mod Roren Facial Animation dependency (Po210.RorenRaceModOfficial) needs to have <downloadUrl> and/or <steamWorkshopUrl> specified.
Mod Ratkin Gene Expanded dependency (EoralMilk.PawnTextureOffsetAdjuster) needs to have <downloadUrl> and/or <steamWorkshopUrl> specified.
Mod Taste of Vanilla - The Alpha Mythology dependency (sarg.magicalmenagerie) needs to have <downloadUrl> and/or <steamWorkshopUrl> specified.
Tried loading mod with the same packageId multiple times: Owlchemist.MidSaverSaver. Ignoring the duplicates.
G:\SteamLibrary\steamapps\workshop\content\294100\2921585989
G:\SteamLibrary\steamapps\workshop\content\294100\3261311100
Fallback handler could not load library G:/SteamLibrary/steamapps/common/RimWorld/RimWorldWin64_Data/MonoBleedingEdge/data-000001E27B3831F0.dll
Fallback handler could not load library G:/SteamLibrary/steamapps/common/RimWorld/RimWorldWin64_Data/MonoBleedingEdge/data-000001E27B5E20A0.dll
Fallback handler could not load library G:/SteamLibrary/steamapps/common/RimWorld/RimWorldWin64_Data/MonoBleedingEdge/data-000001E27BB2A020.dll
[TrueTerrainColors v1.12.26] Extracted true colors from 384 terrain defs in 0.08 seconds.
Unloading 5 Unused Serialized files (Serialized files now loaded: 5)
Modifying the initial rand seed. Call PushState() first. The initial rand seed should always be based on the startup time and set only once.
[MapGenAI] 저장된 이미지 지형이 손상되어 복구했습니다. 확인 후 다시 적용하세요. / Invalid saved image terrain was repaired; review before applying.
[MapGenAI] 저장된 이미지 지형이 손상되어 복구했습니다. 확인 후 다시 적용하세요. / Invalid saved image terrain was repaired; review before applying.
Unloading 99 unused Assets to reduce memory usage. Loaded Objects now: 26506.
Total: 196.458900 ms (FindLiveObjects: 1.211500 ms CreateObjectMapping: 0.458700 ms MarkObjects: 194.531600 ms  DeleteObjects: 0.256700 ms)

Unloading 3 Unused Serialized files (Serialized files now loaded: 5)
[PhysX] Initialized MultithreadedTaskDispatcher with 16 workers.
UnloadTime: 0.932600 ms
Unloading 3 unused Assets to reduce memory usage. Loaded Objects now: 26699.
Total: 175.659800 ms (FindLiveObjects: 1.174100 ms CreateObjectMapping: 0.401000 ms MarkObjects: 174.045200 ms  DeleteObjects: 0.039000 ms)

Initializing new game with mods:
  - brrainz.harmony
  - Ludeon.RimWorld
  - Ludeon.RimWorld.Royalty
  - Ludeon.RimWorld.Ideology
  - Ludeon.RimWorld.Biotech
  - Ludeon.RimWorld.Anomaly
  - Ludeon.RimWorld.Odyssey
  - m00nl1ght.MapPreview
  - Choco.MapGenAI
  - choco.mapgenai.probe.20260923002815144
Direct3D: detected that using refresh rate causes time drift. Will stop trusting refresh rate until the game window is moved.
Direct3D: detected that vsync is broken (it does not limit frame rate properly). Delta time will now be calculated using cpu-side time stampling until the game window is moved.
[MapGenAI] Authored generation: Object reference not set to an instance of an object
Unloading 1 Unused Serialized files (Serialized files now loaded: 5)
[MapGenAI] Applied state to tile 10
[MapGenAI] Applied state to tile 10
[MapGenAI] HandleResponse 원문: {"action":"generate","description":"맵 중앙에서 교차하는 십자 모양 흙길","params":{"road_ops":[{"op":"add","road":{"id":"cross_road_h","kind":"DirtPath","route":"direct","points":[[0,0.5],[1,0.5]]}},{"op":"add","road":{"id":"cross_road_v","kind":"DirtPath","route":"direct","points":[[0.5,0],[0.5,1]]}}]}}
[MapGenAI] 파싱된 action: generate
[MapGenAI] Applied state to tile 10
[MapGenAI] Applied state to tile 10
[MapGenAI] Applied state to tile 10
[MapGenAI] Applied state to tile 10
[MapGenAI] 동물 밀도 적용: 1.13
[MapGenAI] Local road generation: 흙길 / Dirt path: 도로와 다리를 놓을 공간이 부족합니다. 다리로 건널 수 없는 물·용암·산·건물은 유지합니다. 경유점이나 경로를 조정하세요. / No supported road and bridge route; unbridgeable water, lava, mountains and buildings are preserved. Adjust the route or waypoints.
[MapGenAI] Applied state to tile 20
[MapGenAI] Applied state to tile 20
[MapGenAI] HandleResponse 원문: {"action":"generate","description":"맵 정중앙(0.5, 0.5)에서 정확히 교차하는 일자 십자 흙길","params":{"road_ops":[{"op":"update","id":"cross_road_h","changes":{"route":"direct","points":[[0,0.5],[1,0.5]]}},{"op":"update","id":"cross_road_v","changes":{"route":"direct","points":[[0.5,0],[0.5,1]]}}]}}
[MapGenAI] 파싱된 action: generate
[MapGenAI] Applied state to tile 20
[MapGenAI] Applied state to tile 20
[MapGenAI] 동물 밀도 적용: 1.13
[MapGenAI] Local road generation: 흙길 / Dirt path: 도로와 다리를 놓을 공간이 부족합니다. 다리로 건널 수 없는 물·용암·산·건물은 유지합니다. 경유점이나 경로를 조정하세요. / No supported road and bridge route; unbridgeable water, lava, mountains and buildings are preserved. Adjust the route or waypoints.
[MapGenAI] Applied state to tile 33
[MapGenAI] Applied state to tile 33
[MapGenAI] HandleResponse 원문: {"action":"generate","description":"북동쪽에 자연스러운 윤곽의 작은 호수 추가","params":{"shape_ops":[{"op":"add","shape":{"id":"ne_lake","type":"composite","edge_roughness":"medium","shapes":[{"id":"c1","prim":"circle","center":[0.75,0.75],"r":0.12}],"compose":[{"op":"add","s":"c1","fill":"water","e":0,"f":0.015}]}}]}}
[MapGenAI] 파싱된 action: generate
[MapGenAI] Applied state to tile 33
[MapGenAI] Applied state to tile 33
[MapGenAI] Applied state to tile 33
[MapGenAI] Applied state to tile 33
[MapGenAI] 동물 밀도 적용: 1.13
[MapGenAI] Local road generation: 흙길 / Dirt path: 도로와 다리를 놓을 공간이 부족합니다. 다리로 건널 수 없는 물·용암·산·건물은 유지합니다. 경유점이나 경로를 조정하세요. / No supported road and bridge route; unbridgeable water, lava, mountains and buildings are preserved. Adjust the route or waypoints.
[MapGenAI] Applied state to tile 36
[MapGenAI] Applied state to tile 36
[MapGenAI] HandleResponse 원문: {"action":"generate","description":"십자 길 두 개를 돌길로 변경","params":{"road_ops":[{"op":"update","id":"cross_road_h","changes":{"kind":"StoneRoad"}},{"op":"update","id":"cross_road_v","changes":{"kind":"StoneRoad"}}]}}
[MapGenAI] 파싱된 action: generate
[MapGenAI] Applied state to tile 36
[MapGenAI] Applied state to tile 36
[MapGenAI] Applied state to tile 36
[MapGenAI] Applied state to tile 36
[MapGenAI] 동물 밀도 적용: 1.13
[MapGenAI] Local road generation: 돌길 / Stone road: 도로와 다리를 놓을 공간이 부족합니다. 다리로 건널 수 없는 물·용암·산·건물은 유지합니다. 경유점이나 경로를 조정하세요. / No supported road and bridge route; unbridgeable water, lava, mountains and buildings are preserved. Adjust the route or waypoints.
[MapGenAI] Applied state to tile 68
[MapGenAI] Applied state to tile 68
[MapGenAI] HandleResponse 원문: {"action":"generate","description":"Add centered cross dirt paths","params":{"road_ops":[{"op":"add","road":{"id":"path_ns","kind":"DirtPath","route":"direct","points":[[0.5,1],[0.5,0]]}},{"op":"add","road":{"id":"path_we","kind":"DirtPath","route":"direct","points":[[0,0.5],[1,0.5]]}}]}}
[MapGenAI] 파싱된 action: generate
[MapGenAI] Applied state to tile 68
[MapGenAI] Applied state to tile 68
[MapGenAI] Applied state to tile 68
[MapGenAI] Applied state to tile 68
[MapGenAI] 동물 밀도 적용: 1.13
[MapGenAI] Local road generation: 흙길 / Dirt path: 도로와 다리를 놓을 공간이 부족합니다. 다리로 건널 수 없는 물·용암·산·건물은 유지합니다. 경유점이나 경로를 조정하세요. / No supported road and bridge route; unbridgeable water, lava, mountains and buildings are preserved. Adjust the route or waypoints.
[MapGenAI] Applied state to tile 115
[MapGenAI] Applied state to tile 115
[MapGenAI] HandleResponse 원문: {"action":"generate","description":"Ensure dirt paths form a perfect centered cross","params":{"road_ops":[{"op":"update","id":"path_ns","changes":{"points":[[0.5,1],[0.5,0]],"route":"direct"}},{"op":"update","id":"path_we","changes":{"points":[[0,0.5],[1,0.5]],"route":"direct"}}]}}
[MapGenAI] 파싱된 action: generate
[MapGenAI] Applied state to tile 115
[MapGenAI] Applied state to tile 115
[MapGenAI] 동물 밀도 적용: 1.13
[MapGenAI] Applied state to tile 120
[MapGenAI] Applied state to tile 120
[MapGenAI] HandleResponse 원문: {"action":"generate","description":"Add a small natural lake in the northeast","params":{"shape_ops":[{"op":"add","shape":{"id":"ne_lake","type":"composite","edge_roughness":"medium","shapes":[{"id":"lake_body","prim":"circle","center":[0.75,0.75],"r":0.12}],"compose":[{"op":"add","s":"lake_body","fill":"WaterShallow","e":0,"f":0.015}]}}]}}
[MapGenAI] 파싱된 action: generate
[MapGenAI] Applied state to tile 120
[MapGenAI] Applied state to tile 120
[MapGenAI] Applied state to tile 120
[MapGenAI] Applied state to tile 120
[MapGenAI] 동물 밀도 적용: 1.13
[MapGenAI] Local road generation: 흙길 / Dirt path: 도로와 다리를 놓을 공간이 부족합니다. 다리로 건널 수 없는 물·용암·산·건물은 유지합니다. 경유점이나 경로를 조정하세요. / No supported road and bridge route; unbridgeable water, lava, mountains and buildings are preserved. Adjust the route or waypoints.
[MapGenAI] Applied state to tile 122
[MapGenAI] Applied state to tile 122
[MapGenAI] HandleResponse 원문: {"action":"generate","description":"Change both cross dirt paths to stone roads","params":{"road_ops":[{"op":"update","id":"path_ns","changes":{"kind":"StoneRoad"}},{"op":"update","id":"path_we","changes":{"kind":"StoneRoad"}}]}}
[MapGenAI] 파싱된 action: generate
[MapGenAI] Applied state to tile 122
[MapGenAI] Applied state to tile 122
[MapGenAI] Applied state to tile 122
[MapGenAI] Applied state to tile 122
[MapGenAI] 동물 밀도 적용: 1.13
[MapGenAI] Local road generation: 돌길 / Stone road: 도로와 다리를 놓을 공간이 부족합니다. 다리로 건널 수 없는 물·용암·산·건물은 유지합니다. 경유점이나 경로를 조정하세요. / No supported road and bridge route; unbridgeable water, lava, mountains and buildings are preserved. Adjust the route or waypoints.
[MapGenAI] Applied state to tile 55
[MapGenAI] Applied state to tile 55
[MapGenAI] HandleResponse 원문: {"action":"generate","description":"맵 정중앙(0.5, 0.5)에서 정확히 교차하는 일자 십자 흙길","params":{"road_ops":[{"op":"update","id":"cross_road_h","changes":{"route":"direct","points":[[0,0.5],[1,0.5]]}},{"op":"update","id":"cross_road_v","changes":{"route":"direct","points":[[0.5,0],[0.5,1]]}}]}}
[MapGenAI] 파싱된 action: generate
[MapGenAI] Applied state to tile 55
[MapGenAI] Applied state to tile 55
[MapGenAI] 동물 밀도 적용: 1.13
[MapGenAI] Local road generation: 흙길 / Dirt path: 다리를 포함한 도로의 시작과 끝은 육지나 기존 다리에 두세요. / Road endpoints must be on land or an existing bridge.
[MapGenAI] Applied state to tile 10
[MapGenAI] 동물 밀도 적용: 1.13
[MapGenAI] Local road generation: 흙길 / Dirt path: 도로와 다리를 놓을 공간이 부족합니다. 다리로 건널 수 없는 물·용암·산·건물은 유지합니다. 경유점이나 경로를 조정하세요. / No supported road and bridge route; unbridgeable water, lava, mountains and buildings are preserved. Adjust the route or waypoints.
Unloading 1 unused Assets to reduce memory usage. Loaded Objects now: 80497.
Total: 392.957600 ms (FindLiveObjects: 3.795600 ms CreateObjectMapping: 3.239300 ms MarkObjects: 385.835100 ms  DeleteObjects: 0.087100 ms)

[MapGenAI] Applied state to tile 20
[MapGenAI] 동물 밀도 적용: 1.13
[MapGenAI] Local road generation: 흙길 / Dirt path: 도로와 다리를 놓을 공간이 부족합니다. 다리로 건널 수 없는 물·용암·산·건물은 유지합니다. 경유점이나 경로를 조정하세요. / No supported road and bridge route; unbridgeable water, lava, mountains and buildings are preserved. Adjust the route or waypoints.
[MapGenAI] Applied state to tile 33
[MapGenAI] 동물 밀도 적용: 1.13
[MapGenAI] Local road generation: 흙길 / Dirt path: 도로와 다리를 놓을 공간이 부족합니다. 다리로 건널 수 없는 물·용암·산·건물은 유지합니다. 경유점이나 경로를 조정하세요. / No supported road and bridge route; unbridgeable water, lava, mountains and buildings are preserved. Adjust the route or waypoints.
[MapGenAI] Applied state to tile 36
[MapGenAI] 동물 밀도 적용: 1.13
[MapGenAI] Local road generation: 돌길 / Stone road: 도로와 다리를 놓을 공간이 부족합니다. 다리로 건널 수 없는 물·용암·산·건물은 유지합니다. 경유점이나 경로를 조정하세요. / No supported road and bridge route; unbridgeable water, lava, mountains and buildings are preserved. Adjust the route or waypoints.
[MapGenAI] Applied state to tile 68
[MapGenAI] 동물 밀도 적용: 1.13
Exception filling window for LudeonTK.EditWindow_Log: System.InvalidOperationException: Collection was modified; enumeration operation may not execute.
[Ref 5C96376D]
  at System.Collections.Generic.Queue`1+Enumerator[T].MoveNext () [0x00013] in <51fded79cd284d4d911c5949aff4cb21>:0 
  at LudeonTK.EditWindow_Log.DoMessagesListing (UnityEngine.Rect listingRect) [0x001a8] in <61e4173561894da49d210260257b5097>:0 
  at LudeonTK.EditWindow_Log.DoWindowContents (UnityEngine.Rect inRect) [0x0026e] in <61e4173561894da49d210260257b5097>:0 
  at Verse.Window.InnerWindowOnGUI (System.Int32 x) [0x001a6] in <61e4173561894da49d210260257b5097>:0 
GUI Error: You are pushing more GUIClips than you are popping. Make sure they are balanced.
[MapGenAI] Local road generation: 흙길 / Dirt path: 도로와 다리를 놓을 공간이 부족합니다. 다리로 건널 수 없는 물·용암·산·건물은 유지합니다. 경유점이나 경로를 조정하세요. / No supported road and bridge route; unbridgeable water, lava, mountains and buildings are preserved. Adjust the route or waypoints.
[MapGenAI] Applied state to tile 115
[MapGenAI] 동물 밀도 적용: 1.13
[MapGenAI] Applied state to tile 120
[MapGenAI] 동물 밀도 적용: 1.13
[MapGenAI] Local road generation: 흙길 / Dirt path: 도로와 다리를 놓을 공간이 부족합니다. 다리로 건널 수 없는 물·용암·산·건물은 유지합니다. 경유점이나 경로를 조정하세요. / No supported road and bridge route; unbridgeable water, lava, mountains and buildings are preserved. Adjust the route or waypoints.
[MapGenAI] Applied state to tile 122
[MapGenAI] 동물 밀도 적용: 1.13
Exception filling window for LudeonTK.EditWindow_Log: System.InvalidOperationException: Collection was modified; enumeration operation may not execute.
[Ref 5C96376D] Duplicate stacktrace, see ref for original
GUI Error: You are pushing more GUIClips than you are popping. Make sure they are balanced.
[MapGenAI] Local road generation: 돌길 / Stone road: 도로와 다리를 놓을 공간이 부족합니다. 다리로 건널 수 없는 물·용암·산·건물은 유지합니다. 경유점이나 경로를 조정하세요. / No supported road and bridge route; unbridgeable water, lava, mountains and buildings are preserved. Adjust the route or waypoints.
[MapGenAI] Applied state to tile 55
[MapGenAI] 동물 밀도 적용: 1.13
[MapGenAI] Local road generation: 흙길 / Dirt path: 다리를 포함한 도로의 시작과 끝은 육지나 기존 다리에 두세요. / Road endpoints must be on land or an existing bridge.
Memory Statistics:
[ALLOC_TEMP_TLS] TLS Allocator
  StackAllocators : 
    [ALLOC_TEMP_MAIN]
      Peak usage frame count: [0-1.0 KB]: 27981 frames, [1.0 KB-2.0 KB]: 4 frames, [2.0 KB-4.0 KB]: 1406 frames, [4.0 KB-8.0 KB]: 9 frames, [8.0 KB-16.0 KB]: 1 frames, [16.0 KB-32.0 KB]: 15 frames, [64.0 KB-128.0 KB]: 2 frames, [128.0 KB-256.0 KB]: 1 frames, [2.0 MB-4.0 MB]: 3 frames, [4.0 MB-8.0 MB]: 1 frames
      Initial Block Size 4.0 MB
      Current Block Size 7.9 MB
      Peak Allocated Bytes 7.9 MB
      Overflow Count 8
    [ALLOC_TEMP_Loading.AsyncRead]
      Initial Block Size 64.0 KB
      Current Block Size 120.0 KB
      Peak Allocated Bytes 117.2 KB
      Overflow Count 0
    [ALLOC_TEMP_Loading.PreloadManager]
      Initial Block Size 256.0 KB
      Current Block Size 256.0 KB
      Peak Allocated Bytes 3.8 KB
      Overflow Count 8
    [ALLOC_TEMP_Background Job.Worker 8]
      Initial Block Size 32.0 KB
      Current Block Size 32.0 KB
      Peak Allocated Bytes 54 B
      Overflow Count 0
    [ALLOC_TEMP_Job.Worker 6]
      Initial Block Size 256.0 KB
      Current Block Size 256.0 KB
      Peak Allocated Bytes 176 B
      Overflow Count 0
    [ALLOC_TEMP_Job.Worker 0]
      Initial Block Size 256.0 KB
      Current Block Size 256.0 KB
      Peak Allocated Bytes 160 B
      Overflow Count 0
    [ALLOC_TEMP_Background Job.Worker 10]
      Initial Block Size 32.0 KB
      Current Block Size 32.0 KB
      Peak Allocated Bytes 54 B
      Overflow Count 0
    [ALLOC_TEMP_Background Job.Worker 9]
      Initial Block Size 32.0 KB
      Current Block Size 32.0 KB
      Peak Allocated Bytes 54 B
      Overflow Count 0
    [ALLOC_TEMP_Job.Worker 5]
      Initial Block Size 256.0 KB
      Current Block Size 256.0 KB
      Peak Allocated Bytes 176 B
      Overflow Count 0
    [ALLOC_TEMP_Background Job.Worker 14]
      Initial Block Size 32.0 KB
      Current Block Size 32.0 KB
      Peak Allocated Bytes 54 B
      Overflow Count 0
    [ALLOC_TEMP_Background Job.Worker 6]
      Initial Block Size 32.0 KB
      Current Block Size 32.0 KB
      Peak Allocated Bytes 54 B
      Overflow Count 0
    [ALLOC_TEMP_Job.Worker 4]
      Initial Block Size 256.0 KB
      Current Block Size 256.0 KB
      Peak Allocated Bytes 160 B
      Overflow Count 0
    [ALLOC_TEMP_Job.Worker 14]
      Initial Block Size 256.0 KB
      Current Block Size 256.0 KB
      Peak Allocated Bytes 160 B
      Overflow Count 0
    [ALLOC_TEMP_Job.Worker 3]
      Initial Block Size 256.0 KB
      Current Block Size 256.0 KB
      Peak Allocated Bytes 160 B
      Overflow Count 0
    [ALLOC_TEMP_Job.Worker 13]
      Initial Block Size 256.0 KB
      Current Block Size 256.0 KB
      Peak Allocated Bytes 160 B
      Overflow Count 0
    [ALLOC_TEMP_Background Job.Worker 12]
      Initial Block Size 32.0 KB
      Current Block Size 32.0 KB
      Peak Allocated Bytes 54 B
      Overflow Count 0
    [ALLOC_TEMP_EnlightenWorker] x 8
      Initial Block Size 64.0 KB
      Current Block Size 64.0 KB
      Peak Allocated Bytes 54 B
      Overflow Count 0
    [ALLOC_TEMP_Background Job.Worker 15]
      Initial Block Size 32.0 KB
      Current Block Size 32.0 KB
      Peak Allocated Bytes 54 B
      Overflow Count 0
    [ALLOC_TEMP_Background Job.Worker 1]
      Initial Block Size 32.0 KB
      Current Block Size 32.0 KB
      Peak Allocated Bytes 54 B
      Overflow Count 0
    [ALLOC_TEMP_Background Job.Worker 2]
      Initial Block Size 32.0 KB
      Current Block Size 32.0 KB
      Peak Allocated Bytes 54 B
      Overflow Count 0
    [ALLOC_TEMP_Background Job.Worker 7]
      Initial Block Size 32.0 KB
      Current Block Size 32.0 KB
      Peak Allocated Bytes 54 B
      Overflow Count 0
    [ALLOC_TEMP_UnityGfxDeviceWorker]
      Initial Block Size 256.0 KB
      Current Block Size 256.0 KB
      Peak Allocated Bytes 10.3 KB
      Overflow Count 0
    [ALLOC_TEMP_AssetGarbageCollectorHelper] x 15
      Initial Block Size 64.0 KB
      Current Block Size 64.0 KB
      Peak Allocated Bytes 138 B
      Overflow Count 0
    [ALLOC_TEMP_Background Job.Worker 5]
      Initial Block Size 32.0 KB
      Current Block Size 32.0 KB
      Peak Allocated Bytes 54 B
      Overflow Count 0
    [ALLOC_TEMP_Job.Worker 9]
      Initial Block Size 256.0 KB
      Current Block Size 256.0 KB
      Peak Allocated Bytes 160 B
      Overflow Count 0
    [ALLOC_TEMP_Background Job.Worker 13]
      Initial Block Size 32.0 KB
      Current Block Size 32.0 KB
      Peak Allocated Bytes 54 B
      Overflow Count 0
    [ALLOC_TEMP_Job.Worker 8]
      Initial Block Size 256.0 KB
      Current Block Size 256.0 KB
      Peak Allocated Bytes 176 B
      Overflow Count 0
    [ALLOC_TEMP_Job.Worker 7]
      Initial Block Size 256.0 KB
      Current Block Size 256.0 KB
      Peak Allocated Bytes 160 B
      Overflow Count 0
    [ALLOC_TEMP_Job.Worker 1]
      Initial Block Size 256.0 KB
      Current Block Size 256.0 KB
      Peak Allocated Bytes 507 B
      Overflow Count 0
    [ALLOC_TEMP_Job.Worker 2]
      Initial Block Size 256.0 KB
      Current Block Size 256.0 KB
      Peak Allocated Bytes 480 B
      Overflow Count 0
    [ALLOC_TEMP_Background Job.Worker 3]
      Initial Block Size 32.0 KB
      Current Block Size 32.0 KB
      Peak Allocated Bytes 54 B
      Overflow Count 0
    [ALLOC_TEMP_Background Job.Worker 11]
      Initial Block Size 32.0 KB
      Current Block Size 32.0 KB
      Peak Allocated Bytes 54 B
      Overflow Count 0
    [ALLOC_TEMP_Job.Worker 10]
      Initial Block Size 256.0 KB
      Current Block Size 256.0 KB
      Peak Allocated Bytes 160 B
      Overflow Count 0
    [ALLOC_TEMP_Background Job.Worker 0]
      Initial Block Size 32.0 KB
      Current Block Size 32.0 KB
      Peak Allocated Bytes 54 B
      Overflow Count 0
    [ALLOC_TEMP_Job.Worker 11]
      Initial Block Size 256.0 KB
      Current Block Size 256.0 KB
      Peak Allocated Bytes 160 B
      Overflow Count 0
    [ALLOC_TEMP_Job.Worker 12]
      Initial Block Size 256.0 KB
      Current Block Size 256.0 KB
      Peak Allocated Bytes 176 B
      Overflow Count 0
    [ALLOC_TEMP_Background Job.Worker 4]
      Initial Block Size 32.0 KB
      Current Block Size 32.0 KB
      Peak Allocated Bytes 54 B
      Overflow Count 0
    [ALLOC_TEMP_BatchDeleteObjects]
      Initial Block Size 64.0 KB
      Current Block Size 64.0 KB
      Peak Allocated Bytes 54 B
      Overflow Count 0
[ALLOC_DEFAULT] Dual Thread Allocator
  Peak main deferred allocation count 42552
    [ALLOC_BUCKET]
      Large Block size 4.0 MB
      Used Block count 1
      Peak Allocated bytes 4.0 MB
      Failed Allocations. Bucket layout:
        16B: 4 Subsections = 4096 buckets. Failed count: 32148
        32B: 34 Subsections = 17408 buckets. Failed count: 47667
        48B: 49 Subsections = 16725 buckets. Failed count: 86640
        64B: 40 Subsections = 10240 buckets. Failed count: 34360
        80B: 85 Subsections = 17408 buckets. Failed count: 24807
        96B: 28 Subsections = 4778 buckets. Failed count: 44099
        112B: 10 Subsections = 1462 buckets. Failed count: 11534
        128B: 6 Subsections = 768 buckets. Failed count: 8510
    [ALLOC_DEFAULT_MAIN]
      Peak usage frame count: [16.0 MB-32.0 MB]: 23349 frames, [32.0 MB-64.0 MB]: 1 frames, [128.0 MB-256.0 MB]: 4642 frames, [256.0 MB-0.50 GB]: 2 frames, [0.50 GB-1.00 GB]: 1429 frames
      Requested Block Size 16.0 MB
      Peak Block count 34
      Peak Allocated memory 0.54 GB
      Peak Large allocation bytes 19.9 MB
    [ALLOC_DEFAULT_THREAD]
      Peak usage frame count: [8.0 MB-16.0 MB]: 23700 frames, [16.0 MB-32.0 MB]: 69 frames, [32.0 MB-64.0 MB]: 4223 frames, [128.0 MB-256.0 MB]: 1431 frames
      Requested Block Size 16.0 MB
      Peak Block count 15
      Peak Allocated memory 210.2 MB
      Peak Large allocation bytes 10.0 MB
[ALLOC_TEMP_JOB_1_FRAME]
  Initial Block Size 2.0 MB
  Used Block Count 0
  Overflow Count (too large) 0
  Overflow Count (full) 0
[ALLOC_TEMP_JOB_2_FRAMES]
  Initial Block Size 2.0 MB
  Used Block Count 0
  Overflow Count (too large) 0
  Overflow Count (full) 0
[ALLOC_TEMP_JOB_4_FRAMES (JobTemp)]
  Initial Block Size 2.0 MB
  Used Block Count 1
  Overflow Count (too large) 0
  Overflow Count (full) 0
[ALLOC_TEMP_JOB_ASYNC (Background)]
  Initial Block Size 1.0 MB
  Used Block Count 1
  Overflow Count (too large) 0
  Overflow Count (full) 0
[ALLOC_GFX] Dual Thread Allocator
  Peak main deferred allocation count 20
    [ALLOC_BUCKET]
      Large Block size 4.0 MB
      Used Block count 1
      Peak Allocated bytes 4.0 MB
      Failed Allocations. Bucket layout:
        16B: 4 Subsections = 4096 buckets. Failed count: 32148
        32B: 34 Subsections = 17408 buckets. Failed count: 47667
        48B: 49 Subsections = 16725 buckets. Failed count: 86640
        64B: 40 Subsections = 10240 buckets. Failed count: 34360
        80B: 85 Subsections = 17408 buckets. Failed count: 24807
        96B: 28 Subsections = 4778 buckets. Failed count: 44099
        112B: 10 Subsections = 1462 buckets. Failed count: 11534
        128B: 6 Subsections = 768 buckets. Failed count: 8510
    [ALLOC_GFX_MAIN]
      Peak usage frame count: [64.0 KB-128.0 KB]: 1 frames, [2.0 MB-4.0 MB]: 27990 frames, [256.0 MB-0.50 GB]: 1432 frames
      Requested Block Size 16.0 MB
      Peak Block count 28
      Peak Allocated memory 433.7 MB
      Peak Large allocation bytes 383.6 MB
    [ALLOC_GFX_THREAD]
      Peak usage frame count: [0-1.0 KB]: 23477 frames, [1.0 KB-2.0 KB]: 4505 frames, [2.0 KB-4.0 KB]: 10 frames, [4.0 KB-8.0 KB]: 1 frames, [32.0 KB-64.0 KB]: 1430 frames
      Requested Block Size 16.0 MB
      Peak Block count 1
      Peak Allocated memory 38.4 KB
      Peak Large allocation bytes 0 B
[ALLOC_CACHEOBJECTS] Dual Thread Allocator
  Peak main deferred allocation count 109
    [ALLOC_BUCKET]
      Large Block size 4.0 MB
      Used Block count 1
      Peak Allocated bytes 4.0 MB
      Failed Allocations. Bucket layout:
        16B: 4 Subsections = 4096 buckets. Failed count: 32148
        32B: 34 Subsections = 17408 buckets. Failed count: 47667
        48B: 49 Subsections = 16725 buckets. Failed count: 86640
        64B: 40 Subsections = 10240 buckets. Failed count: 34360
        80B: 85 Subsections = 17408 buckets. Failed count: 24807
        96B: 28 Subsections = 4778 buckets. Failed count: 44099
        112B: 10 Subsections = 1462 buckets. Failed count: 11534
        128B: 6 Subsections = 768 buckets. Failed count: 8510
    [ALLOC_CACHEOBJECTS_MAIN]
      Peak usage frame count: [4.0 MB-8.0 MB]: 1 frames, [8.0 MB-16.0 MB]: 23349 frames, [16.0 MB-32.0 MB]: 6073 frames
      Requested Block Size 4.0 MB
      Peak Block count 5
      Peak Allocated memory 17.2 MB
      Peak Large allocation bytes 0 B
    [ALLOC_CACHEOBJECTS_THREAD]
      Peak usage frame count: [4.0 KB-8.0 KB]: 27142 frames, [32.0 KB-64.0 KB]: 1 frames, [64.0 KB-128.0 KB]: 2277 frames, [256.0 KB-0.5 MB]: 2 frames, [0.5 MB-1.0 MB]: 1 frames
      Requested Block Size 4.0 MB
      Peak Block count 1
      Peak Allocated memory 0.6 MB
      Peak Large allocation bytes 0 B
[ALLOC_TYPETREE] Dual Thread Allocator
  Peak main deferred allocation count 0
    [ALLOC_BUCKET]
      Large Block size 4.0 MB
      Used Block count 1
      Peak Allocated bytes 4.0 MB
      Failed Allocations. Bucket layout:
        16B: 4 Subsections = 4096 buckets. Failed count: 32148
        32B: 34 Subsections = 17408 buckets. Failed count: 47667
        48B: 49 Subsections = 16725 buckets. Failed count: 86640
        64B: 40 Subsections = 10240 buckets. Failed count: 34360
        80B: 85 Subsections = 17408 buckets. Failed count: 24807
        96B: 28 Subsections = 4778 buckets. Failed count: 44099
        112B: 10 Subsections = 1462 buckets. Failed count: 11534
        128B: 6 Subsections = 768 buckets. Failed count: 8510
    [ALLOC_TYPETREE_MAIN]
      Peak usage frame count: [4.0 KB-8.0 KB]: 1 frames, [8.0 KB-16.0 KB]: 23349 frames, [32.0 KB-64.0 KB]: 6073 frames
      Requested Block Size 2.0 MB
      Peak Block count 1
      Peak Allocated memory 49.8 KB
      Peak Large allocation bytes 0 B
    [ALLOC_TYPETREE_THREAD]
      Peak usage frame count: [0-1.0 KB]: 29423 frames
      Requested Block Size 2.0 MB
      Peak Block count 0
      Peak Allocated memory 0 B
      Peak Large allocation bytes 0 B
