Mono path[0] = 'G:/SteamLibrary/steamapps/common/RimWorld/RimWorldWin64_Data/Managed'
Mono config path = 'G:/SteamLibrary/steamapps/common/RimWorld/MonoBleedingEdge/etc'
[PhysX] Initialized MultithreadedTaskDispatcher with 16 workers.
Initialize engine version: 2022.3.35f1 (011206c7a712)
[Subsystems] Discovering subsystems at path G:/SteamLibrary/steamapps/common/RimWorld/RimWorldWin64_Data/UnitySubsystems
GfxDevice: creating device client; threaded=1; jobified=0
Direct3D:
    Version:  Direct3D 11.0 [level 11.1]
    Renderer: NVIDIA GeForce RTX 4070 Ti SUPER (ID=0x2705)
    Vendor:   NVIDIA
    VRAM:     16061 MB
    Driver:   32.0.15.9186
Begin MonoManager ReloadAssembly
- Loaded All Assemblies, in  0.079 seconds
- Finished resetting the current domain, in  0.001 seconds
<RI> Initializing input.
<RI> Input initialized.
<RI> Initialized touch support.
[PhysX] Initialized MultithreadedTaskDispatcher with 16 workers.
UnloadTime: 0.531400 ms
Command line arguments: -screen-fullscreen 0 -screen-width 960 -screen-height 640 -savedatafolder=C:\Users\choco\AppData\Local\mapgen-ai-probe\profile-20260922-011056-335 -mapgenAIProbe=F:\Projects\Rimworld\active\mapgen_ai\docs\analysis\2026-09-22-road-bridges\provider-native-ko -logFile F:\Projects\Rimworld\active\mapgen_ai\docs\analysis\2026-09-22-road-bridges\provider-native-ko\Player.log -mapgenAIProbeRender=true -mapgenAILandformSuite=F:\Projects\Rimworld\active\mapgen_ai\docs\analysis\2026-09-22-road-bridges\provider-replay-ko.json -mapgenAILandformSample=0 -mapgenAILandformReplies=F:\Projects\Rimworld\active\mapgen_ai\docs\analysis\2026-09-22-road-bridges\provider-ko
RimWorld 1.6.4871 rev591
Save data folder overridden to C:\Users\choco\AppData\Local\mapgen-ai-probe\profile-20260922-011056-335
Direct3D: detected that using refresh rate causes time drift. Will stop trusting refresh rate until the game window is moved.
Direct3D: detected that vsync is broken (it does not limit frame rate properly). Delta time will now be calculated using cpu-side time stampling until the game window is moved.
Mod Compendium Probe (test fixture) dependency (rucy74.compendium) needs to have <downloadUrl> and/or <steamWorkshopUrl> specified.
Mod Draconis Koelime Fix dependency (Draconis.Koelime) needs to have <downloadUrl> and/or <steamWorkshopUrl> specified.
Mod Draconis Koelime Fix dependency (brrainz.harmony) needs to have <downloadUrl> and/or <steamWorkshopUrl> specified.
Mod World Domination dependency (vanillaexpanded.outposts) needs to have <downloadUrl> and/or <steamWorkshopUrl> specified.
Mod World Domination dependency (oskarpotocki.vanillafactionsexpanded.core) needs to have <downloadUrl> and/or <steamWorkshopUrl> specified.
Mod World Domination dependency (brrainz.harmony) needs to have <downloadUrl> and/or <steamWorkshopUrl> specified.
Mod Paniel: The Hidden Protocol dependency (kalospacer.AhnDemi.PanieltheAutomata) needs to have <downloadUrl> and/or <steamWorkshopUrl> specified.
Mod Yuran Furshaved Continue has a dependency (RooAndGloomy.YuranRaceMod) with empty display name.
Mod Yuran Furshaved Continue dependency (RooAndGloomy.YuranRaceMod) needs to have <downloadUrl> and/or <steamWorkshopUrl> specified.
Mod Roren Facial Animation dependency (Po210.RorenRaceModOfficial) needs to have <downloadUrl> and/or <steamWorkshopUrl> specified.
Mod Ratkin Gene Expanded dependency (EoralMilk.PawnTextureOffsetAdjuster) needs to have <downloadUrl> and/or <steamWorkshopUrl> specified.
Mod Taste of Vanilla - The Alpha Mythology dependency (sarg.magicalmenagerie) needs to have <downloadUrl> and/or <steamWorkshopUrl> specified.
Tried loading mod with the same packageId multiple times: Owlchemist.MidSaverSaver. Ignoring the duplicates.
G:\SteamLibrary\steamapps\workshop\content\294100\2921585989
G:\SteamLibrary\steamapps\workshop\content\294100\3261311100
Fallback handler could not load library G:/SteamLibrary/steamapps/common/RimWorld/RimWorldWin64_Data/MonoBleedingEdge/data-0000022AC57F4010.dll
Fallback handler could not load library G:/SteamLibrary/steamapps/common/RimWorld/RimWorldWin64_Data/MonoBleedingEdge/data-0000022B14AF5110.dll
Fallback handler could not load library G:/SteamLibrary/steamapps/common/RimWorld/RimWorldWin64_Data/MonoBleedingEdge/data-0000022B1620D020.dll
[TrueTerrainColors v1.12.26] Extracted true colors from 384 terrain defs in 0.03 seconds.
Unloading 5 Unused Serialized files (Serialized files now loaded: 5)
Modifying the initial rand seed. Call PushState() first. The initial rand seed should always be based on the startup time and set only once.
[MapGenAI] 저장된 이미지 지형이 손상되어 복구했습니다. 확인 후 다시 적용하세요. / Invalid saved image terrain was repaired; review before applying.
[MapGenAI] 저장된 이미지 지형이 손상되어 복구했습니다. 확인 후 다시 적용하세요. / Invalid saved image terrain was repaired; review before applying.
Unloading 99 unused Assets to reduce memory usage. Loaded Objects now: 26506.
Total: 159.731400 ms (FindLiveObjects: 1.043700 ms CreateObjectMapping: 0.558800 ms MarkObjects: 157.894000 ms  DeleteObjects: 0.234200 ms)

Unloading 3 Unused Serialized files (Serialized files now loaded: 5)
[PhysX] Initialized MultithreadedTaskDispatcher with 16 workers.
UnloadTime: 0.691900 ms
Unloading 3 unused Assets to reduce memory usage. Loaded Objects now: 26699.
Total: 138.898700 ms (FindLiveObjects: 1.054700 ms CreateObjectMapping: 0.274100 ms MarkObjects: 137.532100 ms  DeleteObjects: 0.037500 ms)

Initializing new game with mods:
  - brrainz.harmony
  - Ludeon.RimWorld
  - Ludeon.RimWorld.Royalty
  - Ludeon.RimWorld.Ideology
  - Ludeon.RimWorld.Biotech
  - Ludeon.RimWorld.Anomaly
  - Ludeon.RimWorld.Odyssey
  - m00nl1ght.MapPreview
  - choco.mapgenai.probe.20260922011056335
Direct3D: detected that using refresh rate causes time drift. Will stop trusting refresh rate until the game window is moved.
Direct3D: detected that vsync is broken (it does not limit frame rate properly). Delta time will now be calculated using cpu-side time stampling until the game window is moved.
[MapGenAI] Authored generation: Object reference not set to an instance of an object
Unloading 1 Unused Serialized files (Serialized files now loaded: 5)
[MapGenAI] Applied state to tile 55
[MapGenAI] Applied state to tile 55
[MapGenAI] HandleResponse 원문: {"action":"generate","description":"서쪽에서 동쪽 끝까지 강을 건너는 흙길을 추가했습니다. 강 구간에는 나무 다리가 자동으로 연결됩니다.","params":{"road_ops":[{"op":"add","road":{"id":"east_west_dirt_path","kind":"DirtPath","route":"direct","points":[[0,0.5],[1,0.5]]}}]}}
[MapGenAI] 파싱된 action: generate
[MapGenAI] Applied state to tile 55
[MapGenAI] Applied state to tile 55
[MapGenAI] Applied state to tile 55
[MapGenAI] Applied state to tile 55
[MapGenAI] Applied state to tile 55
Unloading 1 unused Assets to reduce memory usage. Loaded Objects now: 33218.
Total: 173.114800 ms (FindLiveObjects: 1.357800 ms CreateObjectMapping: 0.386600 ms MarkObjects: 171.327100 ms  DeleteObjects: 0.043100 ms)

