Mono path[0] = 'G:/SteamLibrary/steamapps/common/RimWorld/RimWorldWin64_Data/Managed'
Mono config path = 'G:/SteamLibrary/steamapps/common/RimWorld/MonoBleedingEdge/etc'
[PhysX] Initialized MultithreadedTaskDispatcher with 16 workers.
Initialize engine version: 2022.3.35f1 (011206c7a712)
[Subsystems] Discovering subsystems at path G:/SteamLibrary/steamapps/common/RimWorld/RimWorldWin64_Data/UnitySubsystems
GfxDevice: creating device client; threaded=0; jobified=0
Direct3D:
    Version:  Direct3D 11.0 [level 11.1]
    Renderer: NVIDIA GeForce RTX 4070 Ti SUPER (ID=0x2705)
    Vendor:   NVIDIA
    VRAM:     16061 MB
    Driver:   32.0.15.9186
Begin MonoManager ReloadAssembly
- Loaded All Assemblies, in  0.083 seconds
- Finished resetting the current domain, in  0.001 seconds
[PhysX] Initialized MultithreadedTaskDispatcher with 16 workers.
UnloadTime: 0.717500 ms
Command line arguments: -batchmode -screen-fullscreen 0 -screen-width 960 -screen-height 640 -savedatafolder=C:\Users\choco\AppData\Local\mapgen-ai-probe\profile-20260919-172058-388 -mapgenAIProbe=F:\Projects\Rimworld\active\mapgen_ai\docs\analysis\2026-09-19-landform-recipes\native-r1-ko -logFile F:\Projects\Rimworld\active\mapgen_ai\docs\analysis\2026-09-19-landform-recipes\native-r1-ko\Player.log -mapgenAILandformSuite=F:\Projects\Rimworld\active\mapgen_ai\docs\analysis\2026-09-19-landform-recipes\provider-r1-ko\cases.json -mapgenAILandformSample=0 -mapgenAILandformReplies=F:\Projects\Rimworld\active\mapgen_ai\docs\analysis\2026-09-19-landform-recipes\provider-r1-ko
RimWorld 1.6.4871 rev591
Save data folder overridden to C:\Users\choco\AppData\Local\mapgen-ai-probe\profile-20260919-172058-388
Mod Draconis Koelime Fix dependency (Draconis.Koelime) needs to have <downloadUrl> and/or <steamWorkshopUrl> specified.
Mod Draconis Koelime Fix dependency (brrainz.harmony) needs to have <downloadUrl> and/or <steamWorkshopUrl> specified.
Mod World Domination dependency (vanillaexpanded.outposts) needs to have <downloadUrl> and/or <steamWorkshopUrl> specified.
Mod World Domination dependency (oskarpotocki.vanillafactionsexpanded.core) needs to have <downloadUrl> and/or <steamWorkshopUrl> specified.
Mod World Domination dependency (brrainz.harmony) needs to have <downloadUrl> and/or <steamWorkshopUrl> specified.
Mod Paniel: The Hidden Protocol dependency (kalospacer.AhnDemi.PanieltheAutomata) needs to have <downloadUrl> and/or <steamWorkshopUrl> specified.
Mod Yuran Furshaved Continue has a dependency (RooAndGloomy.YuranRaceMod) with empty display name.
Mod Yuran Furshaved Continue dependency (RooAndGloomy.YuranRaceMod) needs to have <downloadUrl> and/or <steamWorkshopUrl> specified.
Mod Roren Facial Animation dependency (Po210.RorenRaceModOfficial) needs to have <downloadUrl> and/or <steamWorkshopUrl> specified.
Mod Ratkin Gene Expanded dependency (EoralMilk.PawnTextureOffsetAdjuster) needs to have <downloadUrl> and/or <steamWorkshopUrl> specified.
Mod Taste of Vanilla - The Alpha Mythology dependency (sarg.magicalmenagerie) needs to have <downloadUrl> and/or <steamWorkshopUrl> specified.
Tried loading mod with the same packageId multiple times: Owlchemist.MidSaverSaver. Ignoring the duplicates.
G:\SteamLibrary\steamapps\workshop\content\294100\2921585989
G:\SteamLibrary\steamapps\workshop\content\294100\3261311100
Fallback handler could not load library G:/SteamLibrary/steamapps/common/RimWorld/RimWorldWin64_Data/MonoBleedingEdge/data-0000022E33F9F020.dll
Fallback handler could not load library G:/SteamLibrary/steamapps/common/RimWorld/RimWorldWin64_Data/MonoBleedingEdge/data-0000022E341111B0.dll
Fallback handler could not load library G:/SteamLibrary/steamapps/common/RimWorld/RimWorldWin64_Data/MonoBleedingEdge/data-0000022E34BE6030.dll
[TrueTerrainColors v1.12.26] Extracted true colors from 384 terrain defs in 0.03 seconds.
Unloading 5 Unused Serialized files (Serialized files now loaded: 5)
Modifying the initial rand seed. Call PushState() first. The initial rand seed should always be based on the startup time and set only once.
[MapGenAI] 저장된 이미지 지형이 손상되어 복구했습니다. 확인 후 다시 적용하세요. / Invalid saved image terrain was repaired; review before applying.
[MapGenAI] 저장된 이미지 지형이 손상되어 복구했습니다. 확인 후 다시 적용하세요. / Invalid saved image terrain was repaired; review before applying.
Unloading 99 unused Assets to reduce memory usage. Loaded Objects now: 26487.
Total: 165.653100 ms (FindLiveObjects: 1.091400 ms CreateObjectMapping: 0.338100 ms MarkObjects: 163.923500 ms  DeleteObjects: 0.299600 ms)

Unloading 3 Unused Serialized files (Serialized files now loaded: 5)
[PhysX] Initialized MultithreadedTaskDispatcher with 16 workers.
UnloadTime: 1.606100 ms
Unloading 3 unused Assets to reduce memory usage. Loaded Objects now: 26666.
Total: 144.760400 ms (FindLiveObjects: 1.142800 ms CreateObjectMapping: 0.281900 ms MarkObjects: 143.293400 ms  DeleteObjects: 0.042000 ms)

Initializing new game with mods:
  - brrainz.harmony
  - Ludeon.RimWorld
  - Ludeon.RimWorld.Royalty
  - Ludeon.RimWorld.Ideology
  - Ludeon.RimWorld.Biotech
  - Ludeon.RimWorld.Anomaly
  - Ludeon.RimWorld.Odyssey
  - m00nl1ght.MapPreview
  - choco.mapgenai.probe.20260919172058388
[MapGenAI] Authored generation: Object reference not set to an instance of an object
Unloading 1 Unused Serialized files (Serialized files now loaded: 5)
[MapGenAI] Applied state to tile 10
[MapGenAI] Applied state to tile 10
[MapGenAI] HandleResponse 원문: {"action":"generate","description":"중앙에 남쪽 출구가 있는 자연스러운 분지, 마른 평지 바닥, 70% 비옥토 및 폐허 2개 생성","params":{"shape_ops":[{"op":"add","shape":{"id":"basin_floor","type":"composite","shapes":[{"id":"floor","prim":"circle","center":[0.5,0.5],"r":0.24}],"compose":[{"op":"add","s":"floor","fill":"Soil","e":0.05,"f":0.01}]}},{"op":"add","shape":{"id":"basin_mountain","type":"composite","edge_roughness":"medium","shapes":[{"id":"outer","prim":"circle","center":[0.5,0.5],"r":0.35},{"id":"inner","prim":"circle","center":[0.5,0.5],"r":0.2}],"compose":[{"op":"sub","a":"inner","from":"outer","out":"ring"},{"op":"add","s":"ring","e":0.85}]}},{"op":"add","shape":{"id":"south_pass","type":"passage","points":[[0.5,0.5],[0.5,0]],"width":8,"scope":"mountains","fill":"Soil"}},{"op":"add","shape":{"id":"basin_fertile_soil","type":"region_fill","region":"basin_mountain","region_part":"enclosed","coverage":0.7,"fill":"SoilRich"}}],"structure_ops":[{"op":"add","structure":{"id":"basin_ruins","kind":"ruin","region":"basin_mountain","region_part":"enclosed","width":9,"height":7,"count":2}}]}}
[MapGenAI] 파싱된 action: generate
[MapGenAI] Applied state to tile 10
[MapGenAI] Applied state to tile 10
[MapGenAI] Applied state to tile 10
[MapGenAI] Applied state to tile 10
[MapGenAI] Applied state to tile 20
[MapGenAI] Applied state to tile 20
[MapGenAI] HandleResponse 원문: {"action":"generate","description":"분지 안쪽 평지 확장 (내부 바닥 반경 0.28, 산 안쪽 반경 0.25)","params":{"shape_ops":[{"op":"update","id":"basin_floor","changes":{"shapes":[{"id":"floor","prim":"circle","center":[0.5,0.5],"r":0.28}]}},{"op":"update","id":"basin_mountain","changes":{"shapes":[{"id":"outer","prim":"circle","center":[0.5,0.5],"r":0.35},{"id":"inner","prim":"circle","center":[0.5,0.5],"r":0.25}]}}]}}
[MapGenAI] 파싱된 action: generate
[MapGenAI] Applied state to tile 20
[MapGenAI] Applied state to tile 20
[MapGenAI] Applied state to tile 20
[MapGenAI] Applied state to tile 20
[MapGenAI] Applied state to tile 33
[MapGenAI] Applied state to tile 33
[MapGenAI] HandleResponse 원문: {
  "action": "generate",
  "description": "분지 지형과 내부 바닥, 출구를 오른쪽으로 8% 이동",
  "params": {
    "shape_ops": [
      {
        "op": "move",
        "id": "basin_mountain",
        "position": [0.58, 0.5]
      },
      {
        "op": "move",
        "id": "basin_floor",
        "position": [0.58, 0.5]
      },
      {
        "op": "update",
        "id": "south_pass",
        "changes": {
          "points": [
            [0.58, 0.5],
            [0.58, 0.0]
          ]
        }
      }
    ]
  }
}
[MapGenAI] 파싱된 action: generate
[MapGenAI] Applied state to tile 33
[MapGenAI] Applied state to tile 33
[MapGenAI] Applied state to tile 33
[MapGenAI] Applied state to tile 33
[MapGenAI] Applied state to tile 36
[MapGenAI] Applied state to tile 36
[MapGenAI] HandleResponse 원문: {
  "action": "generate",
  "description": "남쪽 출구를 닫고 동쪽으로 통로를 변경합니다.",
  "params": {
    "shape_ops": [
      {
        "op": "update",
        "id": "south_pass",
        "changes": {
          "points": [
            [0.58, 0.5],
            [1.0, 0.5]
          ]
        }
      }
    ]
  }
}
[MapGenAI] 파싱된 action: generate
[MapGenAI] Applied state to tile 36
[MapGenAI] Applied state to tile 36
[MapGenAI] Applied state to tile 36
[MapGenAI] Applied state to tile 36
[MapGenAI] Applied state to tile 68
[MapGenAI] Applied state to tile 68
[MapGenAI] HandleResponse 원문: {"action":"generate","description":"동쪽 출구 폭 12칸으로 확장","params":{"shape_ops":[{"op":"update","id":"south_pass","changes":{"width":12}}]}}
[MapGenAI] 파싱된 action: generate
[MapGenAI] Applied state to tile 68
[MapGenAI] Applied state to tile 68
[MapGenAI] Applied state to tile 68
[MapGenAI] Applied state to tile 68
[MapGenAI] Applied state to tile 115
[MapGenAI] Applied state to tile 115
[MapGenAI] HandleResponse 원문: {
  "action": "generate",
  "description": "분지 내부 비옥한 토양 면적 50%로 변경",
  "params": {
    "shape_ops": [
      {
        "op": "update",
        "id": "basin_fertile_soil",
        "changes": {
          "coverage": 0.5
        }
      }
    ]
  }
}
[MapGenAI] 파싱된 action: generate
[MapGenAI] Applied state to tile 115
[MapGenAI] Applied state to tile 115
[MapGenAI] Applied state to tile 115
[MapGenAI] Applied state to tile 115
[MapGenAI] Applied state to tile 120
[MapGenAI] Applied state to tile 120
[MapGenAI] HandleResponse 원문: {
  "action": "generate",
  "description": "동쪽 출구를 닫아 완전히 둘러싸인 칼데라로 변경",
  "params": {
    "shape_ops": [
      {
        "op": "remove",
        "id": "south_pass"
      }
    ]
  }
}
[MapGenAI] 파싱된 action: generate
[MapGenAI] Applied state to tile 120
[MapGenAI] Applied state to tile 120
[MapGenAI] Applied state to tile 120
[MapGenAI] Applied state to tile 120
[MapGenAI] Applied state to tile 10
[MapGenAI] Applied state to tile 36
Unloading 1 unused Assets to reduce memory usage. Loaded Objects now: 66154.
Total: 292.347000 ms (FindLiveObjects: 5.616000 ms CreateObjectMapping: 2.558300 ms MarkObjects: 284.088600 ms  DeleteObjects: 0.083600 ms)

Resolution too small (0x0), resetting UI scale to 1.
[MapGenAI] Applied state to tile 120
Memory Statistics:
[ALLOC_TEMP_TLS] TLS Allocator
  StackAllocators : 
    [ALLOC_TEMP_MAIN]
      Peak usage frame count: [0-1.0 KB]: 622 frames, [1.0 KB-2.0 KB]: 1 frames, [2.0 KB-4.0 KB]: 1 frames, [8.0 KB-16.0 KB]: 2 frames, [16.0 KB-32.0 KB]: 1 frames, [32.0 KB-64.0 KB]: 1 frames, [128.0 KB-256.0 KB]: 1 frames, [2.0 MB-4.0 MB]: 3 frames, [4.0 MB-8.0 MB]: 1 frames
      Initial Block Size 4.0 MB
      Current Block Size 7.8 MB
      Peak Allocated Bytes 7.8 MB
      Overflow Count 5
    [ALLOC_TEMP_Loading.AsyncRead]
      Initial Block Size 64.0 KB
      Current Block Size 120.0 KB
      Peak Allocated Bytes 117.2 KB
      Overflow Count 0
    [ALLOC_TEMP_Loading.PreloadManager]
      Initial Block Size 256.0 KB
      Current Block Size 256.0 KB
      Peak Allocated Bytes 3.8 KB
      Overflow Count 8
    [ALLOC_TEMP_Background Job.Worker 8]
      Initial Block Size 32.0 KB
      Current Block Size 32.0 KB
      Peak Allocated Bytes 54 B
      Overflow Count 0
    [ALLOC_TEMP_Job.Worker 6]
      Initial Block Size 256.0 KB
      Current Block Size 256.0 KB
      Peak Allocated Bytes 0 B
      Overflow Count 0
    [ALLOC_TEMP_Job.Worker 0]
      Initial Block Size 256.0 KB
      Current Block Size 256.0 KB
      Peak Allocated Bytes 0 B
      Overflow Count 0
    [ALLOC_TEMP_Background Job.Worker 10]
      Initial Block Size 32.0 KB
      Current Block Size 32.0 KB
      Peak Allocated Bytes 54 B
      Overflow Count 0
    [ALLOC_TEMP_Background Job.Worker 9]
      Initial Block Size 32.0 KB
      Current Block Size 32.0 KB
      Peak Allocated Bytes 54 B
      Overflow Count 0
    [ALLOC_TEMP_Job.Worker 5]
      Initial Block Size 256.0 KB
      Current Block Size 256.0 KB
      Peak Allocated Bytes 0 B
      Overflow Count 0
    [ALLOC_TEMP_Background Job.Worker 14]
      Initial Block Size 32.0 KB
      Current Block Size 32.0 KB
      Peak Allocated Bytes 54 B
      Overflow Count 0
    [ALLOC_TEMP_Background Job.Worker 6]
      Initial Block Size 32.0 KB
      Current Block Size 32.0 KB
      Peak Allocated Bytes 54 B
      Overflow Count 0
    [ALLOC_TEMP_Job.Worker 4]
      Initial Block Size 256.0 KB
      Current Block Size 256.0 KB
      Peak Allocated Bytes 16 B
      Overflow Count 0
    [ALLOC_TEMP_Job.Worker 14]
      Initial Block Size 256.0 KB
      Current Block Size 256.0 KB
      Peak Allocated Bytes 54 B
      Overflow Count 0
    [ALLOC_TEMP_Job.Worker 3]
      Initial Block Size 256.0 KB
      Current Block Size 256.0 KB
      Peak Allocated Bytes 288 B
      Overflow Count 0
    [ALLOC_TEMP_Job.Worker 13]
      Initial Block Size 256.0 KB
      Current Block Size 256.0 KB
      Peak Allocated Bytes 54 B
      Overflow Count 0
    [ALLOC_TEMP_Background Job.Worker 12]
      Initial Block Size 32.0 KB
      Current Block Size 32.0 KB
      Peak Allocated Bytes 54 B
      Overflow Count 0
    [ALLOC_TEMP_EnlightenWorker] x 8
      Initial Block Size 64.0 KB
      Current Block Size 64.0 KB
      Peak Allocated Bytes 54 B
      Overflow Count 0
    [ALLOC_TEMP_Background Job.Worker 15]
      Initial Block Size 32.0 KB
      Current Block Size 32.0 KB
      Peak Allocated Bytes 54 B
      Overflow Count 0
    [ALLOC_TEMP_Background Job.Worker 1]
      Initial Block Size 32.0 KB
      Current Block Size 32.0 KB
      Peak Allocated Bytes 54 B
      Overflow Count 0
    [ALLOC_TEMP_Background Job.Worker 2]
      Initial Block Size 32.0 KB
      Current Block Size 32.0 KB
      Peak Allocated Bytes 54 B
      Overflow Count 0
    [ALLOC_TEMP_Background Job.Worker 7]
      Initial Block Size 32.0 KB
      Current Block Size 32.0 KB
      Peak Allocated Bytes 54 B
      Overflow Count 0
    [ALLOC_TEMP_AssetGarbageCollectorHelper] x 15
      Initial Block Size 64.0 KB
      Current Block Size 64.0 KB
      Peak Allocated Bytes 138 B
      Overflow Count 0
    [ALLOC_TEMP_Background Job.Worker 5]
      Initial Block Size 32.0 KB
      Current Block Size 32.0 KB
      Peak Allocated Bytes 54 B
      Overflow Count 0
    [ALLOC_TEMP_Job.Worker 9]
      Initial Block Size 256.0 KB
      Current Block Size 256.0 KB
      Peak Allocated Bytes 0 B
      Overflow Count 0
    [ALLOC_TEMP_Background Job.Worker 13]
      Initial Block Size 32.0 KB
      Current Block Size 32.0 KB
      Peak Allocated Bytes 54 B
      Overflow Count 0
    [ALLOC_TEMP_Job.Worker 8]
      Initial Block Size 256.0 KB
      Current Block Size 256.0 KB
      Peak Allocated Bytes 0 B
      Overflow Count 0
    [ALLOC_TEMP_Job.Worker 7]
      Initial Block Size 256.0 KB
      Current Block Size 256.0 KB
      Peak Allocated Bytes 0 B
      Overflow Count 0
    [ALLOC_TEMP_Job.Worker 1]
      Initial Block Size 256.0 KB
      Current Block Size 256.0 KB
      Peak Allocated Bytes 507 B
      Overflow Count 0
    [ALLOC_TEMP_Job.Worker 2]
      Initial Block Size 256.0 KB
      Current Block Size 256.0 KB
      Peak Allocated Bytes 480 B
      Overflow Count 0
    [ALLOC_TEMP_Background Job.Worker 3]
      Initial Block Size 32.0 KB
      Current Block Size 32.0 KB
      Peak Allocated Bytes 54 B
      Overflow Count 0
    [ALLOC_TEMP_Background Job.Worker 11]
      Initial Block Size 32.0 KB
      Current Block Size 32.0 KB
      Peak Allocated Bytes 54 B
      Overflow Count 0
    [ALLOC_TEMP_Job.Worker 10]
      Initial Block Size 256.0 KB
      Current Block Size 256.0 KB
      Peak Allocated Bytes 54 B
      Overflow Count 0
    [ALLOC_TEMP_Background Job.Worker 0]
      Initial Block Size 32.0 KB
      Current Block Size 32.0 KB
      Peak Allocated Bytes 54 B
      Overflow Count 0
    [ALLOC_TEMP_Job.Worker 11]
      Initial Block Size 256.0 KB
      Current Block Size 256.0 KB
      Peak Allocated Bytes 54 B
      Overflow Count 0
    [ALLOC_TEMP_Job.Worker 12]
      Initial Block Size 256.0 KB
      Current Block Size 256.0 KB
      Peak Allocated Bytes 54 B
      Overflow Count 0
    [ALLOC_TEMP_Background Job.Worker 4]
      Initial Block Size 32.0 KB
      Current Block Size 32.0 KB
      Peak Allocated Bytes 54 B
      Overflow Count 0
    [ALLOC_TEMP_BatchDeleteObjects]
      Initial Block Size 64.0 KB
      Current Block Size 64.0 KB
      Peak Allocated Bytes 54 B
      Overflow Count 0
[ALLOC_DEFAULT] Dual Thread Allocator
  Peak main deferred allocation count 29882
    [ALLOC_BUCKET]
      Large Block size 4.0 MB
      Used Block count 1
      Peak Allocated bytes 4.0 MB
      Failed Allocations. Bucket layout:
        16B: 4 Subsections = 4096 buckets. Failed count: 27692
        32B: 33 Subsections = 16896 buckets. Failed count: 42582
        48B: 48 Subsections = 16384 buckets. Failed count: 85740
        64B: 39 Subsections = 9984 buckets. Failed count: 33936
        80B: 85 Subsections = 17408 buckets. Failed count: 22727
        96B: 31 Subsections = 5290 buckets. Failed count: 41470
        112B: 10 Subsections = 1462 buckets. Failed count: 10158
        128B: 6 Subsections = 768 buckets. Failed count: 8395
    [ALLOC_DEFAULT_MAIN]
      Peak usage frame count: [16.0 MB-32.0 MB]: 352 frames, [128.0 MB-256.0 MB]: 242 frames, [256.0 MB-0.50 GB]: 39 frames
      Requested Block Size 16.0 MB
      Peak Block count 26
      Peak Allocated memory 410.3 MB
      Peak Large allocation bytes 11.3 MB
    [ALLOC_DEFAULT_THREAD]
      Peak usage frame count: [4.0 MB-8.0 MB]: 1 frames, [8.0 MB-16.0 MB]: 377 frames, [16.0 MB-32.0 MB]: 4 frames, [32.0 MB-64.0 MB]: 212 frames, [128.0 MB-256.0 MB]: 39 frames
      Requested Block Size 16.0 MB
      Peak Block count 11
      Peak Allocated memory 162.7 MB
      Peak Large allocation bytes 0 B
[ALLOC_TEMP_JOB_1_FRAME]
  Initial Block Size 2.0 MB
  Used Block Count 0
  Overflow Count (too large) 0
  Overflow Count (full) 0
[ALLOC_TEMP_JOB_2_FRAMES]
  Initial Block Size 2.0 MB
  Used Block Count 0
  Overflow Count (too large) 0
  Overflow Count (full) 0
[ALLOC_TEMP_JOB_4_FRAMES (JobTemp)]
  Initial Block Size 2.0 MB
  Used Block Count 1
  Overflow Count (too large) 0
  Overflow Count (full) 0
[ALLOC_TEMP_JOB_ASYNC (Background)]
  Initial Block Size 1.0 MB
  Used Block Count 1
  Overflow Count (too large) 0
  Overflow Count (full) 0
[ALLOC_GFX] Dual Thread Allocator
  Peak main deferred allocation count 0
    [ALLOC_BUCKET]
      Large Block size 4.0 MB
      Used Block count 1
      Peak Allocated bytes 4.0 MB
      Failed Allocations. Bucket layout:
        16B: 4 Subsections = 4096 buckets. Failed count: 27692
        32B: 33 Subsections = 16896 buckets. Failed count: 42582
        48B: 48 Subsections = 16384 buckets. Failed count: 85740
        64B: 39 Subsections = 9984 buckets. Failed count: 33936
        80B: 85 Subsections = 17408 buckets. Failed count: 22727
        96B: 31 Subsections = 5290 buckets. Failed count: 41470
        112B: 10 Subsections = 1462 buckets. Failed count: 10158
        128B: 6 Subsections = 768 buckets. Failed count: 8395
    [ALLOC_GFX_MAIN]
      Peak usage frame count: [64.0 KB-128.0 KB]: 1 frames, [2.0 MB-4.0 MB]: 592 frames, [128.0 MB-256.0 MB]: 1 frames, [256.0 MB-0.50 GB]: 39 frames
      Requested Block Size 16.0 MB
      Peak Block count 22
      Peak Allocated memory 334.3 MB
      Peak Large allocation bytes 213.1 MB
    [ALLOC_GFX_THREAD]
      Peak usage frame count: [0-1.0 KB]: 632 frames, [1.0 KB-2.0 KB]: 1 frames
      Requested Block Size 16.0 MB
      Peak Block count 1
      Peak Allocated memory 1.2 KB
      Peak Large allocation bytes 0 B
[ALLOC_CACHEOBJECTS] Dual Thread Allocator
  Peak main deferred allocation count 101
    [ALLOC_BUCKET]
      Large Block size 4.0 MB
      Used Block count 1
      Peak Allocated bytes 4.0 MB
      Failed Allocations. Bucket layout:
        16B: 4 Subsections = 4096 buckets. Failed count: 27692
        32B: 33 Subsections = 16896 buckets. Failed count: 42582
        48B: 48 Subsections = 16384 buckets. Failed count: 85740
        64B: 39 Subsections = 9984 buckets. Failed count: 33936
        80B: 85 Subsections = 17408 buckets. Failed count: 22727
        96B: 31 Subsections = 5290 buckets. Failed count: 41470
        112B: 10 Subsections = 1462 buckets. Failed count: 10158
        128B: 6 Subsections = 768 buckets. Failed count: 8395
    [ALLOC_CACHEOBJECTS_MAIN]
      Peak usage frame count: [4.0 MB-8.0 MB]: 352 frames, [8.0 MB-16.0 MB]: 243 frames, [16.0 MB-32.0 MB]: 38 frames
      Requested Block Size 4.0 MB
      Peak Block count 5
      Peak Allocated memory 16.2 MB
      Peak Large allocation bytes 0 B
    [ALLOC_CACHEOBJECTS_THREAD]
      Peak usage frame count: [4.0 KB-8.0 KB]: 556 frames, [32.0 KB-64.0 KB]: 1 frames, [64.0 KB-128.0 KB]: 74 frames, [256.0 KB-0.5 MB]: 1 frames, [0.5 MB-1.0 MB]: 1 frames
      Requested Block Size 4.0 MB
      Peak Block count 1
      Peak Allocated memory 0.6 MB
      Peak Large allocation bytes 0 B
[ALLOC_TYPETREE] Dual Thread Allocator
  Peak main deferred allocation count 0
    [ALLOC_BUCKET]
      Large Block size 4.0 MB
      Used Block count 1
      Peak Allocated bytes 4.0 MB
      Failed Allocations. Bucket layout:
        16B: 4 Subsections = 4096 buckets. Failed count: 27692
        32B: 33 Subsections = 16896 buckets. Failed count: 42582
        48B: 48 Subsections = 16384 buckets. Failed count: 85740
        64B: 39 Subsections = 9984 buckets. Failed count: 33936
        80B: 85 Subsections = 17408 buckets. Failed count: 22727
        96B: 31 Subsections = 5290 buckets. Failed count: 41470
        112B: 10 Subsections = 1462 buckets. Failed count: 10158
        128B: 6 Subsections = 768 buckets. Failed count: 8395
    [ALLOC_TYPETREE_MAIN]
      Peak usage frame count: [4.0 KB-8.0 KB]: 1 frames, [8.0 KB-16.0 KB]: 351 frames, [32.0 KB-64.0 KB]: 281 frames
      Requested Block Size 2.0 MB
      Peak Block count 1
      Peak Allocated memory 50.0 KB
      Peak Large allocation bytes 0 B
    [ALLOC_TYPETREE_THREAD]
      Peak usage frame count: [0-1.0 KB]: 633 frames
      Requested Block Size 2.0 MB
      Peak Block count 0
      Peak Allocated memory 0 B
      Peak Large allocation bytes 0 B
