Mono path[0] = 'G:/SteamLibrary/steamapps/common/RimWorld/RimWorldWin64_Data/Managed'
Mono config path = 'G:/SteamLibrary/steamapps/common/RimWorld/MonoBleedingEdge/etc'
[PhysX] Initialized MultithreadedTaskDispatcher with 16 workers.
Initialize engine version: 2022.3.35f1 (011206c7a712)
[Subsystems] Discovering subsystems at path G:/SteamLibrary/steamapps/common/RimWorld/RimWorldWin64_Data/UnitySubsystems
GfxDevice: creating device client; threaded=0; jobified=0
Direct3D:
    Version:  Direct3D 11.0 [level 11.1]
    Renderer: NVIDIA GeForce RTX 4070 Ti SUPER (ID=0x2705)
    Vendor:   NVIDIA
    VRAM:     16061 MB
    Driver:   32.0.15.9186
Begin MonoManager ReloadAssembly
- Loaded All Assemblies, in  0.076 seconds
- Finished resetting the current domain, in  0.001 seconds
[PhysX] Initialized MultithreadedTaskDispatcher with 16 workers.
UnloadTime: 0.583900 ms
Command line arguments: -batchmode -screen-fullscreen 0 -screen-width 960 -screen-height 640 -savedatafolder=C:\Users\choco\AppData\Local\mapgen-ai-probe\profile-20260914-233447 -mapgenAIProbe=F:\Projects\Rimworld\active\mapgen_ai\docs\analysis\2026-09-14-feature-feedback\native-core-verified -logFile F:\Projects\Rimworld\active\mapgen_ai\docs\analysis\2026-09-14-feature-feedback\native-core-verified\Player.log -mapgenAIFeatureFeedback=true -mapgenAIFeedbackResponses=F:\Projects\Rimworld\active\mapgen_ai\docs\analysis\2026-09-14-feature-feedback\provider-core-selected
RimWorld 1.6.4871 rev591
Save data folder overridden to C:\Users\choco\AppData\Local\mapgen-ai-probe\profile-20260914-233447
Mod Draconis Koelime Fix dependency (Draconis.Koelime) needs to have <downloadUrl> and/or <steamWorkshopUrl> specified.
Mod Draconis Koelime Fix dependency (brrainz.harmony) needs to have <downloadUrl> and/or <steamWorkshopUrl> specified.
Mod World Domination dependency (vanillaexpanded.outposts) needs to have <downloadUrl> and/or <steamWorkshopUrl> specified.
Mod World Domination dependency (oskarpotocki.vanillafactionsexpanded.core) needs to have <downloadUrl> and/or <steamWorkshopUrl> specified.
Mod World Domination dependency (brrainz.harmony) needs to have <downloadUrl> and/or <steamWorkshopUrl> specified.
Mod Paniel: The Hidden Protocol dependency (kalospacer.AhnDemi.PanieltheAutomata) needs to have <downloadUrl> and/or <steamWorkshopUrl> specified.
Mod Yuran Furshaved Continue has a dependency (RooAndGloomy.YuranRaceMod) with empty display name.
Mod Yuran Furshaved Continue dependency (RooAndGloomy.YuranRaceMod) needs to have <downloadUrl> and/or <steamWorkshopUrl> specified.
Mod Roren Facial Animation dependency (Po210.RorenRaceModOfficial) needs to have <downloadUrl> and/or <steamWorkshopUrl> specified.
Mod Ratkin Gene Expanded dependency (EoralMilk.PawnTextureOffsetAdjuster) needs to have <downloadUrl> and/or <steamWorkshopUrl> specified.
Mod Taste of Vanilla - The Alpha Mythology dependency (sarg.magicalmenagerie) needs to have <downloadUrl> and/or <steamWorkshopUrl> specified.
Tried loading mod with the same packageId multiple times: Owlchemist.MidSaverSaver. Ignoring the duplicates.
G:\SteamLibrary\steamapps\workshop\content\294100\2921585989
G:\SteamLibrary\steamapps\workshop\content\294100\3261311100
Fallback handler could not load library G:/SteamLibrary/steamapps/common/RimWorld/RimWorldWin64_Data/MonoBleedingEdge/data-000001F92462A070.dll
Fallback handler could not load library G:/SteamLibrary/steamapps/common/RimWorld/RimWorldWin64_Data/MonoBleedingEdge/data-000001F9247110C0.dll
Fallback handler could not load library G:/SteamLibrary/steamapps/common/RimWorld/RimWorldWin64_Data/MonoBleedingEdge/data-000001F924C88020.dll
[TrueTerrainColors v1.12.26] Extracted true colors from 384 terrain defs in 0.05 seconds.
Unloading 5 Unused Serialized files (Serialized files now loaded: 5)
[MapGenAI] 저장된 이미지 지형이 손상되어 복구했습니다. 확인 후 다시 적용하세요. / Invalid saved image terrain was repaired; review before applying.
[MapGenAI] 저장된 이미지 지형이 손상되어 복구했습니다. 확인 후 다시 적용하세요. / Invalid saved image terrain was repaired; review before applying.
Unloading 99 unused Assets to reduce memory usage. Loaded Objects now: 26487.
Total: 148.687200 ms (FindLiveObjects: 1.148000 ms CreateObjectMapping: 0.374600 ms MarkObjects: 146.850100 ms  DeleteObjects: 0.314000 ms)

Unloading 3 Unused Serialized files (Serialized files now loaded: 5)
[PhysX] Initialized MultithreadedTaskDispatcher with 16 workers.
UnloadTime: 2.100500 ms
Unloading 3 unused Assets to reduce memory usage. Loaded Objects now: 26666.
Total: 135.546500 ms (FindLiveObjects: 1.964700 ms CreateObjectMapping: 0.461900 ms MarkObjects: 133.044200 ms  DeleteObjects: 0.074800 ms)

Initializing new game with mods:
  - brrainz.harmony
  - Ludeon.RimWorld
  - Ludeon.RimWorld.Royalty
  - Ludeon.RimWorld.Ideology
  - Ludeon.RimWorld.Biotech
  - Ludeon.RimWorld.Anomaly
  - Ludeon.RimWorld.Odyssey
  - m00nl1ght.MapPreview
  - choco.mapgenai.probe.20260914233447
Unloading 1 Unused Serialized files (Serialized files now loaded: 5)
[FeatureFeedbackProbe] real flat temperate/tropical fixture tiles
[FeatureFeedbackProbe] native natural-spawn preferences remain unchanged
[FeatureFeedbackProbe] explicit hot springs supported on flat temperate and tropical tiles
[FeatureFeedbackProbe] hot springs keep river/shore conflict restrictions
[FeatureFeedbackProbe] riverless delta still rejects
[FeatureFeedbackProbe] requested feature provenance follows active mod list
[MapGenAI] Applied state to tile 44
[MapGenAI] HandleResponse 원문: {"action":"ask","message":"'비옥한 화산 토양'과 '비옥한 비'는 현재 로드된 모드 및 게임 데이터에 등록되어 있지 않습니다.\n\n대신 다음과 같은 대체 기능을 사용할 수 있습니다:\n1. **비옥한 토양 증가**: `fertility_offset` 값을 높이거나 `Fertile`(비옥함) 특징을 추가\n2. **화산 지형 연출**: `VolcanicRock`(화산암), `CooledLava`(식은 용암) 지형 배치\n3. **날씨**: 비가 자주 내리는 `WetClimate`(습한 기후) 특징 추가\n\n이러한 대체 설정으로 구성을 진행해 드릴까요?"}
[MapGenAI] 파싱된 action: ask
[FeatureFeedbackProbe] followup: actual dialog agrees with provider result
[FeatureFeedbackProbe] followup: actual Undo/ask preserves previous state
[MapGenAI] Applied state to tile 44
[MapGenAI] Applied state to tile 45
[MapGenAI] HandleResponse 원문: {"action":"generate","description":"온천 특징 추가","params":{"mutators":["HotSprings"]}}
[MapGenAI] 파싱된 action: generate
[MapGenAI] Applied state to tile 45; 실제 타일 특징 / Tile features: +[HotSprings] −[]
[FeatureFeedbackProbe] hot-temperate: actual dialog agrees with provider result
[MapGenAI] Applied state to tile 45; 실제 타일 특징 / Tile features: +[] −[HotSprings]
[FeatureFeedbackProbe] hot-temperate: actual Undo/ask preserves previous state
[MapGenAI] Applied state to tile 45
[MapGenAI] Applied state to tile 1373
[MapGenAI] HandleResponse 원문: {"action":"generate","description":"온천을 추가합니다.","params":{"mutators":["HotSprings"]}}
[MapGenAI] 파싱된 action: generate
[MapGenAI] Applied state to tile 1373; 실제 타일 특징 / Tile features: +[HotSprings] −[]
[FeatureFeedbackProbe] hot-tropical: actual dialog agrees with provider result
[MapGenAI] Applied state to tile 1373; 실제 타일 특징 / Tile features: +[] −[HotSprings]
[FeatureFeedbackProbe] hot-tropical: actual Undo/ask preserves previous state
[MapGenAI] Applied state to tile 1373
[MapGenAI] Applied state to tile 96
[MapGenAI] HandleResponse 원문: {"action":"ask","message":"'비옥한 화산 토양'과 '비옥한 비'는 현재 게임에 로드된 지형 및 특징 목록에 존재하지 않습니다.\n\n대신 비옥도 관련 특징으로 비옥한 토양을 넓혀주는 **Fertile(비옥함)** 특징을 추가하거나, 토양 비옥도 오프셋(`fertility_offset`)을 높이고 시생나무(**ArcheanTrees**) 또는 습한 기후(**WetClimate**) 등을 적용해 드릴 수 있습니다. 이 대안으로 진행해 드릴까요?"}
[MapGenAI] 파싱된 action: ask
[FeatureFeedbackProbe] missing: actual dialog agrees with provider result
[FeatureFeedbackProbe] missing: actual Undo/ask preserves previous state
[MapGenAI] Applied state to tile 96
[MapGenAI] Applied state to tile 120
[MapGenAI] HandleResponse 원문: {"action":"ask","message":"'비옥한 화산 토양'과 '비옥한 비'는 현재 게임에 로드된 맵 특징 목록에 없습니다. 대신 맵 전체의 기름진 토양을 늘리는 'Fertile(비옥함)' 특징이나 비옥도 오프셋, 비가 자주 내리는 'WetClimate(습한 기후)', 화산 지형 느낌을 주는 'SteamGeysers_Increased(지열 활동 활발)' 또는 기름진 토양(SoilRich)/화산암(VolcanicRock) 바닥 배치 등으로 대체할 수 있습니다. 이 중 원하시는 조합이 있으신가요?"}
[MapGenAI] 파싱된 action: ask
[FeatureFeedbackProbe] repair: actual dialog agrees with provider result
[FeatureFeedbackProbe] repair: actual Undo/ask preserves previous state
[MapGenAI] Applied state to tile 120
[MapGenAI] Applied state to tile 23; 실제 타일 특징 / Tile features: +[HotSprings] −[]
[FeatureFeedbackProbe] hot-temperate: requested feature IDs actually added together
[FeatureFeedbackProbe] hot-temperate: actual native hot-spring water exists on flat land
[FeatureFeedbackProbe] hot-temperate: world hilliness and saved plan preserved
[MapGenAI] Applied state to tile 769; 실제 타일 특징 / Tile features: +[HotSprings] −[]
[FeatureFeedbackProbe] hot-tropical: requested feature IDs actually added together
[FeatureFeedbackProbe] hot-tropical: actual native hot-spring water exists on flat land
[FeatureFeedbackProbe] hot-tropical: world hilliness and saved plan preserved
[MapGenAI] Applied state to tile 45; 실제 타일 특징 / Tile features: +[HotSprings] −[]
[FeatureFeedbackProbe] model-hot-temperate: requested feature IDs actually added together
[FeatureFeedbackProbe] model-hot-temperate: actual native hot-spring water exists on flat land
[FeatureFeedbackProbe] model-hot-temperate: world hilliness and saved plan preserved
[MapGenAI] Applied state to tile 1373; 실제 타일 특징 / Tile features: +[HotSprings] −[]
[FeatureFeedbackProbe] model-hot-tropical: requested feature IDs actually added together
[FeatureFeedbackProbe] model-hot-tropical: actual native hot-spring water exists on flat land
[FeatureFeedbackProbe] model-hot-tropical: world hilliness and saved plan preserved
[MapGenAI] Applied state to tile 177; 실제 타일 특징 / Tile features: +[HotSprings] −[]
[FeatureFeedbackProbe] actual background preview completes for flat hot springs
[FeatureFeedbackProbe] preview preserves entire feature combination
Unloading 1 unused Assets to reduce memory usage. Loaded Objects now: 52476.
Total: 220.151900 ms (FindLiveObjects: 2.173600 ms CreateObjectMapping: 1.158900 ms MarkObjects: 216.737800 ms  DeleteObjects: 0.081200 ms)

Memory Statistics:
[ALLOC_TEMP_TLS] TLS Allocator
  StackAllocators : 
    [ALLOC_TEMP_MAIN]
      Peak usage frame count: [0-1.0 KB]: 565 frames, [1.0 KB-2.0 KB]: 1 frames, [2.0 KB-4.0 KB]: 1 frames, [16.0 KB-32.0 KB]: 1 frames, [32.0 KB-64.0 KB]: 1 frames, [128.0 KB-256.0 KB]: 1 frames, [2.0 MB-4.0 MB]: 3 frames
      Initial Block Size 4.0 MB
      Current Block Size 7.6 MB
      Peak Allocated Bytes 7.6 MB
      Overflow Count 1
    [ALLOC_TEMP_Loading.AsyncRead]
      Initial Block Size 64.0 KB
      Current Block Size 120.0 KB
      Peak Allocated Bytes 117.2 KB
      Overflow Count 0
    [ALLOC_TEMP_Loading.PreloadManager]
      Initial Block Size 256.0 KB
      Current Block Size 256.0 KB
      Peak Allocated Bytes 3.8 KB
      Overflow Count 8
    [ALLOC_TEMP_Background Job.Worker 8]
      Initial Block Size 32.0 KB
      Current Block Size 32.0 KB
      Peak Allocated Bytes 54 B
      Overflow Count 0
    [ALLOC_TEMP_Job.Worker 6]
      Initial Block Size 256.0 KB
      Current Block Size 256.0 KB
      Peak Allocated Bytes 0 B
      Overflow Count 0
    [ALLOC_TEMP_Job.Worker 0]
      Initial Block Size 256.0 KB
      Current Block Size 256.0 KB
      Peak Allocated Bytes 0 B
      Overflow Count 0
    [ALLOC_TEMP_Background Job.Worker 10]
      Initial Block Size 32.0 KB
      Current Block Size 32.0 KB
      Peak Allocated Bytes 54 B
      Overflow Count 0
    [ALLOC_TEMP_Background Job.Worker 9]
      Initial Block Size 32.0 KB
      Current Block Size 32.0 KB
      Peak Allocated Bytes 54 B
      Overflow Count 0
    [ALLOC_TEMP_Job.Worker 5]
      Initial Block Size 256.0 KB
      Current Block Size 256.0 KB
      Peak Allocated Bytes 16 B
      Overflow Count 0
    [ALLOC_TEMP_Background Job.Worker 14]
      Initial Block Size 32.0 KB
      Current Block Size 32.0 KB
      Peak Allocated Bytes 54 B
      Overflow Count 0
    [ALLOC_TEMP_Background Job.Worker 6]
      Initial Block Size 32.0 KB
      Current Block Size 32.0 KB
      Peak Allocated Bytes 54 B
      Overflow Count 0
    [ALLOC_TEMP_Job.Worker 4]
      Initial Block Size 256.0 KB
      Current Block Size 256.0 KB
      Peak Allocated Bytes 0 B
      Overflow Count 0
    [ALLOC_TEMP_Job.Worker 14]
      Initial Block Size 256.0 KB
      Current Block Size 256.0 KB
      Peak Allocated Bytes 54 B
      Overflow Count 0
    [ALLOC_TEMP_Job.Worker 3]
      Initial Block Size 256.0 KB
      Current Block Size 256.0 KB
      Peak Allocated Bytes 0 B
      Overflow Count 0
    [ALLOC_TEMP_Job.Worker 13]
      Initial Block Size 256.0 KB
      Current Block Size 256.0 KB
      Peak Allocated Bytes 54 B
      Overflow Count 0
    [ALLOC_TEMP_Background Job.Worker 12]
      Initial Block Size 32.0 KB
      Current Block Size 32.0 KB
      Peak Allocated Bytes 54 B
      Overflow Count 0
    [ALLOC_TEMP_EnlightenWorker] x 8
      Initial Block Size 64.0 KB
      Current Block Size 64.0 KB
      Peak Allocated Bytes 54 B
      Overflow Count 0
    [ALLOC_TEMP_Background Job.Worker 15]
      Initial Block Size 32.0 KB
      Current Block Size 32.0 KB
      Peak Allocated Bytes 54 B
      Overflow Count 0
    [ALLOC_TEMP_Background Job.Worker 1]
      Initial Block Size 32.0 KB
      Current Block Size 32.0 KB
      Peak Allocated Bytes 54 B
      Overflow Count 0
    [ALLOC_TEMP_Background Job.Worker 2]
      Initial Block Size 32.0 KB
      Current Block Size 32.0 KB
      Peak Allocated Bytes 54 B
      Overflow Count 0
    [ALLOC_TEMP_Background Job.Worker 7]
      Initial Block Size 32.0 KB
      Current Block Size 32.0 KB
      Peak Allocated Bytes 54 B
      Overflow Count 0
    [ALLOC_TEMP_AssetGarbageCollectorHelper] x 15
      Initial Block Size 64.0 KB
      Current Block Size 64.0 KB
      Peak Allocated Bytes 138 B
      Overflow Count 0
    [ALLOC_TEMP_Background Job.Worker 5]
      Initial Block Size 32.0 KB
      Current Block Size 32.0 KB
      Peak Allocated Bytes 54 B
      Overflow Count 0
    [ALLOC_TEMP_Job.Worker 9]
      Initial Block Size 256.0 KB
      Current Block Size 256.0 KB
      Peak Allocated Bytes 0 B
      Overflow Count 0
    [ALLOC_TEMP_Background Job.Worker 13]
      Initial Block Size 32.0 KB
      Current Block Size 32.0 KB
      Peak Allocated Bytes 54 B
      Overflow Count 0
    [ALLOC_TEMP_Job.Worker 8]
      Initial Block Size 256.0 KB
      Current Block Size 256.0 KB
      Peak Allocated Bytes 16 B
      Overflow Count 0
    [ALLOC_TEMP_Job.Worker 7]
      Initial Block Size 256.0 KB
      Current Block Size 256.0 KB
      Peak Allocated Bytes 0 B
      Overflow Count 0
    [ALLOC_TEMP_Job.Worker 1]
      Initial Block Size 256.0 KB
      Current Block Size 256.0 KB
      Peak Allocated Bytes 507 B
      Overflow Count 0
    [ALLOC_TEMP_Job.Worker 2]
      Initial Block Size 256.0 KB
      Current Block Size 256.0 KB
      Peak Allocated Bytes 348 B
      Overflow Count 0
    [ALLOC_TEMP_Background Job.Worker 3]
      Initial Block Size 32.0 KB
      Current Block Size 32.0 KB
      Peak Allocated Bytes 54 B
      Overflow Count 0
    [ALLOC_TEMP_Background Job.Worker 11]
      Initial Block Size 32.0 KB
      Current Block Size 32.0 KB
      Peak Allocated Bytes 54 B
      Overflow Count 0
    [ALLOC_TEMP_Job.Worker 10]
      Initial Block Size 256.0 KB
      Current Block Size 256.0 KB
      Peak Allocated Bytes 54 B
      Overflow Count 0
    [ALLOC_TEMP_Background Job.Worker 0]
      Initial Block Size 32.0 KB
      Current Block Size 32.0 KB
      Peak Allocated Bytes 54 B
      Overflow Count 0
    [ALLOC_TEMP_Job.Worker 11]
      Initial Block Size 256.0 KB
      Current Block Size 256.0 KB
      Peak Allocated Bytes 54 B
      Overflow Count 0
    [ALLOC_TEMP_Job.Worker 12]
      Initial Block Size 256.0 KB
      Current Block Size 256.0 KB
      Peak Allocated Bytes 54 B
      Overflow Count 0
    [ALLOC_TEMP_Background Job.Worker 4]
      Initial Block Size 32.0 KB
      Current Block Size 32.0 KB
      Peak Allocated Bytes 54 B
      Overflow Count 0
    [ALLOC_TEMP_BatchDeleteObjects]
      Initial Block Size 64.0 KB
      Current Block Size 64.0 KB
      Peak Allocated Bytes 54 B
      Overflow Count 0
[ALLOC_DEFAULT] Dual Thread Allocator
  Peak main deferred allocation count 41779
    [ALLOC_BUCKET]
      Large Block size 4.0 MB
      Used Block count 1
      Peak Allocated bytes 4.0 MB
      Failed Allocations. Bucket layout:
        16B: 4 Subsections = 4096 buckets. Failed count: 26259
        32B: 33 Subsections = 16896 buckets. Failed count: 40865
        48B: 48 Subsections = 16384 buckets. Failed count: 81824
        64B: 39 Subsections = 9984 buckets. Failed count: 32850
        80B: 85 Subsections = 17408 buckets. Failed count: 22121
        96B: 31 Subsections = 5290 buckets. Failed count: 41216
        112B: 10 Subsections = 1462 buckets. Failed count: 9891
        128B: 6 Subsections = 768 buckets. Failed count: 8052
    [ALLOC_DEFAULT_MAIN]
      Peak usage frame count: [16.0 MB-32.0 MB]: 327 frames, [128.0 MB-256.0 MB]: 245 frames, [256.0 MB-0.50 GB]: 1 frames
      Requested Block Size 16.0 MB
      Peak Block count 20
      Peak Allocated memory 310.9 MB
      Peak Large allocation bytes 11.3 MB
    [ALLOC_DEFAULT_THREAD]
      Peak usage frame count: [4.0 MB-8.0 MB]: 1 frames, [8.0 MB-16.0 MB]: 350 frames, [16.0 MB-32.0 MB]: 4 frames, [32.0 MB-64.0 MB]: 217 frames, [64.0 MB-128.0 MB]: 1 frames
      Requested Block Size 16.0 MB
      Peak Block count 8
      Peak Allocated memory 112.8 MB
      Peak Large allocation bytes 0 B
[ALLOC_TEMP_JOB_1_FRAME]
  Initial Block Size 2.0 MB
  Used Block Count 0
  Overflow Count (too large) 0
  Overflow Count (full) 0
[ALLOC_TEMP_JOB_2_FRAMES]
  Initial Block Size 2.0 MB
  Used Block Count 0
  Overflow Count (too large) 0
  Overflow Count (full) 0
[ALLOC_TEMP_JOB_4_FRAMES (JobTemp)]
  Initial Block Size 2.0 MB
  Used Block Count 1
  Overflow Count (too large) 0
  Overflow Count (full) 0
[ALLOC_TEMP_JOB_ASYNC (Background)]
  Initial Block Size 1.0 MB
  Used Block Count 1
  Overflow Count (too large) 0
  Overflow Count (full) 0
[ALLOC_GFX] Dual Thread Allocator
  Peak main deferred allocation count 0
    [ALLOC_BUCKET]
      Large Block size 4.0 MB
      Used Block count 1
      Peak Allocated bytes 4.0 MB
      Failed Allocations. Bucket layout:
        16B: 4 Subsections = 4096 buckets. Failed count: 26259
        32B: 33 Subsections = 16896 buckets. Failed count: 40865
        48B: 48 Subsections = 16384 buckets. Failed count: 81824
        64B: 39 Subsections = 9984 buckets. Failed count: 32850
        80B: 85 Subsections = 17408 buckets. Failed count: 22121
        96B: 31 Subsections = 5290 buckets. Failed count: 41216
        112B: 10 Subsections = 1462 buckets. Failed count: 9891
        128B: 6 Subsections = 768 buckets. Failed count: 8052
    [ALLOC_GFX_MAIN]
      Peak usage frame count: [64.0 KB-128.0 KB]: 1 frames, [2.0 MB-4.0 MB]: 570 frames, [128.0 MB-256.0 MB]: 2 frames
      Requested Block Size 16.0 MB
      Peak Block count 13
      Peak Allocated memory 216.6 MB
      Peak Large allocation bytes 213.1 MB
    [ALLOC_GFX_THREAD]
      Peak usage frame count: [0-1.0 KB]: 572 frames, [1.0 KB-2.0 KB]: 1 frames
      Requested Block Size 16.0 MB
      Peak Block count 1
      Peak Allocated memory 1.2 KB
      Peak Large allocation bytes 0 B
[ALLOC_CACHEOBJECTS] Dual Thread Allocator
  Peak main deferred allocation count 101
    [ALLOC_BUCKET]
      Large Block size 4.0 MB
      Used Block count 1
      Peak Allocated bytes 4.0 MB
      Failed Allocations. Bucket layout:
        16B: 4 Subsections = 4096 buckets. Failed count: 26259
        32B: 33 Subsections = 16896 buckets. Failed count: 40865
        48B: 48 Subsections = 16384 buckets. Failed count: 81824
        64B: 39 Subsections = 9984 buckets. Failed count: 32850
        80B: 85 Subsections = 17408 buckets. Failed count: 22121
        96B: 31 Subsections = 5290 buckets. Failed count: 41216
        112B: 10 Subsections = 1462 buckets. Failed count: 9891
        128B: 6 Subsections = 768 buckets. Failed count: 8052
    [ALLOC_CACHEOBJECTS_MAIN]
      Peak usage frame count: [4.0 MB-8.0 MB]: 327 frames, [8.0 MB-16.0 MB]: 246 frames
      Requested Block Size 4.0 MB
      Peak Block count 5
      Peak Allocated memory 15.8 MB
      Peak Large allocation bytes 0 B
    [ALLOC_CACHEOBJECTS_THREAD]
      Peak usage frame count: [4.0 KB-8.0 KB]: 531 frames, [32.0 KB-64.0 KB]: 1 frames, [64.0 KB-128.0 KB]: 39 frames, [256.0 KB-0.5 MB]: 1 frames, [0.5 MB-1.0 MB]: 1 frames
      Requested Block Size 4.0 MB
      Peak Block count 1
      Peak Allocated memory 0.6 MB
      Peak Large allocation bytes 0 B
[ALLOC_TYPETREE] Dual Thread Allocator
  Peak main deferred allocation count 0
    [ALLOC_BUCKET]
      Large Block size 4.0 MB
      Used Block count 1
      Peak Allocated bytes 4.0 MB
      Failed Allocations. Bucket layout:
        16B: 4 Subsections = 4096 buckets. Failed count: 26259
        32B: 33 Subsections = 16896 buckets. Failed count: 40865
        48B: 48 Subsections = 16384 buckets. Failed count: 81824
        64B: 39 Subsections = 9984 buckets. Failed count: 32850
        80B: 85 Subsections = 17408 buckets. Failed count: 22121
        96B: 31 Subsections = 5290 buckets. Failed count: 41216
        112B: 10 Subsections = 1462 buckets. Failed count: 9891
        128B: 6 Subsections = 768 buckets. Failed count: 8052
    [ALLOC_TYPETREE_MAIN]
      Peak usage frame count: [4.0 KB-8.0 KB]: 1 frames, [8.0 KB-16.0 KB]: 326 frames, [32.0 KB-64.0 KB]: 246 frames
      Requested Block Size 2.0 MB
      Peak Block count 1
      Peak Allocated memory 50.0 KB
      Peak Large allocation bytes 0 B
    [ALLOC_TYPETREE_THREAD]
      Peak usage frame count: [0-1.0 KB]: 573 frames
      Requested Block Size 2.0 MB
      Peak Block count 0
      Peak Allocated memory 0 B
      Peak Large allocation bytes 0 B
